=== BC GAME ===
Microsoft (R) QuickBASIC Compiler Version 4.50
(C) Copyright Microsoft Corporation 1982-1988.
All rights reserved.
Simultaneously published in the U.S. and Canada.

43917 Bytes Available
11748 Bytes Free

    0 Warning Error(s)
    0 Severe  Error(s)
=== BC GAME2 ===
Microsoft (R) QuickBASIC Compiler Version 4.50
(C) Copyright Microsoft Corporation 1982-1988.
All rights reserved.
Simultaneously published in the U.S. and Canada.

43917 Bytes Available
21491 Bytes Free

    0 Warning Error(s)
    0 Severe  Error(s)
=== BC GAME3 ===
Microsoft (R) QuickBASIC Compiler Version 4.50
(C) Copyright Microsoft Corporation 1982-1988.
All rights reserved.
Simultaneously published in the U.S. and Canada.

43917 Bytes Available
32916 Bytes Free

    0 Warning Error(s)
    0 Severe  Error(s)
=== BC GAME4 ===
Microsoft (R) QuickBASIC Compiler Version 4.50
(C) Copyright Microsoft Corporation 1982-1988.
All rights reserved.
Simultaneously published in the U.S. and Canada.

43917 Bytes Available
30383 Bytes Free

    0 Warning Error(s)
    0 Severe  Error(s)
=== BC GAME5 ===
Microsoft (R) QuickBASIC Compiler Version 4.50
(C) Copyright Microsoft Corporation 1982-1988.
All rights reserved.
Simultaneously published in the U.S. and Canada.

43917 Bytes Available
37930 Bytes Free

    0 Warning Error(s)
    0 Severe  Error(s)
=== BC GAME6 ===
Microsoft (R) QuickBASIC Compiler Version 4.50
(C) Copyright Microsoft Corporation 1982-1988.
All rights reserved.
Simultaneously published in the U.S. and Canada.

43917 Bytes Available
 6451 Bytes Free

    0 Warning Error(s)
    0 Severe  Error(s)
=== LINK ===

Microsoft (R) Overlay Linker  Version 3.69   
Copyright (C) Microsoft Corp 1983-1988.  All rights reserved.


=== DONE ===
