                                                                      PAGE   1
                                                                      11 Aug 26
                                                                      16:32:45
Offset  Data    Source Line      Microsoft (R) QuickBASIC Compiler Version 4.50

 0030   0006    DECLARE SUB JoyPoll (a2$, vk2$)
 0030   0006    '----- GAME4.BAS: menu / save / load UI module. Own 64K code se
                gment.
 0030   0006    '----- Pure library module (no COMMON SHARED). Holds the ESC ma
                in menu
 0030   0006    '----- (MainMenu), the dedicated Save and Load book screens (Sl
                otScreen,
 0030   0006    '----- SAVEBG/LOADBG.PIC), the themed yes/no dialog (DrawYNBox/
                YNBtn/YNWait)
 0030   0006    '----- and the per-slot stat painter (slDrawStat). Real file I/
                O is delegated
 0030   0006    '----- to SaveGame/LoadGame (GAME.BAS).
 0030   0006    
 0030   0006    TYPE RegType
 0030   0006            ax AS INTEGER
 0030   0006            bx AS INTEGER
 0030   0006            cx AS INTEGER
 0030   0006            dx AS INTEGER
 0030   0006            bp AS INTEGER
 0030   0006            si AS INTEGER
 0030   0006            di AS INTEGER
 0030   0006            flags AS INTEGER
 0030   0006            ds AS INTEGER
 0030   0006            es AS INTEGER
 0030   0006    END TYPE
 0030   0006    DECLARE SUB INTERRUPT (intnum AS INTEGER, inreg AS RegType, out
                reg AS RegType)
 0030   0006    DECLARE SUB drawText (x AS INTEGER, y AS INTEGER, text AS STRIN
                G, textColor AS INTEGER, fontData() AS INTEGER)
 0030   0006    DECLARE FUNCTION textWidth (text AS STRING, fontData() AS INTEG
                ER)
 0030   0006    DECLARE SUB DrawYNBox (msg AS STRING, dk AS INTEGER, fontData()
                 AS INTEGER)
 0030   0006    DECLARE SUB DlgLoad ()
 0030   0006    DECLARE SUB YNBtn (sel AS INTEGER, dk AS INTEGER)
 0030   0006    DECLARE SUB YNWait (mvint AS INTEGER, msen AS SINGLE, dk AS INT
                EGER, res AS INTEGER)
 0030   0006    DECLARE SUB SaveGame (slot AS INTEGER)
 0030   0006    DECLARE SUB LoadGame (slot AS INTEGER)
 0030   0006    DECLARE SUB ReviveShow (mvint AS INTEGER, msen AS SINGLE)
 0030   0006    DECLARE SUB SlotScreen (fontData() AS INTEGER, mvint AS INTEGER
                , msen AS SINGLE, mode AS INTEGER, dead AS INTEGER, act AS INTE
                GER)
 0030   0006    DECLARE FUNCTION slLoc$ (rq AS STRING)
 0030   0006    
 0030   0006    '----- per-slot occupancy (1 = has a save); set by slDrawStat, 
                read for overwrite/load confirms
 0030   0006    DIM SHARED slUsed(10) AS INTEGER
 0030   0006    '----- last slot saved/loaded; persists across SlotScreen opens
                 (reset by RUN/New Game)
 0030   0006    DIM SHARED slLast AS INTEGER
 0030   0006    '----- ESC main-menu art, parsed from disk ONCE per session (mn
                Ok flag):
 0030   0006    '----- mnArt = MENUMAIN.PCT (122x99 box, inventory palette), mn
                                                                      PAGE   2
                                                                      11 Aug 26
                                                                      16:32:45
Offset  Data    Source Line      Microsoft (R) QuickBASIC Compiler Version 4.50

                Lbl = MENULBL.PCT
 0030   0006    '----- (6 frames of 70 ints, 59x9 label cells: 1-4 = New Game/S
                ave/Load/Quit
 0030   0006    '----- not-selected, 5 = Save disabled, 6 = Load disabled). Dyn
                amic = far heap.
 0030   0006    '----- Placeholder size: module-level code never RUNS in a non-
                main module, so
 0030   0006    '----- the real REDIM to full size happens inside MainMenu on f
                irst open.
 0030   0006    REDIM SHARED mnArt(1) AS INTEGER
 004D   0030    REDIM SHARED mnLbl(1) AS INTEGER
 0065   0042    DIM SHARED mnOk AS INTEGER
 0065   0044    '----- themed yes/no dialog parts, parsed once by DlgLoad (dlgO
                k flag). ONE art
 0065   0044    '----- set: every dialog screen (ESC menu, save/load book, inve
                ntory quit) uses
 0065   0044    '----- the same palette layout (1=dkgray 2=ltgray 3=brown).
 0065   0044    '----- dlgCor = DLGCOR.PCT, 4x 9x9 corner scrolls (BL,BR,TL,TR)
                ;
 0065   0044    '----- dlgBtn = DLGBTN.PCT, 4x 16x10 buttons (yes-act, yes-inac
                t, no-act, no-inact);
 0065   0044    '----- dlgStr = DLGSTRK.PCT, 1x 91x3 ornament stroke
 0065   0044    REDIM SHARED dlgCor(1) AS INTEGER
 007D   0056    REDIM SHARED dlgBtn(1) AS INTEGER
 0095   0068    REDIM SHARED dlgStr(1) AS INTEGER
 00AD   007A    DIM SHARED dlgOk AS INTEGER
 00AD   007C    '----- orange slot selection ring (src/ART/SLRing.png via RING2
                .DAT): packed
 00AD   007C    '----- attr*10000 + dy*100 + dx pixels, 100x20 -- fits BOTH pag
                es' 82px slot
 00AD   007C    '----- boxes (rect at dx13-96, ornament hanging left); placehol
                der REDIM
 00AD   007C    REDIM SHARED rgL(1) AS INTEGER
 00C5   008E    DIM SHARED rgNL AS INTEGER, rgOk AS INTEGER
 00C5   0092    '----- revive message sprite (src/Revive.png -> REVIVE.DAT: cou
                nt n, then n
 00C5   0092    '----- sprite ints and n mask ints; ints 0/1 = width*2 and heig
                ht). Drawn the
 00C5   0092    '----- game's masked way: PUT mask AND, PUT sprite OR. Placehol
                der REDIMs.
 00C5   0092    REDIM SHARED rvArt(1) AS INTEGER
 00DD   00A4    REDIM SHARED rvMsk(1) AS INTEGER
 00F5   00B6    DIM SHARED rvOk AS INTEGER
 00F5   00B8    
 00F5   00B8    '----- map a saved room tag (q$) to a short location name shown
                 on the slot
 00F5   00B8    FUNCTION slLoc$ (rq AS STRING)
 0100   00B8            DIM hd$, nm$, q1 AS INTEGER, q2 AS INTEGER
 0100   00B8            IF rq = "" THEN
 0100   00B8                    slLoc$ = "?"
 0100   00B8            ELSEIF LEFT$(rq, 4) = "room" THEN
 0121   00B8                    nm$ = ""
 0121   00B8                    OPEN rq + ".pac" FOR INPUT AS #4
 0121   00B8                    LINE INPUT #4, hd$
                                                                      PAGE   3
                                                                      11 Aug 26
                                                                      16:32:45
Offset  Data    Source Line      Microsoft (R) QuickBASIC Compiler Version 4.50

 0170   00B8                    CLOSE #4
 0170   00B8                    q1 = INSTR(hd$, CHR$(34))
 0170   00B8                    IF q1 > 0 THEN
 0170   00B8                            q2 = INSTR(q1 + 1, hd$, CHR$(34))
 0170   00B8                            IF q2 > q1 + 1 THEN nm$ = MID$(hd$, q1 
                + 1, q2 - q1 - 1)
 01F2   00B8                    END IF
 01F2   00B8                    IF nm$ <> "" THEN slLoc$ = nm$ ELSE slLoc$ = "R
                oom " + MID$(rq, 5)
 0238   00B8            ELSE
 023B   00B8                    slLoc$ = rq
 023B   00B8            END IF
 0247   00B8    END FUNCTION
 026A   00B8    
 026A   00B8    '----- draw one slot's stats: Location + Progress%, or "- empty
                 -" for an unused slot.
 026A   00B8    '----- Also records slUsed(slot). Progress mirrors GAME3 drawSt
                ats.
 026A   00B8    SUB slDrawStat (slot AS INTEGER, sx AS INTEGER, sy AS INTEGER, 
                fontData() AS INTEGER)
 0275   00B8            DIM f$, sq$, sdn$, stt$, sa$, slf$
 0275   00B8            DIM scl AS SINGLE, spt AS SINGLE, sob AS INTEGER, j AS 
                INTEGER, pc AS INTEGER
 0275   00B8            '----- wipe the stat area (covers a previous "- empty -
                " on refresh)
 0275   00B8            LINE (sx - 1, sy - 1)-(sx + 56, sy + 12), 0, BF
 0275   00B8            f$ = "saver" + CHR$(slot + 96) + ".pac"
 0275   00B8            OPEN f$ FOR APPEND AS #2: CLOSE #2          ' ensure th
                e file exists (no truncate)
 0275   00B8            OPEN f$ FOR INPUT AS #2
 0275   00B8            IF EOF(2) THEN
 0275   00B8                    slUsed(slot) = 0
 0275   00B8                    CALL drawText(sx - 1, sy + 3, "- empty -", 2, f
                ontData())
 037F   00B8                    CLOSE #2: EXIT SUB
 037F   00B8            END IF
 038F   00B8            slUsed(slot) = 1
 038F   00B8            INPUT #2, sq$, scl, spt, sdn$, stt$, sa$, slf$
 03A5   00B8            pc = 0
 03A5   00B8            FOR j = 1 TO 65
 040E   00B8                    sob = 0: IF NOT EOF(2) THEN INPUT #2, sob
 043F   00B8                    IF j <= 51 AND sob >= 1 THEN pc = pc + 1
 045F   00B8                    IF j = 35 AND sob >= 1 THEN pc = pc + 2
 0480   00B8                    IF j = 36 AND sob >= 1 THEN pc = pc + 2
 04A1   00B8            NEXT j
 04B0   00B8            CLOSE #2
 04B0   00B8            pc = CINT(pc * 100 / 47)
 04B0   00B8            CALL drawText(sx - 1, sy - 1, slLoc$(sq$), 2, fontData(
                ))
 0517   00B8            CALL drawText(sx - 1, sy + 6, LTRIM$(STR$(pc)) + "% don
                e", 2, fontData())
 0573   00B8    END SUB
 05BA   00B8    
 05BA   00B8    '----- SlotScreen: dedicated Save (mode 1) or Load (mode 2) scr
                                                                      PAGE   4
                                                                      11 Aug 26
                                                                      16:32:45
Offset  Data    Source Line      Microsoft (R) QuickBASIC Compiler Version 4.50

                een on the book
 05BA   00B8    '----- background (SAVEBG/LOADBG.PIC; palette 1=dkgray 2=ltgray
                 3=brown).
 05BA   00B8    '----- 10 slots: 1-5 on the left page (x60-159), 6-0 on the rig
                ht (x170-263),
 05BA   00B8    '----- rows y = 37 + 22*row, 20 tall. Arrows / number keys / cl
                ick select a
 05BA   00B8    '----- slot; Enter, Space, a DOUBLE-click, the action button or
                 its S/L key
 05BA   00B8    '----- fires it (save = overwrite confirm when the slot is used
                , load =
 05BA   00B8    '----- lost-progress confirm unless dead).
 05BA   00B8    '----- Buttons under the book: Back (X or Esc) at 109-151, the 
                screen's action
 05BA   00B8    '----- button (Save S / Load L) at 168-210, both y178-194. Swit
                ching screens =
 05BA   00B8    '----- Back to the menu and pick the other.
 05BA   00B8    '----- act out: 1 = a game was LOADED, 0 = Back (caller decides
                 what's behind).
 05BA   00B8    SUB SlotScreen (fontData() AS INTEGER, mvint AS INTEGER, msen A
                S SINGLE, mode AS INTEGER, dead AS INTEGER, act AS INTEGER)
 05C5   00B8            DIM mr AS RegType, mo AS RegType
 05C5   00B8            DIM cbuf(40) AS INTEGER
 05DD   00B8            DIM sel AS INTEGER, i AS INTEGER, done AS INTEGER, mlb 
                AS INTEGER, cdrn AS INTEGER
 05DD   00B8            DIM mx AS INTEGER, my AS INTEGER, nmx AS INTEGER, nmy A
                S INTEGER
 05DD   00B8            DIM ns AS INTEGER, k$, cyn AS INTEGER
 05DD   00B8            DIM sgi AS INTEGER, sgx1 AS INTEGER, sgy1 AS INTEGER, s
                gx2 AS INTEGER, sgy2 AS INTEGER, sgtx AS INTEGER
 05DD   00B8            DIM dcs AS INTEGER, dct AS SINGLE, rp AS INTEGER, rgo A
                S INTEGER
 05DD   00B8            REDIM srb(300) AS INTEGER
 05F6   00B8    
 05F6   00B8            '----- parse the selection-ring pixel list once per ses
                sion
 05F6   00B8            IF rgOk <> 1 THEN
 05F6   00B8                    REDIM rgL(400) AS INTEGER
 0618   00B8                    OPEN "RING2.DAT" FOR INPUT AS #2
 0618   00B8                    INPUT #2, rgNL
 0636   00B8                    FOR i = 1 TO rgNL: INPUT #2, rgL(i): NEXT
 0684   00B8                    CLOSE #2
 0684   00B8                    rgOk = 1
 0684   00B8            END IF
 0697   00B8    
 0697   00B8            '----- mlb starts PRESSED so the click/keypress that op
                ened this screen
 0697   00B8            '----- doesn't re-register here
 0697   00B8            act = 0: done = 0: mlb = 1: cdrn = 0: dcs = 0: dct = 0
 0697   00B8            sel = 1: IF slLast >= 1 AND slLast <= 10 THEN sel = slL
                ast
 06E7   00B8            SCREEN 1
 06E7   00B8            GOSUB ssall
 06FD   00B8            IF msen = 1 THEN
                                                                      PAGE   5
                                                                      11 Aug 26
                                                                      16:32:45
Offset  Data    Source Line      Microsoft (R) QuickBASIC Compiler Version 4.50

 06FD   00B8                    mr.ax = 2: CALL INTERRUPT(mvint, mr, mo)
 0729   00B8                    mr.ax = 3: CALL INTERRUPT(mvint, mr, mo)
 073E   00B8                    mx = mo.cx \ 2: my = mo.dx
 073E   00B8                    IF mx > 312 THEN mx = 312 ELSE IF mx < 0 THEN m
                x = 0
 0770   00B8                    IF my > 192 THEN my = 192 ELSE IF my < 0 THEN m
                y = 0
 0790   00B8                    GOSUB ssdrawcur
 0798   00B8            END IF
 0798   00B8    
 0798   00B8            sswait:
 0798   00B8            k$ = INKEY$
 0798   00B8            IF k$ <> "" THEN GOSUB sskey
 07C6   00B8            IF done = 0 AND msen = 1 THEN
 07C6   00B8                    mr.ax = 3: CALL INTERRUPT(mvint, mr, mo)
 0808   00B8                    nmx = mo.cx \ 2: nmy = mo.dx
 0808   00B8                    IF nmx > 312 THEN nmx = 312 ELSE IF nmx < 0 THE
                N nmx = 0
 083A   00B8                    IF nmy > 192 THEN nmy = 192 ELSE IF nmy < 0 THE
                N nmy = 0
 085A   00B8                    IF nmx <> mx OR nmy <> my THEN GOSUB sserase: m
                x = nmx: my = nmy: GOSUB ssdrawcur
 0897   00B8                    IF (mo.bx AND 1) <> 0 AND mlb = 0 THEN GOSUB ss
                click
 08C0   00B8                    mlb = (mo.bx AND 1)
 08C0   00B8            END IF
 08C9   00B8            IF done = 0 THEN GOTO sswait
 08D2   00B8            IF msen = 1 THEN GOSUB sserase
 08F1   00B8            EXIT SUB
 08F1   00B8    
 08F1   00B8            '----- full redraw: background by mode, palette, slot s
                tats, selection ring
 08F1   00B8            ssall:
 08F4   00B8            IF mode = 1 THEN
 08F4   00B8                    DEF SEG = &HB800: BLOAD "SAVEBG.PIC", 0: DEF SE
                G
 08F4   00B8            ELSE
 0925   00B8                    DEF SEG = &HB800: BLOAD "LOADBG.PIC", 0: DEF SE
                G
 0925   00B8            END IF
 0943   00B8            PALETTE 1, 8: PALETTE 2, 7: PALETTE 3, 6
 0943   00B8            FOR i = 1 TO 10
 0976   00B8                    sgi = i: GOSUB ssgeo
 0981   00B8                    CALL slDrawStat(i, sgtx, sgy1 + 4, fontData())
 09A0   00B8            NEXT
 09AC   00B8            GOSUB ssring
 09B4   00B8            RETURN
 09B4   00B8    
 09B4   00B8            '----- slot geometry: sgi in -> box rect + stat text x 
                (text anchored so the
 09B4   00B8            '----- wipe rect stays inside each pill's black interio
                r: left 88-146, right 190-248)
 09B4   00B8            ssgeo:
 09B9   00B8            IF sgi <= 5 THEN sgx1 = 60: sgx2 = 159: sgtx = 90 ELSE 
                                                                      PAGE   6
                                                                      11 Aug 26
                                                                      16:32:45
Offset  Data    Source Line      Microsoft (R) QuickBASIC Compiler Version 4.50

                sgx1 = 170: sgx2 = 263: sgtx = 192
 09E8   00B8            sgy1 = 37 + ((sgi - 1) MOD 5) * 22
 09E8   00B8            sgy2 = sgy1 + 19
 09E8   00B8            RETURN
 09E8   00B8    
 09E8   00B8            '----- selection ring: the classic orange ring sprite, 
                PSET over the slot
 09E8   00B8            '----- after a save-under GET (erase = PUT it back). On
                e ring fits both
 09E8   00B8            '----- pages (equal 82px slot boxes); the draw origin p
                uts its rectangle
 09E8   00B8            '----- flush around the box with the diamond ornament h
                anging left of it.
 09E8   00B8            '----- Left page box starts at x68 -> origin 54; right 
                box at x170 -> 156.
 09E8   00B8            ssring:
 0A0A   00B8            sgi = sel: GOSUB ssgeo
 0A1D   00B8            rgo = 6: IF sel > 5 THEN rgo = 14
 0A30   00B8            GET (sgx1 - rgo, sgy1)-(sgx1 - rgo + 99, sgy2), srb
 0A30   00B8            FOR i = 1 TO rgNL
 0A72   00B8                    rp = rgL(i)
 0A72   00B8                    PSET (sgx1 - rgo + rp MOD 100, sgy1 + (rp \ 100
                ) MOD 100), rp \ 10000
 0A72   00B8            NEXT
 0AC0   00B8            RETURN
 0AC0   00B8            ssunring:
 0AC5   00B8            sgi = sel: GOSUB ssgeo
 0AD8   00B8            rgo = 6: IF sel > 5 THEN rgo = 14
 0AEB   00B8            PUT (sgx1 - rgo, sgy1), srb, PSET
 0AEB   00B8            RETURN
 0AEB   00B8    
 0AEB   00B8            '----- move the selection to ns (1-10)
 0AEB   00B8            ssmove:
 0B15   00B8            IF ns < 1 OR ns > 10 OR ns = sel THEN RETURN
 0B4A   00B8            IF msen = 1 THEN GOSUB sserase
 0B69   00B8            GOSUB ssunring
 0B71   00B8            sel = ns
 0B71   00B8            GOSUB ssring
 0B7F   00B8            IF msen = 1 THEN GOSUB ssdrawcur
 0B9E   00B8            RETURN
 0B9E   00B8    
 0B9E   00B8            '----- keys: Esc/X back, Enter/Space/S(save)/L(load) fi
                re, digits jump,
 0B9E   00B8            '----- arrows move (up/down within the page, left/right
                 across pages)
 0B9E   00B8            sskey:
 0BA3   00B8            IF k$ = CHR$(27) OR k$ = "x" OR k$ = "X" THEN act = 0: 
                done = 1: RETURN
 0C13   00B8            IF k$ = CHR$(13) OR k$ = " " THEN GOSUB ssfire: RETURN
 0C5D   00B8            IF mode = 1 AND (k$ = "s" OR k$ = "S") THEN GOSUB ssfir
                e: RETURN
 0CB7   00B8            IF mode = 2 AND (k$ = "l" OR k$ = "L") THEN GOSUB ssfir
                e: RETURN
 0D11   00B8            ns = 0
                                                                      PAGE   7
                                                                      11 Aug 26
                                                                      16:32:45
Offset  Data    Source Line      Microsoft (R) QuickBASIC Compiler Version 4.50

 0D11   00B8            IF k$ >= "1" AND k$ <= "9" THEN ns = ASC(k$) - 48
 0D5C   00B8            IF k$ = "0" THEN ns = 10
 0D73   00B8            IF k$ = CHR$(0) + CHR$(72) THEN ns = sel - 1: IF ns < 1
                 THEN ns = 1
 0DAE   00B8            IF k$ = CHR$(0) + CHR$(80) THEN ns = sel + 1: IF ns > 1
                0 THEN ns = 10
 0DE9   00B8            IF k$ = CHR$(0) + CHR$(75) THEN IF sel > 5 THEN ns = se
                l - 5
 0E22   00B8            IF k$ = CHR$(0) + CHR$(77) THEN IF sel <= 5 THEN ns = s
                el + 5
 0E5B   00B8            IF ns > 0 THEN GOSUB ssmove
 0E6C   00B8            RETURN
 0E6C   00B8    
 0E6C   00B8            '----- click: the buttons under the book, or a slot (se
                lect; double-click fires)
 0E6C   00B8            ssclick:
 0E71   00B8            IF my >= 178 AND my <= 194 THEN
 0E71   00B8                    IF mx >= 109 AND mx <= 151 THEN act = 0: done =
                 1
 0EBF   00B8                    IF mx >= 168 AND mx <= 210 THEN GOSUB ssfire
 0EE6   00B8                    RETURN
 0EE6   00B8            END IF
 0EEB   00B8            FOR i = 1 TO 10
 0EF2   00B8                    sgi = i: GOSUB ssgeo
 0EFD   00B8                    IF mx >= sgx1 AND mx <= sgx2 AND my >= sgy1 AND
                 my <= sgy2 THEN
 0EFD   00B8                            IF i = sel AND dcs = i AND TIMER - dct 
                >= 0 AND TIMER - dct < .45 THEN
 0EFD   00B8                                    dcs = 0
 0EFD   00B8                                    GOSUB ssfire
 0FB8   00B8                            ELSE
 0FBB   00B8                                    ns = i: GOSUB ssmove
 0FC9   00B8                                    dcs = i: dct = TIMER
 0FC9   00B8                            END IF
 0FDF   00B8                            i = 10
 0FDF   00B8                    END IF
 0FE4   00B8            NEXT
 0FF3   00B8            RETURN
 0FF3   00B8    
 0FF3   00B8            '----- fire the selected slot: save to it / load from i
                t (with confirms)
 0FF3   00B8            ssfire:
 0FF8   00B8            IF mode = 1 THEN
 0FF8   00B8                    cyn = 1
 0FF8   00B8                    IF slUsed(sel) = 1 THEN
 0FF8   00B8                            IF msen = 1 THEN GOSUB sserase
 103B   00B8                            CALL DrawYNBox("Overwrite this slot?", 
                1, fontData())
 106B   00B8                            CALL YNWait(mvint, msen, 1, cyn)
 1085   00B8                    END IF
 1085   00B8                    IF cyn = 1 THEN CALL SaveGame(sel): slLast = se
                l
 109D   00B8                    IF msen = 1 THEN GOSUB sserase
 10BC   00B8                    GOSUB ssall
                                                                      PAGE   8
                                                                      11 Aug 26
                                                                      16:32:45
Offset  Data    Source Line      Microsoft (R) QuickBASIC Compiler Version 4.50

 10C4   00B8                    IF msen = 1 THEN GOSUB ssdrawcur
 10E3   00B8                    mlb = 1
 10E3   00B8            ELSE
 10EB   00B8                    IF slUsed(sel) = 0 THEN RETURN
 10FF   00B8                    cyn = 1
 10FF   00B8                    IF dead = 0 THEN
 10FF   00B8                            IF msen = 1 THEN GOSUB sserase
 112E   00B8                            CALL DrawYNBox("Load? unsaved game lost
                .", 1, fontData())
 115E   00B8                            CALL YNWait(mvint, msen, 1, cyn)
 1178   00B8                    END IF
 1178   00B8                    IF cyn = 1 THEN
 1178   00B8                            CALL LoadGame(sel)
 118A   00B8                            slLast = sel
 118A   00B8                            act = 1: done = 1
 118A   00B8                    ELSE
 119F   00B8                            IF msen = 1 THEN GOSUB sserase
 11BE   00B8                            GOSUB ssall
 11C6   00B8                            IF msen = 1 THEN GOSUB ssdrawcur
 11E5   00B8                            mlb = 1
 11E5   00B8                    END IF
 11EA   00B8            END IF
 11EA   00B8            RETURN
 11EA   00B8    
 11EA   00B8            '----- self-drawn NW-arrow cursor with save-under (same
                 art as the other screens)
 11EA   00B8            ssdrawcur:
 11EF   00B8            GET (mx, my)-(mx + 5, my + 7), cbuf
 11EF   00B8            PSET (mx, my), 3
 11EF   00B8            PSET (mx, my + 1), 3: PSET (mx + 1, my + 1), 3
 11EF   00B8            PSET (mx, my + 2), 3: PSET (mx + 2, my + 2), 3
 11EF   00B8            PSET (mx, my + 3), 3: PSET (mx + 3, my + 3), 3
 11EF   00B8            PSET (mx, my + 4), 3: PSET (mx + 4, my + 4), 3
 11EF   00B8            PSET (mx, my + 5), 3: PSET (mx + 2, my + 5), 3: PSET (m
                x + 3, my + 5), 3
 11EF   00B8            PSET (mx, my + 6), 3: PSET (mx + 1, my + 6), 3
 11EF   00B8            PSET (mx + 1, my + 2), 2
 11EF   00B8            PSET (mx + 1, my + 3), 2: PSET (mx + 2, my + 3), 2
 11EF   00B8            PSET (mx + 1, my + 4), 2: PSET (mx + 2, my + 4), 2: PSE
                T (mx + 3, my + 4), 2
 11EF   00B8            PSET (mx + 1, my + 5), 2
 11EF   00B8            cdrn = 1
 11EF   00B8            RETURN
 11EF   00B8            sserase:
 142F   00B8            IF cdrn = 1 THEN PUT (mx, my), cbuf, PSET
 145B   00B8            cdrn = 0
 145B   00B8            RETURN
 145B   00B8    END SUB
 1489   00B8    
 1489   00B8    '----- shared yes/no modal window (dark theme, matches the main
                 menu): nested
 1489   00B8    '----- outlines (dkgray, black, dkgray, ltgray, black interior)
                , 9x9 corner
 1489   00B8    '----- scrolls, ltgray message, ornament stroke, art Yes/No but
                                                                      PAGE   9
                                                                      11 Aug 26
                                                                      16:32:45
Offset  Data    Source Line      Microsoft (R) QuickBASIC Compiler Version 4.50

                tons (Yes drawn
 1489   00B8    '----- active). dk = the active palette's dark-gray attr: 3 on 
                the inventory /
 1489   00B8    '----- main-menu palette, 1 on the save/load screen (also selec
                ts the
 1489   00B8    '----- attr-swapped art variant). Buttons sit centered as a pai
                r (16x10 art at
 1489   00B8    '----- 138/166): hit zones Yes 132-158, No 161-187, y 105-117 (
                plus the legacy
 1489   00B8    '----- 260-270/80-87 = No).
 1489   00B8    SUB DrawYNBox (msg AS STRING, dk AS INTEGER, fontData() AS INTE
                GER)
 1494   00B8            CALL DlgLoad
 1499   00B8            LINE (44, 76)-(276, 124), dk, B
 1499   00B8            LINE (45, 77)-(275, 123), 0, B
 1499   00B8            LINE (46, 78)-(274, 122), dk, B
 1499   00B8            LINE (47, 79)-(273, 121), 2, B
 1499   00B8            LINE (48, 80)-(272, 120), 0, BF
 1499   00B8            PUT (44, 116), dlgCor(0), PSET
 1499   00B8            PUT (268, 116), dlgCor(16), PSET
 1499   00B8            PUT (44, 76), dlgCor(32), PSET
 1499   00B8            PUT (268, 76), dlgCor(48), PSET
 1499   00B8            CALL drawText(160 - textWidth(msg, fontData()) \ 2, 85,
                 msg, 2, fontData())
 164D   00B8            PUT (115, 96), dlgStr(0), PSET
 164D   00B8            CALL YNBtn(1, dk)
 1682   00B8    END SUB
 168A   00B8    
 168A   00B8    '----- parse the dialog part sprites from disk once (see the dl
                g* notes up top)
 168A   00B8    SUB DlgLoad
 1695   00B8            DIM i AS INTEGER
 1695   00B8            IF dlgOk = 1 THEN EXIT SUB
 169F   00B8            REDIM dlgCor(63) AS INTEGER
 16B7   00B8            REDIM dlgBtn(87) AS INTEGER
 16CF   00B8            REDIM dlgStr(36) AS INTEGER
 16E7   00B8            OPEN "DLGCOR.PCT" FOR INPUT AS #2
 16E7   00B8            FOR i = 0 TO 15
 1702   00B8                    INPUT #2, dlgCor(i), dlgCor(16 + i), dlgCor(32 
                + i), dlgCor(48 + i)
 170B   00B8            NEXT
 1773   00B8            CLOSE #2
 1773   00B8            OPEN "DLGBTN.PCT" FOR INPUT AS #2
 1773   00B8            FOR i = 0 TO 21
 179A   00B8                    INPUT #2, dlgBtn(i), dlgBtn(22 + i), dlgBtn(44 
                + i), dlgBtn(66 + i)
 17A3   00B8            NEXT
 180C   00B8            CLOSE #2
 180C   00B8            OPEN "DLGSTRK.PCT" FOR INPUT AS #2
 180C   00B8            FOR i = 0 TO 36
 1834   00B8                    INPUT #2, dlgStr(i)
 183D   00B8            NEXT
 1863   00B8            CLOSE #2
 1863   00B8            dlgOk = 1
                                                                      PAGE  10
                                                                      11 Aug 26
                                                                      16:32:45
Offset  Data    Source Line      Microsoft (R) QuickBASIC Compiler Version 4.50

 1863   00B8    END SUB
 187E   00B8    
 187E   00B8    '----- modal wait on an ALREADY-DRAWN yes/no dialog (DrawYNBox)
                , with its own
 187E   00B8    '----- self-drawn cursor: hover/arrows move the active-button h
                ighlight,
 187E   00B8    '----- Enter/Space fire the active button, Y/N/Esc answer direc
                tly, clicks use
 187E   00B8    '----- the classic zones. dk as in DrawYNBox. res out: 1 = Yes,
                 0 = No.
 187E   00B8    '----- Used by GAME.BAS QuitConfirm (kept tiny for the 64K code
                 ceiling).
 187E   00B8    SUB YNWait (mvint AS INTEGER, msen AS SINGLE, dk AS INTEGER, re
                s AS INTEGER)
 1889   00B8            DIM mr AS RegType, mo AS RegType
 1889   00B8            DIM cbuf(40) AS INTEGER
 18A1   00B8            DIM mx AS INTEGER, my AS INTEGER, nmx AS INTEGER, nmy A
                S INTEGER
 18A1   00B8            DIM sel AS INTEGER, nyn AS INTEGER, cdrn AS INTEGER
 18A1   00B8            DIM k$
 18A1   00B8            res = -1: sel = 1: cdrn = 0
 18A1   00B8            IF msen = 1 THEN
 18A1   00B8                    '----- let the opening click release so it does
                n't carry into Yes/No
 18A1   00B8                    DO
 18CA   00B8                            mr.ax = 3: CALL INTERRUPT(mvint, mr, mo
                )
 18DF   00B8                    LOOP WHILE (mo.bx AND 1) <> 0
 18DF   00B8                    mx = mo.cx \ 2: my = mo.dx
 18DF   00B8                    IF mx > 312 THEN mx = 312 ELSE IF mx < 0 THEN m
                x = 0
 191B   00B8                    IF my > 192 THEN my = 192 ELSE IF my < 0 THEN m
                y = 0
 193B   00B8                    GOSUB ynwdraw
 1943   00B8            END IF
 1943   00B8            ynwloop:
 1943   00B8            nyn = 0
 1943   00B8            k$ = INKEY$
 1943   00B8            IF k$ = "y" OR k$ = "Y" THEN res = 1
 1998   00B8            IF k$ = "n" OR k$ = "N" OR k$ = CHR$(27) THEN res = 0
 19F5   00B8            IF k$ = CHR$(0) + CHR$(75) THEN nyn = 1
 1A21   00B8            IF k$ = CHR$(0) + CHR$(77) THEN nyn = 2
 1A4D   00B8            IF k$ = CHR$(13) OR k$ = " " THEN IF sel = 1 THEN res =
                 1 ELSE res = 0
 1AA2   00B8            IF msen = 1 THEN
 1AA2   00B8                    mr.ax = 3: CALL INTERRUPT(mvint, mr, mo)
 1ACE   00B8                    nmx = mo.cx \ 2: nmy = mo.dx
 1ACE   00B8                    IF nmx > 312 THEN nmx = 312 ELSE IF nmx < 0 THE
                N nmx = 0
 1B00   00B8                    IF nmy > 192 THEN nmy = 192 ELSE IF nmy < 0 THE
                N nmy = 0
 1B20   00B8                    IF nmx <> mx OR nmy <> my THEN GOSUB ynwerase: 
                mx = nmx: my = nmy: GOSUB ynwdraw
 1B5D   00B8                    IF my >= 105 AND my <= 117 THEN
                                                                      PAGE  11
                                                                      11 Aug 26
                                                                      16:32:45
Offset  Data    Source Line      Microsoft (R) QuickBASIC Compiler Version 4.50

 1B5D   00B8                            IF mx >= 132 AND mx <= 158 THEN nyn = 1
 1B9E   00B8                            IF mx >= 161 AND mx <= 187 THEN nyn = 2
 1BC2   00B8                    END IF
 1BC2   00B8                    IF (mo.bx AND 1) <> 0 THEN
 1BC2   00B8                            IF my >= 105 AND my <= 117 AND mx >= 13
                2 AND mx <= 158 THEN res = 1
 1C0D   00B8                            IF my >= 105 AND my <= 117 AND mx >= 16
                1 AND mx <= 187 THEN res = 0
 1C4B   00B8                            IF my >= 80 AND my <= 87 AND mx >= 260 
                AND mx <= 270 THEN res = 0
 1C89   00B8                    END IF
 1C89   00B8            END IF
 1C89   00B8            '----- hover / arrows move the active-button highlight
 1C89   00B8            IF nyn > 0 AND nyn <> sel THEN
 1C89   00B8                    sel = nyn
 1C89   00B8                    GOSUB ynwerase
 1CB8   00B8                    CALL YNBtn(sel, dk)
 1CC4   00B8                    GOSUB ynwdraw
 1CCC   00B8            END IF
 1CCC   00B8            IF res = -1 THEN GOTO ynwloop
 1CD7   00B8            GOSUB ynwerase
 1CDF   00B8            EXIT SUB
 1CDF   00B8    
 1CDF   00B8            '----- self-drawn NW-arrow cursor with save-under (same
                 art as the save/load screen's)
 1CDF   00B8            ynwdraw:
 1CE2   00B8            IF msen <> 1 THEN RETURN
 1D03   00B8            GET (mx, my)-(mx + 5, my + 7), cbuf
 1D03   00B8            PSET (mx, my), 3
 1D03   00B8            PSET (mx, my + 1), 3: PSET (mx + 1, my + 1), 3
 1D03   00B8            PSET (mx, my + 2), 3: PSET (mx + 2, my + 2), 3
 1D03   00B8            PSET (mx, my + 3), 3: PSET (mx + 3, my + 3), 3
 1D03   00B8            PSET (mx, my + 4), 3: PSET (mx + 4, my + 4), 3
 1D03   00B8            PSET (mx, my + 5), 3: PSET (mx + 2, my + 5), 3: PSET (m
                x + 3, my + 5), 3
 1D03   00B8            PSET (mx, my + 6), 3: PSET (mx + 1, my + 6), 3
 1D03   00B8            PSET (mx + 1, my + 2), 2
 1D03   00B8            PSET (mx + 1, my + 3), 2: PSET (mx + 2, my + 3), 2
 1D03   00B8            PSET (mx + 1, my + 4), 2: PSET (mx + 2, my + 4), 2: PSE
                T (mx + 3, my + 4), 2
 1D03   00B8            PSET (mx + 1, my + 5), 2
 1D03   00B8            cdrn = 1
 1D03   00B8            RETURN
 1D03   00B8            ynwerase:
 1F1D   00B8            IF cdrn = 1 THEN PUT (mx, my), cbuf, PSET
 1F49   00B8            cdrn = 0
 1F49   00B8            RETURN
 1F49   00B8    END SUB
 1F6D   00B8    
 1F6D   00B8    '----- ReviveShow: after a revive=1 timer death restores the te
                mp save, show
 1F6D   00B8    '----- the "they're still in there" message sprite (REVIVE.DAT)
                 centered over
 1F6D   00B8    '----- the restored room in a fixed palette, wait for a fresh k
                                                                      PAGE  12
                                                                      11 Aug 26
                                                                      16:32:45
Offset  Data    Source Line      Microsoft (R) QuickBASIC Compiler Version 4.50

                ey or click,
 1F6D   00B8    '----- then put the screen back. The CALLER restores the room p
                alette (rmpal).
 1F6D   00B8    SUB ReviveShow (mvint AS INTEGER, msen AS SINGLE)
 1F78   00B8            DIM mr AS RegType, mo AS RegType
 1F78   00B8            DIM i AS INTEGER, n AS INTEGER, cx AS INTEGER, cy AS IN
                TEGER
 1F78   00B8            DIM k$
 1F78   00B8            DIM rt AS SINGLE, el AS SINGLE
 1F78   00B8            DIM cbuf(40) AS INTEGER
 1F90   00B8            DIM cmx AS INTEGER, cmy AS INTEGER, nmx AS INTEGER, nmy
                 AS INTEGER, cdrn AS INTEGER
 1F90   00B8            REDIM rvu(1200) AS INTEGER
 1FA8   00B8            IF rvOk <> 1 THEN
 1FA8   00B8                    REDIM rvArt(1200) AS INTEGER
 1FCA   00B8                    REDIM rvMsk(1200) AS INTEGER
 1FE2   00B8                    OPEN "REVIVE.DAT" FOR INPUT AS #2
 1FE2   00B8                    INPUT #2, n
 2000   00B8                    FOR i = 0 TO n - 1
 201E   00B8                            INPUT #2, rvArt(i)
 2027   00B8                    NEXT
 204D   00B8                    FOR i = 0 TO n - 1
 205A   00B8                            INPUT #2, rvMsk(i)
 2063   00B8                    NEXT
 2089   00B8                    CLOSE #2
 2089   00B8                    rvOk = 1
 2089   00B8            END IF
 209C   00B8            cx = (320 - rvArt(0) \ 2) \ 2
 209C   00B8            cy = (200 - rvArt(1)) \ 2
 209C   00B8            '----- art palette: dkgray box, blue portrait detail, b
                rown/orange text
 209C   00B8            PALETTE 1, 8: PALETTE 2, 1: PALETTE 3, 6
 209C   00B8            GET (cx, cy)-(cx + rvArt(0) \ 2 - 1, cy + rvArt(1) - 1)
                , rvu
 209C   00B8            PUT (cx, cy), rvMsk, AND
 209C   00B8            PUT (cx, cy), rvArt, OR
 209C   00B8            '----- keys mashed during the death music/screen are NO
                T a dismissal:
 209C   00B8            '----- flush the type-ahead buffer and drain any held c
                lick first
 209C   00B8            DO
 2184   00B8                    k$ = INKEY$
 2184   00B8            LOOP WHILE k$ <> ""
 2184   00B8            IF msen = 1 THEN
 2184   00B8                    DO
 21BA   00B8                            mr.ax = 3: CALL INTERRUPT(mvint, mr, mo
                )
 21CF   00B8                    LOOP WHILE (mo.bx AND 1) <> 0
 21CF   00B8                    '----- software cursor so the pointer stays vis
                ible over the message
 21CF   00B8                    cmx = mo.cx \ 2: cmy = mo.dx
 21CF   00B8                    IF cmx > 312 THEN cmx = 312 ELSE IF cmx < 0 THE
                N cmx = 0
 220B   00B8                    IF cmy > 192 THEN cmy = 192 ELSE IF cmy < 0 THE
                                                                      PAGE  13
                                                                      11 Aug 26
                                                                      16:32:45
Offset  Data    Source Line      Microsoft (R) QuickBASIC Compiler Version 4.50

                N cmy = 0
 222B   00B8                    GOSUB rvcdraw
 2233   00B8            END IF
 2233   00B8            '----- wait for a fresh key or click, cursor tracking t
                he mouse...
 2233   00B8            rt = TIMER
 2233   00B8            rvwait:
 2243   00B8            k$ = INKEY$
 2243   00B8            IF k$ <> "" THEN GOTO rvdone
 2269   00B8            IF msen = 1 THEN
 2269   00B8                    GOSUB rvctrack
 2288   00B8                    IF (mo.bx AND 1) <> 0 THEN GOTO rvdone
 2295   00B8            END IF
 2295   00B8            GOTO rvwait
 2295   00B8            '----- ...but never blink away: an early press still le
                aves the message
 2295   00B8            '----- up until it has been visible a full second (curs
                or keeps moving)
 2295   00B8            rvdone:
 2297   00B8            DO
 229C   00B8                    el = TIMER - rt
 229C   00B8                    IF el < 0 THEN el = el + 86400
 22D4   00B8                    IF el >= 1 THEN EXIT DO
 22E9   00B8                    IF msen = 1 THEN GOSUB rvctrack
 2308   00B8            LOOP
 230A   00B8            IF msen = 1 THEN GOSUB rvcerase
 2329   00B8            PUT (cx, cy), rvu, PSET
 2329   00B8            EXIT SUB
 2329   00B8    
 2329   00B8            '----- poll the mouse and move the software cursor if i
                t changed
 2329   00B8            rvctrack:
 234A   00B8            mr.ax = 3: CALL INTERRUPT(mvint, mr, mo)
 2364   00B8            nmx = mo.cx \ 2: nmy = mo.dx
 2364   00B8            IF nmx > 312 THEN nmx = 312 ELSE IF nmx < 0 THEN nmx = 
                0
 2396   00B8            IF nmy > 192 THEN nmy = 192 ELSE IF nmy < 0 THEN nmy = 
                0
 23B6   00B8            IF nmx <> cmx OR nmy <> cmy THEN GOSUB rvcerase: cmx = 
                nmx: cmy = nmy: GOSUB rvcdraw
 23F3   00B8            RETURN
 23F3   00B8    
 23F3   00B8            '----- NW-arrow cursor with save-under (brown outline +
                 dkgray fill --
 23F3   00B8            '----- the revive palette has no light gray)
 23F3   00B8            rvcdraw:
 23F8   00B8            GET (cmx, cmy)-(cmx + 5, cmy + 7), cbuf
 23F8   00B8            PSET (cmx, cmy), 3
 23F8   00B8            PSET (cmx, cmy + 1), 3: PSET (cmx + 1, cmy + 1), 3
 23F8   00B8            PSET (cmx, cmy + 2), 3: PSET (cmx + 2, cmy + 2), 3
 23F8   00B8            PSET (cmx, cmy + 3), 3: PSET (cmx + 3, cmy + 3), 3
 23F8   00B8            PSET (cmx, cmy + 4), 3: PSET (cmx + 4, cmy + 4), 3
 23F8   00B8            PSET (cmx, cmy + 5), 3: PSET (cmx + 2, cmy + 5), 3: PSE
                T (cmx + 3, cmy + 5), 3
                                                                      PAGE  14
                                                                      11 Aug 26
                                                                      16:32:45
Offset  Data    Source Line      Microsoft (R) QuickBASIC Compiler Version 4.50

 23F8   00B8            PSET (cmx, cmy + 6), 3: PSET (cmx + 1, cmy + 6), 3
 23F8   00B8            PSET (cmx + 1, cmy + 2), 1
 23F8   00B8            PSET (cmx + 1, cmy + 3), 1: PSET (cmx + 2, cmy + 3), 1
 23F8   00B8            PSET (cmx + 1, cmy + 4), 1: PSET (cmx + 2, cmy + 4), 1:
                 PSET (cmx + 3, cmy + 4), 1
 23F8   00B8            PSET (cmx + 1, cmy + 5), 1
 23F8   00B8            cdrn = 1
 23F8   00B8            RETURN
 23F8   00B8            rvcerase:
 262D   00B8            IF cdrn = 1 THEN PUT (cmx, cmy), cbuf, PSET
 2659   00B8            cdrn = 0
 2659   00B8            RETURN
 2659   00B8    END SUB
 2686   00B8    
 2686   00B8    '----- (re)draw the dialog's Yes/No art buttons inside their hi
                t rects.
 2686   00B8    '----- sel: 1 = Yes active / No inactive, 2 = No active / Yes i
                nactive.
 2686   00B8    '----- (dk kept for signature stability; one art set fits every
                 dialog screen)
 2686   00B8    SUB YNBtn (sel AS INTEGER, dk AS INTEGER)
 2691   00B8            DIM yf AS INTEGER, nf AS INTEGER
 2691   00B8            CALL DlgLoad
 2696   00B8            yf = 1: IF sel = 1 THEN yf = 0
 26AB   00B8            nf = 3: IF sel = 2 THEN nf = 2
 26C0   00B8            PUT (138, 106), dlgBtn(yf * 22), PSET
 26C0   00B8            PUT (166, 106), dlgBtn(nf * 22), PSET
 26C0   00B8    END SUB
 271D   00B8    
 271D   00B8    '----- ESC main menu: dim the LIVE room screen to black/dark-gr
                ay, switch to the
 271D   00B8    '----- inventory palette and draw the MainMenu box centered. It
                ems: 1 New Game,
 271D   00B8    '----- 2 Save, 3 Load (dithered+skipped when no save exists), 4
                 Quit (SYSTEM after
 271D   00B8    '----- confirm). Save/Load open the Save/Load screen (own bg, r
                eplaces the menu).
 271D   00B8    '----- act out: 0 = resume the game (caller reloads the room), 
                1 = a game was
 271D   00B8    '----- LOADED, 2 = NEW GAME chosen (caller RUNs).
 271D   00B8    '----- dead = 1: opened over the death screen -- Save is dither
                ed/locked, ESC/x
 271D   00B8    '----- cannot resume (the player must pick New Game, Load or Qu
                it), and New
 271D   00B8    '----- Game skips its confirm (there is nothing to lose).
 271D   00B8    SUB MainMenu (fontData() AS INTEGER, mvint AS INTEGER, msen AS 
                SINGLE, act AS INTEGER, dead AS INTEGER)
 2728   00B8            DIM mr AS RegType, mo AS RegType
 2728   00B8            DIM cbuf(40) AS INTEGER
 2740   00B8            DIM mny(4) AS INTEGER
 2758   00B8            DIM i AS INTEGER, v AS INTEGER, t AS INTEGER, f AS INTE
                GER
 2758   00B8            DIM sel AS INTEGER, ns AS INTEGER, dir AS INTEGER, ldok
                 AS INTEGER
                                                                      PAGE  15
                                                                      11 Aug 26
                                                                      16:32:45
Offset  Data    Source Line      Microsoft (R) QuickBASIC Compiler Version 4.50

 2758   00B8            DIM mx AS INTEGER, my AS INTEGER, nmx AS INTEGER, nmy A
                S INTEGER, mlb AS INTEGER
 2758   00B8            DIM done AS INTEGER, cdrn AS INTEGER, hit AS INTEGER
 2758   00B8            DIM k$, mnf$, cmsg$, ck$
 2758   00B8            DIM cyes AS INTEGER, cmlb AS INTEGER
 2758   00B8            DIM cysl AS INTEGER, cnyn AS INTEGER
 2758   00B8            DIM mnmd AS INTEGER, act2 AS INTEGER
 2758   00B8            '----- save-under for the yes/no modal (44,76)-(276,124
                ): 59 bytes x 49 rows
 2758   00B8            REDIM cnf(1450) AS INTEGER
 2771   00B8            '----- whole-screen save-under so Back from the save/lo
                ad screens can restore
 2771   00B8            '----- the dimmed menu exactly (GET needs 4 + 80*200 by
                tes = 8002 ints)
 2771   00B8            REDIM mnscr(8195) AS INTEGER
 278A   00B8    
 278A   00B8            act = 0: done = 0: sel = 1: mlb = 1: cdrn = 0
 278A   00B8            mny(1) = 34: mny(2) = 48: mny(3) = 62: mny(4) = 76
 278A   00B8    
 278A   00B8            '----- parse the menu art once per session (interleaved
                 6-wide like other .PCTs);
 278A   00B8            '----- the REDIMs do the real far-heap allocation (see 
                module-level note)
 278A   00B8            IF mnOk <> 1 THEN
 278A   00B8                    REDIM mnArt(1536) AS INTEGER
 2802   00B8                    REDIM mnLbl(419) AS INTEGER
 281A   00B8                    OPEN "MENUMAIN.PCT" FOR INPUT AS #2
 281A   00B8                    FOR i = 0 TO 1536: INPUT #2, mnArt(i): NEXT
 2863   00B8                    CLOSE #2
 2863   00B8                    OPEN "MENULBL.PCT" FOR INPUT AS #2
 2863   00B8                    FOR i = 0 TO 69
 288A   00B8                            INPUT #2, mnLbl(i), mnLbl(70 + i), mnLb
                l(140 + i), mnLbl(210 + i), mnLbl(280 + i), mnLbl(350 + i)
 2893   00B8                    NEXT
 2933   00B8                    CLOSE #2
 2933   00B8                    mnOk = 1
 2933   00B8            END IF
 2946   00B8    
 2946   00B8            '----- Load is dithered/skipped unless some slot holds 
                a save (same probe as slDrawStat)
 2946   00B8            ldok = 0
 2946   00B8            FOR i = 1 TO 10
 2952   00B8                    mnf$ = "saver" + CHR$(i + 96) + ".pac"
 2952   00B8                    OPEN mnf$ FOR APPEND AS #2: CLOSE #2
 2952   00B8                    OPEN mnf$ FOR INPUT AS #2
 2952   00B8                    IF NOT EOF(2) THEN ldok = 1
 29CA   00B8                    CLOSE #2
 29CA   00B8            NEXT
 29E6   00B8    
 29E6   00B8            '----- dim the live screen: snap every colour to dark g
                ray FIRST (instant, hides the
 29E6   00B8            '----- pixel pass), then rewrite the framebuffer so eve
                ry lit pixel is attr 1, then
 29E6   00B8            '----- switch to the standard UI palette (1=dkgray 2=lt
                                                                      PAGE  16
                                                                      11 Aug 26
                                                                      16:32:45
Offset  Data    Source Line      Microsoft (R) QuickBASIC Compiler Version 4.50

                gray 3=brown -- same
 29E6   00B8            '----- layout as the save/load screens, so dialog art n
                eeds no variants)
 29E6   00B8            PALETTE 0, 0: PALETTE 1, 8: PALETTE 2, 8: PALETTE 3, 8
 29E6   00B8            DEF SEG = &HB800
 29E6   00B8            FOR i = 0 TO 16383
 2A2E   00B8                    v = PEEK(i)
 2A2E   00B8                    IF v <> 0 THEN t = (v OR v \ 2) AND &H55: POKE 
                i, t
 2A5E   00B8            NEXT
 2A6A   00B8            DEF SEG
 2A6A   00B8            PALETTE 1, 8: PALETTE 2, 7: PALETTE 3, 6
 2A6A   00B8    
 2A6A   00B8            '----- take the REAL driver position before the first d
                raw -- mmdraw ends with a
 2A6A   00B8            '----- cursor draw at (mx,my), so a made-up position he
                re would orphan a cursor
 2A6A   00B8            IF msen = 1 THEN
 2A6A   00B8                    mr.ax = 2: CALL INTERRUPT(mvint, mr, mo)
 2AC8   00B8                    mr.ax = 3: CALL INTERRUPT(mvint, mr, mo)
 2ADD   00B8                    mx = mo.cx \ 2: my = mo.dx
 2ADD   00B8                    IF mx > 312 THEN mx = 312 ELSE IF mx < 0 THEN m
                x = 0
 2B0F   00B8                    IF my > 192 THEN my = 192 ELSE IF my < 0 THEN m
                y = 0
 2B2F   00B8            END IF
 2B2F   00B8            GOSUB mmdraw
 2B37   00B8    
 2B37   00B8            mmwait:
 2B37   00B8            IF msen = 1 THEN
 2B37   00B8                    mr.ax = 3: CALL INTERRUPT(mvint, mr, mo)
 2B68   00B8                    nmx = mo.cx \ 2: nmy = mo.dx
 2B68   00B8                    IF nmx > 312 THEN nmx = 312 ELSE IF nmx < 0 THE
                N nmx = 0
 2B9A   00B8                    IF nmy > 192 THEN nmy = 192 ELSE IF nmy < 0 THE
                N nmy = 0
 2BBA   00B8                    IF nmx <> mx OR nmy <> my THEN
 2BBA   00B8                            GOSUB mmerasecur: mx = nmx: my = nmy
 2BE3   00B8                            GOSUB mmhover
 2BF7   00B8                            '----- a hover-driven redraw already dr
                ew the cursor (cdrn=1); drawing
 2BF7   00B8                            '----- again would GET a save-under WIT
                H the cursor in it = ghost trail
 2BF7   00B8                            IF cdrn = 0 THEN GOSUB mmdrawcur
 2C08   00B8                    END IF
 2C08   00B8                    IF (mo.bx AND 1) <> 0 AND mlb = 0 THEN
 2C08   00B8                            GOSUB mmhit
 2C31   00B8                            IF hit = sel AND hit > 0 THEN GOSUB mmg
                o
 2C58   00B8                    END IF
 2C58   00B8                    mlb = (mo.bx AND 1)
 2C58   00B8            END IF
 2C61   00B8            k$ = INKEY$
 2C61   00B8            IF (k$ = CHR$(27) OR k$ = "x" OR k$ = "X") AND dead = 0
                                                                      PAGE  17
                                                                      11 Aug 26
                                                                      16:32:45
Offset  Data    Source Line      Microsoft (R) QuickBASIC Compiler Version 4.50

                 THEN done = 1
 2CDD   00B8            IF k$ = CHR$(13) OR k$ = " " THEN GOSUB mmgo
 2D22   00B8            IF k$ = "n" OR k$ = "N" THEN ns = 1: GOSUB mmset: GOSUB
                 mmgo
 2D6E   00B8            IF (k$ = "s" OR k$ = "S") AND dead = 0 THEN ns = 2: GOS
                UB mmset: GOSUB mmgo
 2DC8   00B8            IF (k$ = "l" OR k$ = "L") AND ldok = 1 THEN ns = 3: GOS
                UB mmset: GOSUB mmgo
 2E20   00B8            IF k$ = "q" OR k$ = "Q" THEN ns = 4: GOSUB mmset: GOSUB
                 mmgo
 2E6C   00B8            IF k$ = CHR$(0) + CHR$(72) THEN dir = -1: GOSUB mmstep
 2EA0   00B8            IF k$ = CHR$(0) + CHR$(80) THEN dir = 1: GOSUB mmstep
 2ED4   00B8            IF done = 0 THEN GOTO mmwait
 2EDD   00B8            IF msen = 1 THEN GOSUB mmerasecur
 2EFC   00B8            EXIT SUB
 2EFC   00B8    
 2EFC   00B8            '----- draw the menu box + the not-selected/disabled la
                bel states over it.
 2EFC   00B8            '----- The selected item keeps the base art's light-gra
                y label.
 2EFC   00B8            mmdraw:
 2EFF   00B8            IF msen = 1 THEN GOSUB mmerasecur
 2F23   00B8            PUT (99, 50), mnArt, PSET
 2F23   00B8            FOR i = 1 TO 4
 2F4C   00B8                    f = 0
 2F4C   00B8                    IF i = 2 AND dead = 1 THEN
 2F4C   00B8                            f = 5
 2F4C   00B8                    ELSEIF i = 3 AND ldok = 0 THEN
 2F77   00B8                            f = 6
 2F77   00B8                    ELSEIF i <> sel THEN
 2F9C   00B8                            f = i
 2F9C   00B8                    END IF
 2FAD   00B8                    IF f > 0 THEN PUT (128, 50 + mny(i)), mnLbl((f 
                - 1) * 70), PSET
 2FF6   00B8            NEXT
 3005   00B8            IF msen = 1 THEN GOSUB mmdrawcur
 3024   00B8            RETURN
 3024   00B8    
 3024   00B8            '----- move the selection dir steps, wrapping and skipp
                ing a disabled Load
 3024   00B8            mmstep:
 3029   00B8            ns = sel
 3029   00B8            mmstep2:
 3034   00B8            ns = ns + dir
 3034   00B8            IF ns < 1 THEN ns = 4
 304D   00B8            IF ns > 4 THEN ns = 1
 305B   00B8            IF ns = 2 AND dead = 1 THEN GOTO mmstep2
 3077   00B8            IF ns = 3 AND ldok = 0 THEN GOTO mmstep2
 3091   00B8            mmset:
 3091   00B8            IF ns <> sel THEN sel = ns: GOSUB mmdraw
 30AF   00B8            RETURN
 30AF   00B8    
 30AF   00B8            '----- which item the mouse is over (0 = none); rows fo
                llow the label boxes
                                                                      PAGE  18
                                                                      11 Aug 26
                                                                      16:32:45
Offset  Data    Source Line      Microsoft (R) QuickBASIC Compiler Version 4.50

 30AF   00B8            mmhit:
 30B4   00B8            hit = 0
 30B4   00B8            IF mx >= 120 AND mx <= 195 THEN
 30B4   00B8                    FOR i = 1 TO 4
 30E2   00B8                            IF my >= 47 + mny(i) AND my <= 61 + mny
                (i) THEN hit = i
 3124   00B8                    NEXT
 3130   00B8            END IF
 3130   00B8            IF hit = 2 AND dead = 1 THEN hit = 0
 3154   00B8            IF hit = 3 AND ldok = 0 THEN hit = 0
 3176   00B8            RETURN
 3176   00B8    
 3176   00B8            mmhover:
 317B   00B8            GOSUB mmhit
 3188   00B8            IF hit > 0 AND hit <> sel THEN ns = hit: GOSUB mmset
 31B7   00B8            RETURN
 31B7   00B8    
 31B7   00B8            '----- fire the selected item
 31B7   00B8            mmgo:
 31BC   00B8            IF sel = 1 THEN
 31BC   00B8                    cyes = 1
 31BC   00B8                    IF dead = 0 THEN cmsg$ = "New game? unsaved gam
                e lost.": GOSUB mmconfirm
 31F1   00B8                    IF cyes = 1 THEN act = 2: done = 1
 3207   00B8            ELSEIF sel = 2 OR sel = 3 THEN
 320A   00B8                    mnmd = sel - 1
 320A   00B8                    GOSUB mmslot
 3237   00B8            ELSEIF sel = 4 THEN
 323A   00B8                    cmsg$ = "Quit the game?": GOSUB mmconfirm
 3259   00B8                    IF cyes = 1 THEN SYSTEM
 3268   00B8            END IF
 3268   00B8            RETURN
 3268   00B8    
 3268   00B8            '----- open the Save (mnmd 1) or Load (mnmd 2) screen o
                ver the menu; Back
 3268   00B8            '----- restores the dimmed menu from a whole-screen sav
                e-under
 3268   00B8            mmslot:
 326D   00B8            IF msen = 1 THEN GOSUB mmerasecur
 3291   00B8            GET (0, 0)-(319, 199), mnscr
 3291   00B8            CALL SlotScreen(fontData(), mvint, msen, mnmd, dead, ac
                t2)
 32D4   00B8            IF act2 = 1 THEN act = 1: done = 1: RETURN
 32EF   00B8            PUT (0, 0), mnscr, PSET
 32EF   00B8            PALETTE 0, 0: PALETTE 1, 8: PALETTE 2, 7: PALETTE 3, 6
 32EF   00B8            mlb = 1
 32EF   00B8            IF msen = 1 THEN
 32EF   00B8                    mr.ax = 3: CALL INTERRUPT(mvint, mr, mo)
 3379   00B8                    mx = mo.cx \ 2: my = mo.dx
 3379   00B8                    IF mx > 312 THEN mx = 312 ELSE IF mx < 0 THEN m
                x = 0
 33AB   00B8                    IF my > 192 THEN my = 192 ELSE IF my < 0 THEN m
                y = 0
 33CB   00B8                    GOSUB mmdrawcur
                                                                      PAGE  19
                                                                      11 Aug 26
                                                                      16:32:45
Offset  Data    Source Line      Microsoft (R) QuickBASIC Compiler Version 4.50

 33D3   00B8            END IF
 33D3   00B8            RETURN
 33D3   00B8    
 33D3   00B8            '----- yes/no modal over the menu, with save-under rest
                ore on No
 33D3   00B8            mmconfirm:
 33D8   00B8            IF msen = 1 THEN GOSUB mmerasecur
 33FC   00B8            GET (44, 76)-(276, 124), cnf
 33FC   00B8            CALL DrawYNBox(cmsg$, 1, fontData())
 3440   00B8            cyes = -1: cmlb = 1: cysl = 1
 3440   00B8            IF msen = 1 THEN GOSUB mmdrawcur
 3471   00B8            mmcfw:
 3471   00B8            cnyn = 0
 3471   00B8            IF msen = 1 THEN
 3471   00B8                    mr.ax = 3: CALL INTERRUPT(mvint, mr, mo)
 34A8   00B8                    nmx = mo.cx \ 2: nmy = mo.dx
 34A8   00B8                    IF nmx > 312 THEN nmx = 312 ELSE IF nmx < 0 THE
                N nmx = 0
 34DA   00B8                    IF nmy > 192 THEN nmy = 192 ELSE IF nmy < 0 THE
                N nmy = 0
 34FA   00B8                    IF nmx <> mx OR nmy <> my THEN GOSUB mmerasecur
                : mx = nmx: my = nmy: GOSUB mmdrawcur
 3537   00B8                    IF my >= 105 AND my <= 117 THEN
 3537   00B8                            IF mx >= 132 AND mx <= 158 THEN cnyn = 
                1
 3579   00B8                            IF mx >= 161 AND mx <= 187 THEN cnyn = 
                2
 359E   00B8                    END IF
 359E   00B8                    IF (mo.bx AND 1) <> 0 AND cmlb = 0 THEN
 359E   00B8                            IF my >= 105 AND my <= 117 AND mx >= 13
                2 AND mx <= 158 THEN cyes = 1
 35FD   00B8                            IF my >= 105 AND my <= 117 AND mx >= 16
                1 AND mx <= 187 THEN cyes = 0
 363A   00B8                            IF my >= 80 AND my <= 87 AND mx >= 260 
                AND mx <= 270 THEN cyes = 0
 3677   00B8                    END IF
 3677   00B8                    cmlb = (mo.bx AND 1)
 3677   00B8            END IF
 3681   00B8            ck$ = INKEY$
 3681   00B8            IF ck$ = "y" OR ck$ = "Y" THEN cyes = 1
 36D0   00B8            IF ck$ = "n" OR ck$ = "N" OR ck$ = CHR$(27) THEN cyes =
                 0
 3733   00B8            IF ck$ = CHR$(0) + CHR$(75) THEN cnyn = 1
 3761   00B8            IF ck$ = CHR$(0) + CHR$(77) THEN cnyn = 2
 378F   00B8            IF ck$ = CHR$(13) OR ck$ = " " THEN IF cysl = 1 THEN cy
                es = 1 ELSE cyes = 0
 37E7   00B8            '----- hover / arrows move the active-button highlight
 37E7   00B8            IF cnyn > 0 AND cnyn <> cysl THEN
 37E7   00B8                    cysl = cnyn
 37E7   00B8                    IF msen = 1 THEN GOSUB mmerasecur
 3832   00B8                    CALL YNBtn(cysl, 1)
 3847   00B8                    IF msen = 1 THEN GOSUB mmdrawcur
 3866   00B8            END IF
 3866   00B8            IF cyes = -1 THEN GOTO mmcfw
                                                                      PAGE  20
                                                                      11 Aug 26
                                                                      16:32:45
Offset  Data    Source Line      Microsoft (R) QuickBASIC Compiler Version 4.50

 3870   00B8            IF msen = 1 THEN GOSUB mmerasecur
 388F   00B8            PUT (44, 76), cnf, PSET
 388F   00B8            IF msen = 1 THEN GOSUB mmdrawcur
 38D1   00B8            RETURN
 38D1   00B8    
 38D1   00B8            '----- self-drawn NW-arrow cursor with save-under (same
                 art as the save/load screen's)
 38D1   00B8            mmdrawcur:
 38D6   00B8            GET (mx, my)-(mx + 5, my + 7), cbuf
 38D6   00B8            PSET (mx, my), 3
 38D6   00B8            PSET (mx, my + 1), 3: PSET (mx + 1, my + 1), 3
 38D6   00B8            PSET (mx, my + 2), 3: PSET (mx + 2, my + 2), 3
 38D6   00B8            PSET (mx, my + 3), 3: PSET (mx + 3, my + 3), 3
 38D6   00B8            PSET (mx, my + 4), 3: PSET (mx + 4, my + 4), 3
 38D6   00B8            PSET (mx, my + 5), 3: PSET (mx + 2, my + 5), 3: PSET (m
                x + 3, my + 5), 3
 38D6   00B8            PSET (mx, my + 6), 3: PSET (mx + 1, my + 6), 3
 38D6   00B8            PSET (mx + 1, my + 2), 2
 38D6   00B8            PSET (mx + 1, my + 3), 2: PSET (mx + 2, my + 3), 2
 38D6   00B8            PSET (mx + 1, my + 4), 2: PSET (mx + 2, my + 4), 2: PSE
                T (mx + 3, my + 4), 2
 38D6   00B8            PSET (mx + 1, my + 5), 2
 38D6   00B8            cdrn = 1
 38D6   00B8            RETURN
 38D6   00B8            mmerasecur:
 3B16   00B8            IF cdrn = 1 THEN PUT (mx, my), cbuf, PSET
 3B42   00B8            cdrn = 0
 3B42   00B8            RETURN
 3B42   00B8    END SUB
 3BA0   00B8    
 3BA0   00B8    '----- MapView: the m-key map screen. Five level plans (MAPL1..
                MAPB2, W/N.PIC):
 3BA0   00B8    '----- W = full plan (shown when the map item 16 is held), N = 
                fog (rooms solid).
 3BA0   00B8    '----- Without the map only VISITED rooms (vis bitmask = ob(64)
                ) are lifted from
 3BA0   00B8    '----- the W picture and pasted over the N one. Per-room layout
                 lives in
 3BA0   00B8    '----- MAPDAT.PAC: room,level,x0,y0,x1,y1,dotx,doty (level 1=L1
                 2=L2 3=L3 4=B1
 3BA0   00B8    '----- 5=B2). Red ring = viewed level; red dot on the plan = th
                e player (only
 3BA0   00B8    '----- when viewing his level); red dot beside the selector = h
                is level when
 3BA0   00B8    '----- viewing another. Click a selector label to switch level 
                (the plan slides
 3BA0   00B8    '----- in from above/below per the building direction); any key
                 or a click
 3BA0   00B8    '----- anywhere else closes. The caller reloads the room afterw
                ards.
 3BA0   00B8    SUB MapView (hasmap AS INTEGER, curRoom AS INTEGER, vis AS LONG
                , mvint AS INTEGER, msen AS SINGLE)
 3BAB   00B8            DIM mr AS RegType, mo AS RegType
 3BAB   00B8            DIM cbuf(40) AS INTEGER
                                                                      PAGE  21
                                                                      11 Aug 26
                                                                      16:32:45
Offset  Data    Source Line      Microsoft (R) QuickBASIC Compiler Version 4.50

 3BC3   00B8            DIM rmN(15) AS INTEGER, rmL(15) AS INTEGER, rx0(15) AS 
                INTEGER, ry0(15) AS INTEGER
 3C24   00B8            DIM rx1(15) AS INTEGER, ry1(15) AS INTEGER, rdx(15) AS 
                INTEGER, rdy(15) AS INTEGER
 3C88   00B8            DIM rvx(15) AS INTEGER, rvy(15) AS INTEGER, rvo(15) AS 
                INTEGER
 3CD3   00B8            DIM ls(5) AS INTEGER, hgt(5) AS INTEGER
 3D05   00B8            DIM nrm AS INTEGER, i AS INTEGER, fh AS INTEGER, nrev A
                S INTEGER, ofs AS INTEGER
 3D05   00B8            DIM w AS INTEGER, h AS INTEGER, bpr AS INTEGER
 3D05   00B8            DIM plv AS INTEGER, vlv AS INTEGER, olv AS INTEGER, hit
                l AS INTEGER
 3D05   00B8            DIM mx AS INTEGER, my AS INTEGER, nmx AS INTEGER, nmy A
                S INTEGER, cdrn AS INTEGER
 3D05   00B8            DIM ly AS INTEGER, dxx AS INTEGER, dyy AS INTEGER, sdy 
                AS INTEGER, sst AS INTEGER
 3D05   00B8            DIM t9 AS SINGLE
 3D05   00B8            DIM kbs AS INTEGER, kc AS INTEGER, mvq AS INTEGER
 3D05   00B8            DIM oly AS INTEGER, nly AS INTEGER, stp AS INTEGER, yy 
                AS INTEGER
 3D05   00B8            DIM rbuf(120) AS INTEGER
 3D1E   00B8            DIM k$, lv$
 3D1E   00B8            REDIM mbuf(8100) AS INTEGER
 3D37   00B8            '----- selector: slots top->bottom are L3 L2 L1 B1 B2 (
                label tops y=83+8*slot).
 3D37   00B8            '----- ls maps level<->slot (the permutation is its own
                 inverse); hgt = how
 3D37   00B8            '----- high each level sits in the building (drives the
                 slide direction)
 3D37   00B8            ls(1) = 3: ls(2) = 2: ls(3) = 1: ls(4) = 4: ls(5) = 5
 3D37   00B8            hgt(1) = 3: hgt(2) = 4: hgt(3) = 5: hgt(4) = 2: hgt(5) 
                = 1
 3D37   00B8            nrm = 0
 3D37   00B8            fh = FREEFILE
 3D37   00B8            OPEN "mapdat.pac" FOR INPUT AS #fh
 3D37   00B8            DO WHILE NOT EOF(fh)
 3DF0   00B8                    IF nrm >= 15 THEN EXIT DO
 3E0C   00B8                    nrm = nrm + 1
 3E0C   00B8                    INPUT #fh, rmN(nrm), rmL(nrm), rx0(nrm), ry0(nr
                m), rx1(nrm), ry1(nrm), rdx(nrm), rdy(nrm)
 3E19   00B8            LOOP
 3EDA   00B8            CLOSE #fh
 3EDA   00B8            plv = 0
 3EDA   00B8            FOR i = 1 TO nrm
 3EFC   00B8                    IF rmN(i) = curRoom THEN plv = rmL(i)
 3F28   00B8            NEXT
 3F37   00B8            vlv = plv: IF vlv < 1 THEN vlv = 2
 3F4D   00B8            kbs = ls(vlv)
 3F4D   00B8            olv = 0
 3F4D   00B8            KEY OFF
 3F6A   00B8            GOSUB mvdraw
 3F7A   00B8            '----- flush type-ahead and wait out the opening click
 3F7A   00B8            DO: k$ = INKEY$: LOOP WHILE k$ <> ""
 3F7A   00B8            IF msen = 1 THEN
                                                                      PAGE  22
                                                                      11 Aug 26
                                                                      16:32:45
Offset  Data    Source Line      Microsoft (R) QuickBASIC Compiler Version 4.50

 3F7A   00B8                    DO
 3FB2   00B8                            mr.ax = 3: CALL INTERRUPT(mvint, mr, mo
                )
 3FC7   00B8                    LOOP WHILE (mo.bx AND 1) <> 0
 3FC7   00B8                    mx = mo.cx \ 2: my = mo.dx
 3FC7   00B8                    IF mx > 313 THEN mx = 313
 3FF6   00B8                    IF mx < 0 THEN mx = 0
 4006   00B8                    IF my > 191 THEN my = 191
 4017   00B8                    IF my < 0 THEN my = 0
 4027   00B8                    GOSUB mvcdraw
 402F   00B8            END IF
 402F   00B8            mvloop:
 402F   00B8            k$ = INKEY$
 402F   00B8            IF k$ = "" THEN GOTO mvmouse
 4057   00B8            IF LEN(k$) = 2 THEN
 4057   00B8                    '----- arrows walk the selector; Down past B2 p
                arks on the Close button
 4057   00B8                    kc = ASC(RIGHT$(k$, 1))
 4057   00B8                    IF kc = 72 AND kbs > 1 THEN kbs = kbs - 1: GOSU
                B mvkbpos
 40AA   00B8                    IF kc = 80 AND kbs < 6 THEN kbs = kbs + 1: GOSU
                B mvkbpos
 40D5   00B8                    GOTO mvloop
 40D5   00B8            END IF
 40D8   00B8            IF k$ = CHR$(13) OR k$ = " " THEN
 40D8   00B8                    GOSUB mvact
 411F   00B8                    IF mvq = 1 THEN GOTO mvout
 4129   00B8                    GOTO mvloop
 4129   00B8            END IF
 412C   00B8            GOTO mvout
 412C   00B8            mvmouse:
 412F   00B8            IF msen = 1 THEN
 412F   00B8                    mr.ax = 3: CALL INTERRUPT(mvint, mr, mo)
 4160   00B8                    nmx = mo.cx \ 2: nmy = mo.dx
 4160   00B8                    IF nmx > 313 THEN nmx = 313
 4185   00B8                    IF nmx < 0 THEN nmx = 0
 4195   00B8                    IF nmy > 191 THEN nmy = 191
 41A6   00B8                    IF nmy < 0 THEN nmy = 0
 41B6   00B8                    IF nmx <> mx OR nmy <> my THEN GOSUB mvcerase: 
                mx = nmx: my = nmy: GOSUB mvcdraw
 41FB   00B8                    IF (mo.bx AND 1) <> 0 THEN
 41FB   00B8                            DO
 4208   00B8                                    mr.ax = 3: CALL INTERRUPT(mvint
                , mr, mo)
 421D   00B8                            LOOP WHILE (mo.bx AND 1) <> 0
 421D   00B8                            GOSUB mvact
 422F   00B8                            IF mvq = 1 THEN GOTO mvout
 4239   00B8                    END IF
 4239   00B8            END IF
 4239   00B8            GOTO mvloop
 4239   00B8            mvout:
 423C   00B8            EXIT SUB
 423C   00B8    
 423C   00B8            '----- activate whatever is under the pointer: a level 
                                                                      PAGE  23
                                                                      11 Aug 26
                                                                      16:32:45
Offset  Data    Source Line      Microsoft (R) QuickBASIC Compiler Version 4.50

                label switches (with
 423C   00B8            '----- the slide + ring animations), anything else clos
                es (mvq = 1)
 423C   00B8            mvact:
 4244   00B8            mvq = 0
 4244   00B8            hitl = 0
 4244   00B8            FOR i = 1 TO 5
 425C   00B8                    ly = 83 + (i - 1) * 8
 425C   00B8                    IF my >= ly - 2 AND my <= ly + 6 AND mx >= 196 
                AND mx <= 220 THEN hitl = ls(i)
 42C3   00B8            NEXT
 42D1   00B8            IF hitl = 0 THEN mvq = 1: RETURN
 42E6   00B8            IF hitl <> vlv THEN
 42E6   00B8                    GOSUB mvcerase
 42FB   00B8                    olv = vlv: vlv = hitl
 42FB   00B8                    GOSUB mvdraw
 4313   00B8                    GOSUB mvcdraw
 431B   00B8            END IF
 431B   00B8            RETURN
 431B   00B8    
 431B   00B8            '----- park the pointer on the keyboard-selected slot (
                6 = Close button)
 431B   00B8            mvkbpos:
 4320   00B8            GOSUB mvcerase
 432D   00B8            IF kbs <= 5 THEN
 432D   00B8                    mx = 207: my = 83 + (kbs - 1) * 8 + 2
 432D   00B8            ELSE
 4351   00B8                    mx = 105: my = 183
 4351   00B8            END IF
 435D   00B8            '----- warp the driver too (INT33 fn 4) or the next pol
                l snaps the pointer
 435D   00B8            '----- straight back to the physical mouse position
 435D   00B8            IF msen = 1 THEN
 435D   00B8                    mr.ax = 4: mr.cx = mx * 2: mr.dx = my
 435D   00B8                    CALL INTERRUPT(mvint, mr, mo)
 4399   00B8            END IF
 4399   00B8            GOSUB mvcdraw
 43A1   00B8            RETURN
 43A1   00B8    
 43A1   00B8            '----- compose the vlv view; when olv is set the plan h
                alf slides into place
 43A1   00B8            mvdraw:
 43A6   00B8            cdrn = 0
 43A6   00B8            PALETTE 1, 0: PALETTE 2, 0: PALETTE 3, 0
 43A6   00B8            lv$ = MID$("L1L2L3B1B2", vlv * 2 - 1, 2)
 43A6   00B8            DEF SEG = &HB800
 43A6   00B8            IF hasmap = 1 THEN
 43A6   00B8                    BLOAD "MAP" + lv$ + "W.PIC", 0
 43A6   00B8            ELSE
 4437   00B8                    BLOAD "MAP" + lv$ + "N.PIC", 0
 4437   00B8            END IF
 445C   00B8            DEF SEG
 445C   00B8            IF hasmap <> 1 THEN
 445C   00B8                    '----- no map item: walls only (the N picture i
                                                                      PAGE  24
                                                                      11 Aug 26
                                                                      16:32:45
Offset  Data    Source Line      Microsoft (R) QuickBASIC Compiler Version 4.50

                s blue-only) and ONLY the
 445C   00B8                    '----- room he is standing in -- everything els
                e stays black, so the real
 445C   00B8                    '----- map is worth finding
 445C   00B8                    hitl = 0
 445C   00B8                    IF plv = vlv AND curRoom >= 1 THEN
 445C   00B8                            FOR i = 1 TO nrm
 44A4   00B8                                    IF rmN(i) = curRoom THEN hitl =
                 i
 44C6   00B8                            NEXT
 44D5   00B8                    END IF
 44D5   00B8                    IF hitl = 0 THEN
 44D5   00B8                            LINE (0, 19)-(199, 177), 0, BF
 44D5   00B8                    ELSE
 450B   00B8                            IF ry0(hitl) > 19 THEN LINE (0, 19)-(19
                9, ry0(hitl) - 1), 0, BF
 4560   00B8                            IF ry1(hitl) < 177 THEN LINE (0, ry1(hi
                tl) + 1)-(199, 177), 0, BF
 45B0   00B8                            IF rx0(hitl) > 0 THEN LINE (0, ry0(hitl
                ))-(rx0(hitl) - 1, ry1(hitl)), 0, BF
 461F   00B8                            IF rx1(hitl) < 199 THEN LINE (rx1(hitl)
                 + 1, ry0(hitl))-(199, ry1(hitl)), 0, BF
 468C   00B8                    END IF
 468C   00B8            END IF
 468C   00B8            '----- the player's dot goes on BEFORE the slide so it 
                rides with the plan
 468C   00B8            IF plv = vlv AND curRoom >= 1 THEN
 468C   00B8                    FOR i = 1 TO nrm
 46BE   00B8                            IF rmN(i) = curRoom THEN dxx = rdx(i): 
                dyy = rdy(i): GOSUB mvdot
 4708   00B8                    NEXT
 4717   00B8            END IF
 4717   00B8            IF olv >= 1 AND olv <> vlv THEN
 4717   00B8                    GET (0, 28)-(199, 169), mbuf(0)
 4717   00B8                    IF hgt(vlv) > hgt(olv) THEN sdy = -9 ELSE sdy =
                 9
 47A2   00B8                    '----- plans show light blue WITH the map, dark
                 gray without (less inviting)
 47A2   00B8            PALETTE 1, 7: PALETTE 3, 12
 47A2   00B8            IF hasmap = 1 THEN PALETTE 2, 9 ELSE PALETTE 2, 8
 47EC   00B8                    FOR sst = 3 TO 0 STEP -1
 47F2   00B8                            LINE (0, 19)-(199, 178), 0, BF
 47F2   00B8                            PUT (0, 28 + (sdy * sst) \ 3), mbuf(0),
                 PSET
 47F2   00B8                            t9 = TIMER
 47F2   00B8                            DO
 485E   00B8                                    IF TIMER < t9 THEN EXIT DO
 4879   00B8                            LOOP WHILE TIMER < t9 + .035
 4896   00B8                    NEXT
 48A6   00B8            END IF
 48A6   00B8            '----- selector overlays: ring on the viewed level, dot
                 beside the player's
 48A6   00B8            '----- plans show light blue WITH the map, dark gray wi
                thout (less inviting)
                                                                      PAGE  25
                                                                      11 Aug 26
                                                                      16:32:45
Offset  Data    Source Line      Microsoft (R) QuickBASIC Compiler Version 4.50

 48A6   00B8            PALETTE 1, 7: PALETTE 3, 12
 48A6   00B8            IF hasmap = 1 THEN PALETTE 2, 9 ELSE PALETTE 2, 8
 48F0   00B8            IF olv >= 1 AND olv <> vlv THEN
 48F0   00B8                    '----- the ring hops down/up the selector to th
                e new slot
 48F0   00B8                    oly = 83 + (ls(olv) - 1) * 8
 48F0   00B8                    nly = 83 + (ls(vlv) - 1) * 8
 48F0   00B8                    GET (202, 80)-(218, 122), rbuf
 48F0   00B8                    stp = 4: IF nly < oly THEN stp = -4
 4999   00B8                    FOR yy = oly TO nly STEP stp
 49B0   00B8                            PUT (202, 80), rbuf, PSET
 49B0   00B8                            LINE (204, yy - 2)-(216, yy + 6), 3, B
 49B0   00B8                            t9 = TIMER
 49B0   00B8                            DO
 4A18   00B8                                    IF TIMER < t9 THEN EXIT DO
 4A33   00B8                            LOOP WHILE TIMER < t9 + .025
 4A50   00B8                    NEXT
 4A7B   00B8                    PUT (202, 80), rbuf, PSET
 4A7B   00B8            END IF
 4A9E   00B8            ly = 83 + (ls(vlv) - 1) * 8
 4A9E   00B8            LINE (204, ly - 2)-(216, ly + 6), 3, B
 4A9E   00B8            IF plv >= 1 AND plv <> vlv THEN
 4A9E   00B8                    ly = 83 + (ls(plv) - 1) * 8
 4A9E   00B8                    dxx = 199: dyy = ly + 2: GOSUB mvdot
 4B46   00B8            END IF
 4B46   00B8            RETURN
 4B46   00B8    
 4B46   00B8            '----- 5x5 rounded red dot at (dxx,dyy)
 4B46   00B8            mvdot:
 4B4B   00B8            LINE (dxx - 1, dyy - 2)-(dxx + 1, dyy - 2), 3
 4B4B   00B8            LINE (dxx - 2, dyy - 1)-(dxx + 2, dyy + 1), 3, BF
 4B4B   00B8            LINE (dxx - 1, dyy + 2)-(dxx + 1, dyy + 2), 3
 4B4B   00B8            RETURN
 4B4B   00B8    
 4B4B   00B8            '----- self-drawn NW-arrow cursor with save-under (the 
                save/load screen's art)
 4B4B   00B8            mvcdraw:
 4BFC   00B8            IF msen <> 1 THEN RETURN
 4C1D   00B8            GET (mx, my)-(mx + 5, my + 7), cbuf
 4C1D   00B8            PSET (mx, my), 3
 4C1D   00B8            PSET (mx, my + 1), 3: PSET (mx + 1, my + 1), 3
 4C1D   00B8            PSET (mx, my + 2), 3: PSET (mx + 2, my + 2), 3
 4C1D   00B8            PSET (mx, my + 3), 3: PSET (mx + 3, my + 3), 3
 4C1D   00B8            PSET (mx, my + 4), 3: PSET (mx + 4, my + 4), 3
 4C1D   00B8            PSET (mx, my + 5), 3: PSET (mx + 2, my + 5), 3: PSET (m
                x + 3, my + 5), 3
 4C1D   00B8            PSET (mx, my + 6), 3: PSET (mx + 1, my + 6), 3
 4C1D   00B8            PSET (mx + 1, my + 2), 2
 4C1D   00B8            PSET (mx + 1, my + 3), 2: PSET (mx + 2, my + 3), 2
 4C1D   00B8            PSET (mx + 1, my + 4), 2: PSET (mx + 2, my + 4), 2: PSE
                T (mx + 3, my + 4), 2
 4C1D   00B8            PSET (mx + 1, my + 5), 2
 4C1D   00B8            cdrn = 1
 4C1D   00B8            RETURN
                                                                      PAGE  26
                                                                      11 Aug 26
                                                                      16:32:45
Offset  Data    Source Line      Microsoft (R) QuickBASIC Compiler Version 4.50

 4C1D   00B8            mvcerase:
 4E6F   00B8            IF cdrn = 1 THEN PUT (mx, my), cbuf, PSET
 4E9E   00B8            cdrn = 0
 4E9E   00B8            RETURN
 4E9E   00B8    END SUB
 4F61   00B8    
 4F61   00B8    '----- DialGame: the safe-dial minigame, moved VERBATIM from GA
                ME.BAS dial:
 4F61   00B8    '----- (that module is at the 64K ceiling). STATIC so the dial 
                angle di and
 4F61   00B8    '----- the tumbler states dn1-dn3 persist across visits like th
                e module vars
 4F61   00B8    '----- did. 4/6 turn the dial (joystick too), g/x leaves; solvi
                ng sets ob(45).
 4F61   00B8    SUB DialGame (sf3, sf4, ob() AS SINGLE) STATIC
 4F6C   00B8            DRAW "bm153,104"
 4F75   00B8            d1550:
 4F75   00B8            DRAW "c3bl5nl10br5bd4nd9bu4br5nr10bl5c1bu5nu9bd5"
 4F83   00B8            d1560:
 4F83   00B8            k$ = INKEY$
 4F83   00B8            CALL JoyPoll(k$, vk$)
 4FA4   00C0            IF k$ = "" THEN GOTO d1560
 4FB3   00C0            DRAW "c2bl5nl10br5bd4nd9bu4br5nr10bl5bu5nu9bd5"
 4FBC   00C0            IF k$ = "6" THEN GOSUB ddialdn: DRAW "ta=" + VARPTR$(di
                ): GOTO d1550
 4FF5   00C4            IF k$ = "4" THEN GOSUB ddialup: DRAW "ta=" + VARPTR$(di
                ): GOTO d1550
 502F   00C4            IF dn3 = 1 AND dn2 = 1 AND dn1 = 1 THEN SOUND sf4, .5: 
                ob(45) = 1
 50B3   00D0            IF k$ = "g" OR k$ = "x" THEN EXIT SUB
 50E8   00D0            GOTO d1560
 50E8   00D0    
 50E8   00D0            '----- counter-clockwise turn, tumbler tracking (verbat
                im)
 50E8   00D0            ddialdn:
 50EB   00D0            di = di - 10
 50EB   00D0            IF di = -10 THEN di = 350
 5123   00D0            IF (di / 10) = 5 THEN SOUND sf3, .1: dn1 = 0
 5163   00D0            IF (di / 10) = 9 THEN SOUND sf3, .1: IF dn2 = 1 THEN dn
                1 = 1
 51B9   00D0            IF (di / 10) = 14 THEN SOUND sf3, .1: dn1 = 0: IF dn2 =
                 0 THEN dn3 = 0
 521B   00D0            IF (di / 10) = 18 THEN SOUND sf3, .1: dn3 = 1
 525B   00D0            IF (di / 10) = 23 THEN SOUND sf3, .1
 528F   00D0            IF (di / 10) = 27 THEN SOUND sf3, .1
 52C3   00D0            IF (di / 10) = 32 THEN SOUND sf3, .1
 52F7   00D0            IF (di / 10) = 0 THEN SOUND sf3, .1
 532B   00D0            RETURN
 532B   00D0    
 532B   00D0            '----- clockwise turn (verbatim)
 532B   00D0            ddialup:
 5330   00D0            di = di + 10
 5330   00D0            IF di = 360 THEN di = 0
 5368   00D0            IF (di / 10) = 5 THEN SOUND sf3, .1: dn1 = 0: IF dn3 = 
                                                                      PAGE  27
                                                                      11 Aug 26
                                                                      16:32:45
Offset  Data    Source Line      Microsoft (R) QuickBASIC Compiler Version 4.50

                1 THEN dn2 = 1
 53CA   00D0            IF (di / 10) = 9 THEN SOUND sf3, .1: dn2 = 0
 540A   00D0            IF (di / 10) = 14 THEN SOUND sf3, .1: dn1 = 0
 544A   00D0            IF (di / 10) = 18 THEN SOUND sf3, .1
 547E   00D0            IF (di / 10) = 23 THEN SOUND sf3, .1
 54B2   00D0            IF (di / 10) = 27 THEN SOUND sf3, .1
 54E6   00D0            IF (di / 10) = 32 THEN SOUND sf3, .1
 551A   00D0            IF (di / 10) = 0 THEN SOUND sf3, .1
 554E   00D0            RETURN
 554E   00D0    END SUB
 555B   00D0    
 555B   00D0    '----- BurnShow: the burning-house ending flicker, moved VERBAT
                IM from
 555B   00D0    '----- GAME.BAS burn: (64K ceiling). Flickers burn.pic until a 
                key, then
 555B   00D0    '----- returns to the caller, which RUNs (RUN is illegal inside
                 a SUB).
 555B   00D0    SUB BurnShow
 5566   00D0            KEY OFF
 5566   00D0            DEF SEG = &HB800
 5566   00D0            BLOAD "burn.pic", 0
 5566   00D0            DEF SEG
 5566   00D0            bshow1:
 558C   00D0            PALETTE 1, 14: PALETTE 2, 12: PALETTE 3, 4
 558C   00D0            FOR j% = 1 TO 10: SOUND 32676, .1: NEXT
 55E1   00D0            PALETTE 1, 15: PALETTE 2, 14: PALETTE 3, 12
 55E1   00D0            FOR j% = 1 TO 10: SOUND 32676, .1: NEXT
 5631   00D0            IF INKEY$ <> "" THEN EXIT SUB
 5645   00D0            GOTO bshow1
 5645   00D0    END SUB
 5650   00D0    
 5657   00D0    

43949 Bytes Available
30415 Bytes Free

    0 Warning Error(s)
    0 Severe  Error(s)
