
 Start  Stop   Length Name                   Class
 00000H 0FB38H 0FB39H GAME_CODE              BC_CODE
 0FB40H 12859H 02D1AH GAME2_CODE             BC_CODE
 12860H 13CE0H 01481H GAME3_CODE             BC_CODE
 13CF0H 1727EH 0358FH GAME4_CODE             BC_CODE
 17280H 17C52H 009D3H GAME5_CODE             BC_CODE
 17C54H 17D64H 00111H INTRPT_TEXT            CODE
 17D66H 2193DH 09BD8H CODE                   CODE
 2193EH 21AC9H 0018CH INIT_CODE              CODE
 21AD0H 22C2EH 0115FH _TEXT                  CODE
 22C30H 2505FH 02430H EMULATOR_TEXT          CODE
 25060H 25060H 00000H C_ETEXT                ENDCODE
 25060H 25067H 00008H FAR_HDR                FAR_MSG
 25068H 256B4H 0064DH FAR_MSG                FAR_MSG
 256B5H 256B6H 00002H FAR_PAD                FAR_MSG
 256B7H 256B7H 00001H FAR_EPAD               FAR_MSG
 256C0H 2582FH 00170H EMULATOR_DATA          FAR_DATA
 25830H 25830H 00000H BR_DATA                BLANK
 25830H 2585FH 00030H BR_SKYS                BLANK
 25860H 258D3H 00074H COMMON                 BLANK
 258D4H 2661BH 00D48H BC_DATA                BC_VARS
 2661CH 26621H 00006H NMALLOC                BC_VARS
 26622H 26622H 00000H ENMALLOC               BC_VARS
 26622H 26622H 00000H BC_FT                  BC_SEGS
 26630H 2953FH 02F10H BC_CN                  BC_SEGS
 29540H 29582H 00043H BC_DS                  BC_SEGS
 29584H 29584H 00000H BC_SAB                 BC_SEGS
 29584H 29597H 00014H BC_SA                  BC_SEGS
 29598H 2959BH 00004H BC_SAE                 BC_SEGS
 2959CH 299EBH 00450H _DATA                  DATA
 299ECH 29FC1H 005D6H _BSS                   DATA
 29FC2H 2A07DH 000BCH CONST                  DATA
 2A07EH 2A07EH 00000H XIB                    DATA
 2A07EH 2A0D1H 00054H XI                     DATA
 2A0D2H 2A0D2H 00000H XIE                    DATA
 2A0D2H 2A1CEH 000FDH BR_DATA                DATA
 2A1D0H 2A1DBH 0000CH DBDATA                 DATA
 2A1DCH 2A1E9H 0000EH CDATA                  DATA
 2A1EAH 2A1EAH 00000H XIFB                   DATA
 2A1EAH 2A1EAH 00000H XIF                    DATA
 2A1EAH 2A1EAH 00000H XIFE                   DATA
 2A1EAH 2A1EAH 00000H XPB                    DATA
 2A1EAH 2A1EAH 00000H XP                     DATA
 2A1EAH 2A1EAH 00000H XPE                    DATA
 2A1EAH 2A1EAH 00000H XCB                    DATA
 2A1EAH 2A1EDH 00004H XC                     DATA
 2A1EEH 2A1EEH 00000H XCE                    DATA
 2A1EEH 2A1EEH 00000H XCFB                   DATA
 2A1EEH 2A1EEH 00000H XCF                    DATA
 2A1EEH 2A1EEH 00000H XCFE                   DATA
 2A1EEH 2A1EEH 00000H BC_DATA                BC_DATA
 2A1EEH 2A1EEH 00000H XOB                    BSS
 2A1EEH 2A1EEH 00000H XO                     BSS
 2A1EEH 2A1EEH 00000H XOE                    BSS
 2A1F0H 2A9EFH 00800H STACK                  STACK

 Origin   Group
 2583:0   DGROUP
 2506:0   FMGROUP

Program entry point at 21AD:00C8
