                                                                      PAGE   1
                                                                      25 Aug 26
                                                                      17:32:11
Offset  Data    Source Line      Microsoft (R) QuickBASIC Compiler Version 4.50

 0030   0006    '----- GAME3.BAS: variable-width small-font renderer (from ART/
                font2.png, proportional ~7px).
 0030   0006    '----- Own 64K code segment. Pure PSET = transparent over backg
                rounds. Pass a CGA attr (0-3) as textColor.
 0030   0006    '----- font file: a HEIGHT line, then per glyph = ASCII code, w
                idth, then <height> rows of width-bit binary.
 0030   0006    '----- fontData(0) = height H; fontData(code*(H+1)) = width; +1
                +row = that row's bits.  DIM fontData(2047) in GAME.BAS.
 0030   0006    '----- gItal = italic flag (module-shared): drawText sets it fr
                om the _ markup, drawChar shears each row by it.
 0030   0006    DIM SHARED gItal AS INTEGER
 0030   0006    '----- pw2(n) = 2^n bit-mask LUT (filled in initFontSystem); av
                oids per-pixel floating-point 2^n in drawChar
 0030   0006    DIM SHARED pw2(14) AS INTEGER
 0030   0006    
 0030   0006    '----- load font.txt: ASCII code, width, then 7 rows
 0030   0006    SUB initFontSystem (fontData() AS INTEGER, fpath AS STRING)
 0040   0026            DIM lineText AS STRING
 0040   0026            DIM cc AS INTEGER, wdt AS INTEGER, row AS INTEGER, di A
                S INTEGER, pat AS INTEGER, i AS INTEGER, hh AS INTEGER
 0040   0026            pw2(0) = 1: FOR i = 1 TO 14: pw2(i) = pw2(i - 1) * 2: N
                EXT i
 0063   0026            FOR i = 0 TO 2047
 0068   0026                    fontData(i) = 0
 0068   0026            NEXT i
 0086   0026            CLOSE #1
 0086   0026            OPEN fpath FOR INPUT AS #1
 0086   0026            hgtRead:
 00A4   0026            IF EOF(1) THEN GOTO fsExit
 00B9   0026            LINE INPUT #1, lineText
 00C2   0026            IF LEFT$(lineText, 1) = "#" OR LEN(lineText) = 0 THEN G
                OTO hgtRead
 0111   0026            hh = VAL(lineText): fontData(0) = hh
 0111   0026            DO WHILE NOT EOF(1)
 0136   0026                    LINE INPUT #1, lineText
 0151   0026                    IF LEFT$(lineText, 1) = "#" OR LEN(lineText) = 
                0 THEN GOTO fsMain
 01A3   0026                    cc = VAL(lineText): di = cc * (hh + 1)
 01A3   0026                    fsWid:
 01C2   0026                    IF EOF(1) THEN GOTO fsMain
 01D7   0026                    LINE INPUT #1, lineText
 01E0   0026                    IF LEFT$(lineText, 1) = "#" OR LEN(lineText) = 
                0 THEN GOTO fsWid
 022F   0026                    wdt = VAL(lineText): fontData(di) = wdt
 022F   0026                    FOR row = 0 TO hh - 1
 0262   0026                            fsRow:
 0262   0026                            IF EOF(1) THEN EXIT FOR
 0277   0026                            LINE INPUT #1, lineText
 0280   0026                            IF LEFT$(lineText, 1) = "#" OR LEN(line
                Text) = 0 THEN GOTO fsRow
 02CF   0026                            lineText = LTRIM$(RTRIM$(lineText))
 02CF   0026                            pat = 0
 02CF   0026                            FOR i = 1 TO LEN(lineText)
 0300   0026                                    IF MID$(lineText, i, 1) = "1" T
                                                                      PAGE   2
                                                                      25 Aug 26
                                                                      17:32:11
Offset  Data    Source Line      Microsoft (R) QuickBASIC Compiler Version 4.50

                HEN pat = pat + pw2(LEN(lineText) - i)
 0336   0026                            NEXT i
 0342   0026                            fontData(di + 1 + row) = pat
 0342   0026                    NEXT row
 036D   0026                    fsMain:
 036D   0026            LOOP
 0376   0026            fsExit:
 0376   0026            CLOSE #1
 0376   0026    END SUB
 0396   0026    
 0396   0026    '----- draw one glyph (variable width); each of 7 rows holds (w
                idth) bits, MSB = leftmost pixel
 0396   0026    SUB drawChar (x AS INTEGER, y AS INTEGER, char AS STRING, textC
                olor AS INTEGER, fontData() AS INTEGER)
 03A1   0026            DIM cc AS INTEGER, di AS INTEGER, w AS INTEGER, r AS IN
                TEGER, c AS INTEGER, pat AS INTEGER, hh AS INTEGER, sh AS INTEG
                ER
 03A1   0026            DIM bit AS INTEGER, msb AS INTEGER
 03A1   0026            hh = fontData(0)
 03A1   0026            cc = ASC(char): di = cc * (hh + 1): w = fontData(di)
 03A1   0026            IF w = 0 THEN EXIT SUB
 03DD   0026            msb = pw2(w - 1)
 03DD   0026            FOR r = 0 TO hh - 1
 03F6   0026                    pat = fontData(di + 1 + r)
 03F6   0026                    IF pat <> 0 THEN
 03F6   0026                            IF gItal <> 0 THEN sh = (hh - 1 - r) \ 
                5 ELSE sh = 0
 0438   0026                            bit = msb
 0438   0026                            FOR c = 0 TO w - 1
 044A   0026                                    IF (pat AND bit) <> 0 THEN PSET
                 (x + c + sh, y + r), textColor
 0478   0026                                    bit = bit \ 2
 0478   0026                            NEXT c
 0490   0026                    END IF
 0490   0026            NEXT r
 049F   0026    END SUB
 04A7   0026    
 04A7   0026    '----- underline cols x0..x1 at row uy, leaving 1px black on ea
                ch side of any glyph pixel (descender tails). POINT-based, assu
                mes black bg (message bar).
 04A7   0026    SUB drawUnder (x0 AS INTEGER, x1 AS INTEGER, uy AS INTEGER, col
                 AS INTEGER)
 04B2   0026            DIM ux AS INTEGER, gp AS INTEGER, gc AS INTEGER, gn AS 
                INTEGER
 04B2   0026            gp = 0
 04B2   0026            FOR ux = x0 TO x1
 04C8   0026                    IF POINT(ux, uy) <> 0 THEN gc = 1 ELSE gc = 0
 04E7   0026                    IF POINT(ux + 1, uy) <> 0 THEN gn = 1 ELSE gn =
                 0
 050A   0026                    IF gp = 0 AND gc = 0 AND gn = 0 THEN PSET (ux, 
                uy), col
 054A   0026                    gp = gc
 054A   0026            NEXT ux
 055F   0026    END SUB
                                                                      PAGE   3
                                                                      25 Aug 26
                                                                      17:32:11
Offset  Data    Source Line      Microsoft (R) QuickBASIC Compiler Version 4.50

 0567   0026    
 0567   0026    '----- draw a string left-to-right; each glyph advances by its 
                own width + 1px, space = 4px
 0567   0026    SUB drawText (x AS INTEGER, y AS INTEGER, text AS STRING, textC
                olor AS INTEGER, fontData() AS INTEGER)
 0572   0026            DIM i AS INTEGER, cx AS INTEGER, cc AS INTEGER, w AS IN
                TEGER, hh AS INTEGER, curcol AS INTEGER, ulOn AS INTEGER, ulSta
                rt AS INTEGER
 0572   0026            hh = fontData(0): cx = x: curcol = textColor: gItal = 0
                : ulOn = 0
 0572   0026            FOR i = 1 TO LEN(text)
 05B0   0026                    cc = ASC(MID$(text, i, 1))
 05B0   0026                    IF cc = 126 THEN
 05B0   0026                            IF curcol = textColor THEN curcol = 2 E
                LSE curcol = textColor
 05EB   0026                    ELSEIF cc = 95 THEN
 05EE   0026                            IF gItal = 0 THEN gItal = 1 ELSE gItal 
                = 0
 0610   0026                    ELSEIF cc = 124 THEN
 0613   0026                            IF ulOn = 0 THEN
 0613   0026                                    ulOn = 1: ulStart = cx
 0613   0026                            ELSE
 0633   0026                                    ulOn = 0: CALL drawUnder(ulStar
                t, cx - 2, y + hh - 1, curcol)
 0662   0026                            END IF
 0662   0026                    ELSEIF cc = 32 THEN
 0665   0026                            cx = cx + 4
 0665   0026                    ELSE
 0675   0026                            CALL drawChar(cx, y, MID$(text, i, 1), 
                curcol, fontData())
 06AE   0026                            w = fontData(cc * (hh + 1)): IF w = 0 T
                HEN w = 3
 06D4   0026                            cx = cx + w + 1
 06D4   0026                    END IF
 06DE   0026            NEXT i
 06ED   0026            gItal = 0
 06ED   0026    END SUB
 06FB   0026    
 06FB   0026    '----- pixel width of a string (for proportional word-wrap)
 06FB   0026    FUNCTION textWidth (text AS STRING, fontData() AS INTEGER)
 0706   0026            DIM i AS INTEGER, cc AS INTEGER, w AS INTEGER, tot AS I
                NTEGER, hh AS INTEGER
 0706   0026            hh = fontData(0): tot = 0
 0706   0026            FOR i = 1 TO LEN(text)
 072E   0026                    cc = ASC(MID$(text, i, 1))
 072E   0026                    IF cc = 32 THEN
 072E   0026                            tot = tot + 4
 072E   0026                    ELSEIF cc <> 126 AND cc <> 95 AND cc <> 124 THE
                N
 0753   0026                            w = fontData(cc * (hh + 1)): IF w = 0 T
                HEN w = 3
 07A2   0026                            tot = tot + w + 1
 07A2   0026                    END IF
 07AC   0026            NEXT i
                                                                      PAGE   4
                                                                      25 Aug 26
                                                                      17:32:11
Offset  Data    Source Line      Microsoft (R) QuickBASIC Compiler Version 4.50

 07BB   0026            textWidth = tot
 07BB   0026    END FUNCTION
 07D6   0026    
 07D6   0026    '----- draw a string word-wrapped to maxpx pixels/line (collaps
                es space runs); a backslash forces a line break, two backslashe
                s = a blank line
 07D6   0026    SUB drawWrap (x AS INTEGER, y AS INTEGER, txt AS STRING, col AS
                 INTEGER, maxpx AS INTEGER, lineh AS INTEGER, fontData() AS INT
                EGER)
 07E1   0026            DIM cy AS INTEGER, i AS INTEGER, ch AS STRING, word AS 
                STRING, ln AS STRING, ww AS INTEGER, lw AS INTEGER, brc AS STRI
                NG
 07E1   0026            cy = y: ln = "": lw = 0: word = "": brc = CHR$(92)
 07E1   0026            FOR i = 1 TO LEN(txt) + 1
 082E   0026                    IF i <= LEN(txt) THEN ch = MID$(txt, i, 1) ELSE
                 ch = " "
 0867   0026                    IF ch = " " OR ch = brc THEN
 0867   0026                            IF LEN(word) > 0 THEN
 0867   0026                                    ww = textWidth(word, fontData()
                )
 0867   0026                                    IF lw = 0 THEN
 0867   0026                                            ln = word: lw = ww
 0867   0026                                    ELSEIF lw + 4 + ww > maxpx THEN
 08E7   0026                                            CALL drawText(x, cy, ln
                , col, fontData()): cy = cy + lineh: ln = word: lw = ww
 0910   0026                                    ELSE
 092E   0026                                            ln = ln + " " + word: l
                w = lw + 4 + ww
 092E   0026                                    END IF
 095B   0026                                    word = ""
 095B   0026                            END IF
 0968   0026                            IF ch = brc THEN
 0968   0026                                    CALL drawText(x, cy, ln, col, f
                ontData())
 0990   0026                                    '----- a blank row (double back
                slash) advances HALF a line: paragraph
 0990   0026                                    '----- gaps stay clear while lo
                ng book pages still fit 200 rows
 0990   0026                                    IF LEN(ln) = 0 THEN cy = cy + l
                ineh \ 2 ELSE cy = cy + lineh
 09B9   0026                                    ln = "": lw = 0
 09B9   0026                            END IF
 09CB   0026                    ELSE
 09CE   0026                            word = word + ch
 09CE   0026                    END IF
 09E5   0026            NEXT i
 09F4   0026            IF LEN(ln) > 0 THEN CALL drawText(x, cy, ln, col, fontD
                ata())
 0A1A   0026    END SUB
 0A46   0026    
 0A46   0026    '----- live Progress % (top-left box) + in-game clock H:MM (top
                -right box), drawn in the empty
 0A46   0026    '----- space right of INVMAIN's baked "Progress"/"Time" labels.
                 Heavy code lives here (GAME3 has room).
                                                                      PAGE   5
                                                                      25 Aug 26
                                                                      17:32:11
Offset  Data    Source Line      Microsoft (R) QuickBASIC Compiler Version 4.50

 0A46   0026    SUB drawStats (ob() AS SINGLE, cl AS SINGLE, cr AS SINGLE, font
                Data() AS INTEGER)
 0A51   0026            DIM tmin AS INTEGER, hh AS INTEGER, mm AS INTEGER, pcnt
                 AS INTEGER, i AS INTEGER
 0A51   0026            tmin = INT(cl * cr): hh = 8 + tmin \ 60: mm = tmin - (h
                h - 8) * 60
 0A51   0026            pcnt = 0
 0A51   0026            FOR i = 1 TO 51
 0A94   0026                    IF ob(i) >= 1 THEN pcnt = pcnt + 1
 0ABB   0026            NEXT i
 0AC7   0026            IF ob(36) >= 1 THEN pcnt = pcnt + 2
 0AEC   0026            IF ob(35) >= 1 THEN pcnt = pcnt + 2
 0B11   0026            pcnt = CINT(pcnt * 100 / 47)
 0B11   0026            CALL drawText(49, 11, LTRIM$(STR$(pcnt)) + "%", 2, font
                Data())
 0B79   0026            CALL drawText(278, 11, LTRIM$(STR$(hh)) + ":" + RIGHT$(
                "0" + LTRIM$(STR$(mm)), 2), 2, fontData())
 0BF4   0026    END SUB
 0BFC   0026    
 0BFC   0026    '----- load all three fonts at startup, each into its own array
                 (renderer selects via the fontData() arg)
 0BFC   0026    SUB initAllFonts (fontData() AS INTEGER, font3Data() AS INTEGER
                , fontbData() AS INTEGER)
 0C07   0026            CALL initFontSystem(fontData(), "font.txt")
 0C29   0026            CALL initFontSystem(font3Data(), "font3.txt")
 0C4B   0026            CALL initFontSystem(fontbData(), "fontbold.txt")
 0C6D   0026    END SUB
 0C75   0026    
 0C75   0026    '----- top-of-screen message: black-bar the top rows, then word
                -wrap the string in the given font
 0C75   0026    SUB drawMsg (s AS STRING, fontData() AS INTEGER)
 0C80   0026            DIM lh AS INTEGER
 0C80   0026            lh = fontData(0) + 1
 0C80   0026            LINE (0, 0)-(319, lh * 2 - 1), 0, BF
 0C80   0026            CALL drawWrap(2, 1, s, 3, 314, lh, fontData())
 0CEC   0026    END SUB
 0CF4   0026    
 0CF4   0026    '----- bottom-left HUD: which inventory item the Use verb appli
                es ("U" in the
 0CF4   0026    '----- room's attr-3 brown, the rest attr-1 gray). Clears the s
                trip when
 0CF4   0026    '----- nothing usable is held.
 0CF4   0026    SUB HudUse (sel2 AS INTEGER, ob() AS SINGLE, sn$(), fontData() 
                AS INTEGER)
 0CFF   0026            DIM it$
 0CFF   0026            it$ = ""
 0CFF   0026            IF sel2 >= 1 AND sel2 <= 65 THEN
 0CFF   0026                    IF ob(sel2) = 1 THEN it$ = sn$(sel2)
 0D62   0026            END IF
 0D62   0026            LINE (0, 192)-(170, 199), 0, BF
 0D62   0026            IF it$ = "" THEN EXIT SUB
 0D9D   0026            CALL drawText(3, 192, "U", 3, fontData())
 0DDA   0026            CALL drawText(3 + textWidth("U", fontData()), 192, "se 
                = " + it$, 1, fontData())
                                                                      PAGE   6
                                                                      25 Aug 26
                                                                      17:32:11
Offset  Data    Source Line      Microsoft (R) QuickBASIC Compiler Version 4.50

 0E53   0026    END SUB
 0E64   0026    
 0E64   0026    '----- intro: black the palette, hold ~1s (hides the slow carr.
                pic BLOAD on old hardware), then load + reveal the car scene
 0E64   0026    SUB introShowCarr
 0E6F   0026            DIM t9 AS SINGLE, d9 AS SINGLE
 0E6F   0026            PALETTE 1, 0: PALETTE 2, 0: PALETTE 3, 0
 0E6F   0026            t9 = TIMER
 0E6F   0026            DO
 0EAA   0026                    d9 = TIMER - t9: IF d9 < 0 THEN d9 = d9 + 86400
 0EE2   0026            LOOP WHILE d9 < 1
 0EE2   0026            DEF SEG = &HB800: BLOAD "carr.pic", 0: DEF SEG
 0EE2   0026            PALETTE 3, 6: PALETTE 1, 2: PALETTE 2, 11
 0EE2   0026    END SUB
 0F47   0026    
 0F47   0026    '----- fade "A Kreuzer Production" (attr 3) in through the CGA 
                grays: 0 black -> 8 dk-gray -> 7 lt-gray -> 15 white, then hold
 0F47   0026    SUB introFadeCredit
 0F52   0026            DIM t9 AS SINGLE, d9 AS SINGLE, fws AS SINGLE
 0F52   0026            fws = .15
 0F52   0026            PALETTE 3, 8: GOSUB fcw
 0F74   0026            PALETTE 3, 7: GOSUB fcw
 0F8B   0026            PALETTE 3, 15: GOSUB fcw
 0FA2   0026            fws = .5: GOSUB fcw
 0FB5   0026            EXIT SUB
 0FB5   0026            fcw:
 0FB8   0026            t9 = TIMER
 0FB8   0026            DO
 0FCE   0026                    d9 = TIMER - t9: IF d9 < 0 THEN d9 = d9 + 86400
 1006   0026            LOOP WHILE d9 < fws
 1006   0026            RETURN
 1006   0026    END SUB
 1024   0026    
 1024   0026    '----- book reader: hold the just-loaded book picture ~1.5s, th
                en clear and word-wrap the book's text in the given font
 1024   0026    SUB showBook (sel AS SINGLE, fontData() AS INTEGER)
 102F   0026            DIM t9 AS SINGLE, d9 AS SINGLE, bt AS STRING, lh AS INT
                EGER
 102F   0026            '----- linger on the book art, but any key skips straig
                ht to the text
 102F   0026            t9 = TIMER
 102F   0026            DO
 1040   0026                    d9 = TIMER - t9: IF d9 < 0 THEN d9 = d9 + 86400
 1078   0026                    IF INKEY$ <> "" THEN EXIT DO
 108C   0026            LOOP WHILE d9 < 1.5
 109E   0026            bt = ""
 109E   0026            SELECT CASE sel
 109E   0026            CASE 3
 109E   0026                    bt = "The other doctors have become weary as th
                e"
 109E   0026                    bt = bt + " research money is drying up. I have
                 taken the"
 109E   0026                    bt = bt + " liberty of hiding the rest so they 
                do not get"
                                                                      PAGE   7
                                                                      25 Aug 26
                                                                      17:32:11
Offset  Data    Source Line      Microsoft (R) QuickBASIC Compiler Version 4.50

 109E   0026                    bt = bt + " greedy and steal it. The money is n
                ow boarded up"
 109E   0026                    bt = bt + " in the headboard of my bed; not eve
                n the"
 109E   0026                    bt = bt + " servants know about it.\\Time is th
                e barrier to"
 109E   0026                    bt = bt + " the place of the damned."
 109E   0026            CASE 9
 1166   0026                    bt = "Patient: Naton McDaniel\Disorder: Paranoi
                d"
 1166   0026                    bt = bt + " Schizophrenia\Notes: Nervous, compl
                ains of"
 1166   0026                    bt = bt + " voices, often talks in gibberish.\I
                D: 12443"
 1166   0026                    bt = bt + "\\Patient: Havos Lobos\Disorder: Sev
                ere"
 1166   0026                    bt = bt + " Delusions\Notes: What he sees and h
                ears becomes"
 1166   0026                    bt = bt + " his reality. Very dangerous.\ID: 38
                5938"
 1166   0026                    bt = bt + "\\Patient: Gary Coleman\Disorder: Ps
                ychotic"
 1166   0026                    bt = bt + " dementia\Notes: A leader among the 
                patients,"
 1166   0026                    bt = bt + " fixated on knives, blood and sacrif
                ice."
 1166   0026                    bt = bt + " Extremely disturbed.\ID: 485970"
 1166   0026            CASE 10
 125A   0026                    bt = "I have concluded another successful exper
                iment."
 125A   0026                    bt = bt + "  This time the other doctors have g
                rown greedy"
 125A   0026                    bt = bt + " and want the notes for themselves. 
                 So I gave"
 125A   0026                    bt = bt + " them to the servants and coded them
                 -- and the"
 125A   0026                    bt = bt + " code book is hidden, where they wil
                l never find"
 125A   0026                    bt = bt + " it nor steal my breakthrough."
 125A   0026            CASE 19
 12F2   0026                    bt = "3/15\The patients have become unruly. I f
                ear they"
 12F2   0026                    bt = bt + " will overpower us, but the research
                 must go on."
 12F2   0026                    bt = bt + "\\3/17\The other doctors too are con
                cerned. We"
 12F2   0026                    bt = bt + " are tired from the long hours and m
                ake many"
 12F2   0026                    bt = bt + " errors of judgment.\\3/23\Something
                 in the air"
 12F2   0026                    bt = bt + " down there clouds my head. I have m
                oved my"
 12F2   0026                    bt = bt + " practice to the attic, hidden behin
                d a pit of"
                                                                      PAGE   8
                                                                      25 Aug 26
                                                                      17:32:11
Offset  Data    Source Line      Microsoft (R) QuickBASIC Compiler Version 4.50

 12F2   0026                    bt = bt + " ash that only an electric circuit w
                ill open."
 12F2   0026                    bt = bt + " The MPTP vials are upper left.\\3/2
                9\Edwards has"
 12F2   0026                    bt = bt + " been following me. I fear he grows 
                suspicious."
 12F2   0026                    bt = bt + " (The rest of the page is torn away.
                )"
 12F2   0026            CASE 21
 13FD   0026                    bt = "The Zombie Syrem\\MPTP -- this formula ha
                rbors the"
 13FD   0026                    bt = bt + " most dangerous compound known, one 
                that leaves a"
 13FD   0026                    bt = bt + " victim paralyzed for days at a time
                . The"
 13FD   0026                    bt = bt + " conclusive test on human subjects h
                as yielded"
 13FD   0026                    bt = bt + " promising results.\\The subjects, t
                hough, gain in"
 13FD   0026                    bt = bt + " strength and reflex, growing harder
                 to control."
 13FD   0026                    bt = bt + " We have begun using torture to curb
                 them; it is"
 13FD   0026                    bt = bt + " almost safer to keep them on it per
                manently, lest"
 13FD   0026                    bt = bt + " they overthrow the doctors."
 13FD   0026            CASE 25
 14DA   0026                    bt = "A Cipher Key\\A slim codex of symbols, ea
                ch set"
 14DA   0026                    bt = bt + " beside its true letter. The doctor 
                coded his"
 14DA   0026                    bt = bt + " notes to keep them from greedy hand
                s -- but with"
 14DA   0026                    bt = bt + " this key the cipher gives way. Lay 
                it against the"
 14DA   0026                    bt = bt + " torn halves of the formula and the 
                scattered"
 14DA   0026                    bt = bt + " notations resolve into a single, co
                mplete"
 14DA   0026                    bt = bt + " working."
 14DA   0026            CASE ELSE
 1589   0026                    bt = "The pages are water-stained and illegible
                ."
 1589   0026            END SELECT
 1596   0026            '----- the page: dark-gray paper (attr 3 -> 8), white i
                nk (attr 1 -> 15);
 1596   0026            '----- doexam's return path restores the inventory pale
                tte (1,6 2,7 3,8)
 1596   0026            LINE (0, 0)-(319, 199), 3, BF
 1596   0026            PALETTE 3, 8
 1596   0026            PALETTE 1, 15
 1596   0026            '----- +2 line pitch (was +1): roomier reading; the dia
                ry (longest text)
 1596   0026            '----- still fits 200 rows because paragraph blanks adv
                                                                      PAGE   9
                                                                      25 Aug 26
                                                                      17:32:11
Offset  Data    Source Line      Microsoft (R) QuickBASIC Compiler Version 4.50

                ance half a line
 1596   0026            lh = fontData(0) + 2
 1596   0026            CALL drawWrap(6, 2, bt, 1, 308, lh, fontData())
 1621   0026    END SUB
 1632   0026    
 1632   0026    '----- ShowRules: the pre-game instructions screen (moved verba
                tim from
 1632   0026    '----- GAME.BAS's rules: gosub -- that module is at the 64K cod
                e ceiling)
 1632   0026    SUB ShowRules
 163D   0026            CLS
 163D   0026            WIDTH 80
 163D   0026            PRINT " Welcome to the premier point and click game by 
                Kreuzer productions"
 163D   0026            PRINT " The point and click interface is really quite e
                asy. Move the green"
 163D   0026            PRINT " cursor onto the object you want to manipulate a
                nd press one of "
 163D   0026            PRINT " these keys. (a) for action . (l) to look at an 
                object. Type (u) to"
 163D   0026            PRINT " use th active object. (g) to get that object.(n
                ote) some objects you"
 163D   0026            PRINT " must look at to get or you must look at the dra
                wer to find the object "
 163D   0026            PRINT " inside. Also at any time during the game you ma
                y press (i) to display "
 163D   0026            PRINT " the your inventory ,time and place. Plus you ma
                y load,save or quit"
 163D   0026            PRINT " or select the active object from this screen. "
 163D   0026            PRINT " if you seem to be stuck it would be wise to bac
                ktrack and look to see if"
 163D   0026            PRINT " you anything new has opened up or one of your o
                bjects has a use in that"
 163D   0026            PRINT " room. If action does not work on something you 
                might try look or get or"
 163D   0026            PRINT " vice versa, also try clicking the cursor on dif
                ferent parts of the object"
 163D   0026            PRINT " it might reveal different things. "
 163D   0026            PRINT " Hints: Click (a) on and arrow by the door to le
                ave"
 163D   0026            PRINT " Even though it might seem as if two or more obj
                ects"
 163D   0026            PRINT " could do the trick, usually only one will work.
                "
 163D   0026            PRINT " Just to get you started move your cursor by the
                 rug of the first"
 163D   0026            PRINT " room. Then press (l) it will say you see a lump
                y rug. That didn't help."
 163D   0026            PRINT " Don't worry, save often you never know what may
                 happen"
 163D   0026            PRINT " P.S. Time does matter"
 163D   0026            PRINT " Get ready to journey into the twisting and cont
                orting shadows of"
 163D   0026            PRINT " your uncle's residence"
                                                                      PAGE  10
                                                                      25 Aug 26
                                                                      17:32:11
Offset  Data    Source Line      Microsoft (R) QuickBASIC Compiler Version 4.50

 163D   0026            PRINT " PRESS ANY KEY TO CONTINUE "
 163D   0026            DO
 172C   0026                    rk$ = INKEY$
 172C   0026            LOOP WHILE rk$ = ""
 172C   0026            SCREEN 1
 172C   0026    END SUB
 1769   0026    
 1769   0026    '----- Credits / ending sequence (moved verbatim from GAME.BAS 
                -- 64K ceiling).
 1769   0026    '----- gd% carries ob(43): 1 = curtains were lit -> the house-b
                urns good
 1769   0026    '----- ending; anything else -> the bad "uncle not saved" scree
                n.
 1769   0026    SUB Credits (gd%)
 1774   0026            DIM e0(600) AS INTEGER
 178C   0026            SCREEN 1
 178C   0026            KEY OFF
 179A   0026            PALETTE 1, 8: PALETTE 2, 4: PALETTE 3, 14
 179A   0026            IF gd% <> 1 THEN GOTO 15700
 17DA   0026    
 17DA   0026            '----- good ending: house burns
 17DA   0026            DEF SEG = &HB800: BLOAD "end.pic", 0: DEF SEG
 17DA   0026            PLAY "e-6d5e-5d5f7p7"
 1801   0026            PLAY "a5>c6<b6a5g6a4"
 180A   0026            FOR e3 = 1 TO 5: SOUND 32761, 1: NEXT e3
 1844   0026    
 1844   0026            FOR e6 = 1 TO 3
 184C   0026                    FOR e4 = 1 TO 3
 1854   0026                            IF e4 = 1 THEN e5 = 8 ELSE IF e4 = 2 TH
                EN e5 = 7 ELSE e5 = 15
 18A5   0026                            PALETTE e6, e5
 18A5   0026                            FOR e3 = 1 TO 5: IF RND < .9 THEN SOUND
                 RND * 71 + 50, (RND * .2) + .3 ELSE SOUND 32767, .5
 1934   0026                            NEXT e3
 1958   0026                    NEXT e4: NEXT e6
 19A0   0026    
 19A0   0026            PALETTE 0, 15
 19A0   0026            DEF SEG = &HB800: BLOAD "end2.pic", 0: DEF SEG
 19A0   0026            FOR e3 = 1 TO 7: SOUND 32671, .5: NEXT e3
 1A06   0026            PALETTE 0, 0
 1A06   0026    
 1A06   0026            FOR e6 = 1 TO 3
 1A1C   0026                    FOR e4 = 1 TO 3
 1A24   0026                            IF e4 = 1 THEN e5 = 8 ELSE IF e4 = 2 TH
                EN e5 = 7 ELSE GOSUB 15640
 1A72   0026                            PALETTE e6, e5
 1A72   0026                            FOR e3 = 1 TO 5: IF RND < .9 THEN SOUND
                 RND * 71 + 50, (RND * .2) + .3 ELSE SOUND 32767, .5
 1B00   0026                            NEXT e3
 1B24   0026                    NEXT e4: NEXT e6
 1B6C   0026    
 1B6C   0026            FOR e3 = 1 TO 40: SOUND 32676, .1: NEXT e3
 1BA6   0026            GOSUB 15660
 1BAE   0026            FOR e3 = 1 TO 20: SOUND 32761, 1: NEXT e3
                                                                      PAGE  11
                                                                      25 Aug 26
                                                                      17:32:11
Offset  Data    Source Line      Microsoft (R) QuickBASIC Compiler Version 4.50

 1BE8   0026            GOSUB 15650
 1BF0   0026    
 1BF0   0026            '----- closing narration
 1BF0   0026            PRINT "You run swiftly from the flaming"
 1BF0   0026            PRINT "building that is being consumed by"
 1BF0   0026            PRINT "the blaze. As you look back at the"
 1BF0   0026            PRINT "burning house, spewing fiery shrapnel"
 1BF0   0026            PRINT "about the grounds you wonder about"
 1BF0   0026            PRINT "your uncle and his work. What was"
 1BF0   0026            PRINT "he realy like? What was obliterated"
 1BF0   0026            PRINT "in the house? Did you leave something"
 1BF0   0026            PRINT "behind or undone ...."
 1BF0   0026            PRINT "Maybe some day you'll find out."
 1BF0   0026            PRINT "": PRINT "Press a key to exit."
 1BF0   0026    15592 IF INKEY$ = "" THEN GOTO 15592
 1C72   0026            EXIT SUB
 1C72   0026    
 1C72   0026            '----- pick palette color by frame
 1C72   0026    15640 IF e6 = 1 THEN e5 = 8
 1C9A   0026            IF e6 = 2 THEN e5 = 2
 1CBA   0026            IF e6 = 3 THEN e5 = 6
 1CDA   0026            RETURN
 1CDA   0026    
 1CDA   0026            '----- static-screen wipe effect
 1CDA   0026    15650 FOR e3 = 1 TO 23: FOR e2 = 1 TO 40
 1CF4   0026                    LOCATE INT(RND * 23) + 1, INT(RND * 40) + 1: PR
                INT " "
 1CF4   0026                    SOUND 32676, .05
 1D61   0026            NEXT e2: NEXT e3
 1DA9   0026            CLS
 1DA9   0026            RETURN
 1DA9   0026    
 1DA9   0026            '----- flying shrapnel animation
 1DA9   0026    15660 GET (212, 140)-(262, 160), e0
 1DB7   0026            PUT (212, 140), e0, XOR
 1DB7   0026            LINE (211, 148)-(265, 148), 1
 1DB7   0026            FOR e1 = 212 TO 65 STEP -1
 1E38   0026                    PUT (e1, 140), e0, XOR
 1E38   0026                    SOUND (RND * 100) + 50, .1: SOUND 100, .1
 1E96   0026                    PUT (e1, 140), e0, XOR
 1E96   0026            NEXT e1
 1EE0   0026            RETURN
 1EE0   0026    
 1EE0   0026            '----- bad ending (uncle not saved)
 1EE0   0026    15700 DEF SEG = &HB800: BLOAD "end1.pic", 0: DEF SEG
 1EE5   0026            PALETTE 1, 8: PALETTE 2, 4: PALETTE 3, 14
 1EE5   0026            PLAY "e-6d5e-5d5f7p7"
 1F3E   0026            PLAY "a5>c6<b6a5g6a4"
 1F47   0026    15704 IF INKEY$ = "" THEN GOTO 15704
 1F5D   0026            EXIT SUB
 1F5D   0026    END SUB
 1F71   0026    
 1F90   0026    
                                                                      PAGE  12
                                                                      25 Aug 26
                                                                      17:32:11
Offset  Data    Source Line      Microsoft (R) QuickBASIC Compiler Version 4.50


43949 Bytes Available
32948 Bytes Free

    0 Warning Error(s)
    0 Severe  Error(s)
