
 Start  Stop   Length Name                   Class
 00000H 0FCD2H 0FCD3H GAME_CODE              BC_CODE
 0FCE0H 16576H 06897H GAME2_CODE             BC_CODE
 16580H 1850FH 01F90H GAME3_CODE             BC_CODE
 18510H 1DB66H 05657H GAME4_CODE             BC_CODE
 1DB70H 1EB4DH 00FDEH GAME5_CODE             BC_CODE
 1EB4EH 1EB59H 0000CH ABSOLUTE_TEXT          CODE
 1EB5AH 1EC60H 00107H INTRPT_TEXT            CODE
 1EC62H 28839H 09BD8H CODE                   CODE
 2883AH 289C5H 0018CH INIT_CODE              CODE
 289D0H 29B49H 0117AH _TEXT                  CODE
 29B50H 2BF7FH 02430H EMULATOR_TEXT          CODE
 2BF80H 2BF80H 00000H C_ETEXT                ENDCODE
 2BF80H 2BF87H 00008H FAR_HDR                FAR_MSG
 2BF88H 2C5D4H 0064DH FAR_MSG                FAR_MSG
 2C5D5H 2C5D6H 00002H FAR_PAD                FAR_MSG
 2C5D7H 2C5D7H 00001H FAR_EPAD               FAR_MSG
 2C5E0H 2C74FH 00170H EMULATOR_DATA          FAR_DATA
 2C750H 2C750H 00000H BR_DATA                BLANK
 2C750H 2C77FH 00030H BR_SKYS                BLANK
 2C780H 2C7F7H 00078H COMMON                 BLANK
 2C7F8H 2E301H 01B0AH BC_DATA                BC_VARS
 2E302H 2E307H 00006H NMALLOC                BC_VARS
 2E308H 2E308H 00000H ENMALLOC               BC_VARS
 2E308H 2E308H 00000H BC_FT                  BC_SEGS
 2E310H 3165FH 03350H BC_CN                  BC_SEGS
 31660H 316A2H 00043H BC_DS                  BC_SEGS
 316A4H 316A4H 00000H BC_SAB                 BC_SEGS
 316A4H 316B7H 00014H BC_SA                  BC_SEGS
 316B8H 316BBH 00004H BC_SAE                 BC_SEGS
 316BCH 31B09H 0044EH _DATA                  DATA
 31B0AH 320DFH 005D6H _BSS                   DATA
 320E0H 3219BH 000BCH CONST                  DATA
 3219CH 3219CH 00000H XIB                    DATA
 3219CH 321EFH 00054H XI                     DATA
 321F0H 321F0H 00000H XIE                    DATA
 321F0H 322ECH 000FDH BR_DATA                DATA
 322EEH 322F9H 0000CH DBDATA                 DATA
 322FAH 32307H 0000EH CDATA                  DATA
 32308H 32308H 00000H XIFB                   DATA
 32308H 32308H 00000H XIF                    DATA
 32308H 32308H 00000H XIFE                   DATA
 32308H 32308H 00000H XPB                    DATA
 32308H 32308H 00000H XP                     DATA
 32308H 32308H 00000H XPE                    DATA
 32308H 32308H 00000H XCB                    DATA
 32308H 3230BH 00004H XC                     DATA
 3230CH 3230CH 00000H XCE                    DATA
 3230CH 3230CH 00000H XCFB                   DATA
 3230CH 3230CH 00000H XCF                    DATA
 3230CH 3230CH 00000H XCFE                   DATA
 3230CH 3230CH 00000H BC_DATA                BC_DATA
 3230CH 3230CH 00000H _BSS                   BSS
 3230CH 3230CH 00000H XOB                    BSS
 3230CH 3230CH 00000H XO                     BSS
 3230CH 3230CH 00000H XOE                    BSS
 32310H 32B0FH 00800H STACK                  STACK

 Origin   Group
 2C75:0   DGROUP
 2BF8:0   FMGROUP

Program entry point at 289D:00C8
