
 Start  Stop   Length Name                   Class
 00000H 0FD80H 0FD81H GAME_CODE              BC_CODE
 0FD90H 16672H 068E3H GAME2_CODE             BC_CODE
 16680H 1860FH 01F90H GAME3_CODE             BC_CODE
 18610H 1DC66H 05657H GAME4_CODE             BC_CODE
 1DC70H 1EC4DH 00FDEH GAME5_CODE             BC_CODE
 1EC50H 20E53H 02204H GAME6_CODE             BC_CODE
 20E54H 20E5FH 0000CH ABSOLUTE_TEXT          CODE
 20E60H 20F66H 00107H INTRPT_TEXT            CODE
 20F68H 20F68H 00000H DOSFILE_TEXT           CODE
 20F68H 22B5BH 01BF4H dos_text               CODE
 22B5CH 22B5CH 00000H DOSMEM_TEXT            CODE
 22B5CH 22B5CH 00000H DOSBFILE_TEXT          CODE
 22B5CH 22B5CH 00000H EMSALLOC_TEXT          CODE
 22B5CH 231C4H 00669H ems_text               CODE
 231C6H 231C6H 00000H EMSBLOCK_TEXT          CODE
 231C6H 231C6H 00000H EMSFILL_TEXT           CODE
 231C6H 231C6H 00000H EMSFREE_TEXT           CODE
 231C6H 231C6H 00000H EMSHEAP_TEXT           CODE
 231C6H 231C6H 00000H EMSMAP_TEXT            CODE
 231C6H 234E1H 0031CH MDVBE_TEXT             CODE
 234E2H 234E2H 00000H MDARCH_TEXT            CODE
 234E2H 23641H 00160H MSCMISC_TEXT           CODE
 23642H 2385FH 0021EH MSCCPU_TEXT            CODE
 23860H 23A1AH 001BBH MSCEXITQ_TEXT          CODE
 23A1CH 23A8BH 00070H DCTBNK_TEXT            CODE
 23A90H 28242H 047B3H ugl_text               CODE
 28244H 28354H 00111H DCTEMS_TEXT            CODE
 28356H 2844CH 000F7H DCTMEM_TEXT            CODE
 2844EH 28662H 00215H 8MAIN_TEXT             CODE
 28664H 286B1H 0004EH 8CONV_TEXT             CODE
 286B2H 286B2H 00000H 8PIXEL_TEXT            CODE
 286B2H 286B2H 00000H 8LINE_TEXT             CODE
 286B2H 286B2H 00000H 8VLINE_TEXT            CODE
 286B2H 286B2H 00000H 8PUTM_TEXT             CODE
 286B2H 286B2H 00000H 8PUTB_TEXT             CODE
 286B2H 286B2H 00000H 8HFLIP_TEXT            CODE
 286B2H 286B2H 00000H 8PLXF_TEXT             CODE
 286B2H 286B2H 00000H 8PLXG_TEXT             CODE
 286B2H 286B2H 00000H 8PLXT_TEXT             CODE
 286B2H 286B2H 00000H 8PLXTP_TEXT            CODE
 286B2H 286B2H 00000H 8CONV_M_TEXT           CODE
 286B2H 28796H 000E5H 15MAIN_TEXT            CODE
 28798H 287EBH 00054H 15CONV_TEXT            CODE
 287ECH 287ECH 00000H 15PUTM_TEXT            CODE
 287ECH 287ECH 00000H 15HFLIP_TEXT           CODE
 287ECH 287ECH 00000H 15PLXG_TEXT            CODE
 287ECH 287ECH 00000H 15PLXT_TEXT            CODE
 287ECH 287ECH 00000H 15CONV_M_TEXT          CODE
 287ECH 288CFH 000E4H 16MAIN_TEXT            CODE
 288D0H 28923H 00054H 16CONV_TEXT            CODE
 28924H 28924H 00000H 16PIXEL_TEXT           CODE
 28924H 28924H 00000H 16LINE_TEXT            CODE
 28924H 28924H 00000H 16VLINE_TEXT           CODE
 28924H 28924H 00000H 16PUTM_TEXT            CODE
 28924H 28924H 00000H 16HFLIP_TEXT           CODE
 28924H 28924H 00000H 16PLXF_TEXT            CODE
 28924H 28924H 00000H 16PLXG_TEXT            CODE
 28924H 28924H 00000H 16PLXT_TEXT            CODE
 28924H 28924H 00000H 16CONV_M_TEXT          CODE
 28924H 28A0AH 000E7H 32MAIN_TEXT            CODE
 28A0CH 28A49H 0003EH 32CONV_TEXT            CODE
 28A4AH 28A4AH 00000H 32PIXEL_TEXT           CODE
 28A4AH 28A4AH 00000H 32LINE_TEXT            CODE
 28A4AH 28A4AH 00000H 32VLINE_TEXT           CODE
 28A4AH 28A4AH 00000H 32PUTM_TEXT            CODE
 28A4AH 28A4AH 00000H 32HFLIP_TEXT           CODE
 28A4AH 28A4AH 00000H 32PLXF_TEXT            CODE
 28A4AH 28A4AH 00000H 32PLXG_TEXT            CODE
 28A4AH 28A4AH 00000H 32PLXT_TEXT            CODE
 28A4AH 28A4AH 00000H 32CONV_M_TEXT          CODE
 28A4AH 2916AH 00721H UGLBMP_TEXT            CODE
 2916CH 291DDH 00072H UGLDEL_TEXT            CODE
 291DEH 291DEH 00000H UGLMAIN_TEXT           CODE
 291DEH 291DEH 00000H UGLMODE_TEXT           CODE
 291DEH 29511H 00334H UGLNEW_TEXT            CODE
 29512H 29512H 00000H UGLPAGE_TEXT           CODE
 29512H 29530H 0001FH UGLROW_TEXT            CODE
 29532H 2966DH 0013CH UGLPAL_TEXT            CODE
 2966EH 33439H 09DCCH CODE                   CODE
 3343AH 335C5H 0018CH INIT_CODE              CODE
 335D0H 34799H 011CAH _TEXT                  CODE
 347A0H 36BCFH 02430H EMULATOR_TEXT          CODE
 36BD0H 36BD0H 00000H C_ETEXT                ENDCODE
 36BD0H 36BD7H 00008H FAR_HDR                FAR_MSG
 36BD8H 37224H 0064DH FAR_MSG                FAR_MSG
 37225H 37226H 00002H FAR_PAD                FAR_MSG
 37227H 37227H 00001H FAR_EPAD               FAR_MSG
 37230H 3739FH 00170H EMULATOR_DATA          FAR_DATA
 373A0H 373A0H 00000H BR_DATA                BLANK
 373A0H 373CFH 00030H BR_SKYS                BLANK
 373D0H 3744BH 0007CH COMMON                 BLANK
 3744CH 38F8DH 01B42H BC_DATA                BC_VARS
 38F8EH 38F93H 00006H NMALLOC                BC_VARS
 38F94H 38F94H 00000H ENMALLOC               BC_VARS
 38F94H 38F94H 00000H BC_FT                  BC_SEGS
 38FA0H 3C715H 03776H BC_CN                  BC_SEGS
 3C720H 3C772H 00053H BC_DS                  BC_SEGS
 3C774H 3C774H 00000H BC_SAB                 BC_SEGS
 3C774H 3C78BH 00018H BC_SA                  BC_SEGS
 3C78CH 3C78FH 00004H BC_SAE                 BC_SEGS
 3C790H 3D90FH 01180H _DATA                  DATA
 3D910H 3DEE5H 005D6H _BSS                   DATA
 3DEE6H 3DFA1H 000BCH CONST                  DATA
 3DFA2H 3DFA2H 00000H XIB                    DATA
 3DFA2H 3DFF5H 00054H XI                     DATA
 3DFF6H 3DFF6H 00000H XIE                    DATA
 3DFF6H 3E0F2H 000FDH BR_DATA                DATA
 3E0F4H 3E0FFH 0000CH DBDATA                 DATA
 3E100H 3E10DH 0000EH CDATA                  DATA
 3E10EH 3E10EH 00000H XIFB                   DATA
 3E10EH 3E10EH 00000H XIF                    DATA
 3E10EH 3E10EH 00000H XIFE                   DATA
 3E10EH 3E10EH 00000H XPB                    DATA
 3E10EH 3E10EH 00000H XP                     DATA
 3E10EH 3E10EH 00000H XPE                    DATA
 3E10EH 3E10EH 00000H XCB                    DATA
 3E10EH 3E111H 00004H XC                     DATA
 3E112H 3E112H 00000H XCE                    DATA
 3E112H 3E112H 00000H XCFB                   DATA
 3E112H 3E112H 00000H XCF                    DATA
 3E112H 3E112H 00000H XCFE                   DATA
 3E112H 3E1C5H 000B4H CONST                  CONST
 3E1C6H 3E1C6H 00000H BC_DATA                BC_DATA
 3E1C6H 3E235H 00070H _BSS                   BSS
 3E236H 3E236H 00000H XOB                    BSS
 3E236H 3E2B5H 00080H XO                     BSS
 3E2B6H 3E2B6H 00000H XOE                    BSS
 3E2C0H 3EABFH 00800H STACK                  STACK

 Origin   Group
 373A:0   DGROUP
 36BD:0   FMGROUP

Program entry point at 335D:0114
