                                                                      PAGE   1
                                                                      24 Aug 26
                                                                      00:18:35
Offset  Data    Source Line      Microsoft (R) QuickBASIC Compiler Version 4.50

 0030   0006    ' TESTBLT.BAS -- standalone proof for SHADBOP/SHADBLT (CALL ABS
                OLUTE blitters)
 0030   0006    ' Composites the same frame via QB PUTs and via the asm path, c
                ompares the
 0030   0006    ' results pixel-for-pixel, exercises odd-width rows, and benchm
                arks both.
 0030   0006    ' Writes RESULTS.TXT and exits (run headless from the build DOS
                Box).
 0030   0006    DEFINT A-Z
 0030   0006    DIM src1(60), src2(60), src3(60), buf(60), ref(60), got(60)
 0030   0006    DIM odds(30), oddb(30), oddr(30), oddg(30)
 0030   0006    DIM t1!, t2!, i!, n!
 0030   0006    
 0030   0006    OPEN "SHADBOP.OVL" FOR BINARY AS #1
 0035   03EA    bop$ = SPACE$(LOF(1)): GET #1, 1, bop$: CLOSE #1
 0035   03EA    OPEN "SHADBLT.OVL" FOR BINARY AS #1
 0035   03EA    blt$ = SPACE$(LOF(1)): GET #1, 1, blt$: CLOSE #1
 0035   03EA    
 0035   03EA    SCREEN 1: CLS
 0035   03EA    ' three 24x16 GET blocks: pattern / AND mask with a hole / spar
                se OR dots
 0035   03EA    FOR y = 0 TO 15: FOR x = 0 TO 23: PSET (x, y), (x + y) MOD 4: N
                EXT: NEXT
 012F   03F6    GET (0, 0)-(23, 15), src1
 012F   03F6    LINE (0, 0)-(23, 15), 3, BF
 012F   03F6    LINE (6, 4)-(17, 11), 0, BF
 012F   03F6    GET (0, 0)-(23, 15), src2
 012F   03F6    LINE (0, 0)-(23, 15), 0, BF
 012F   03F6    FOR i = 0 TO 40: PSET ((i * 7) MOD 24, (i * 5) MOD 16), 2: NEXT
 022E   03F8    GET (0, 0)-(23, 15), src3
 022E   03F8    CLS
 022E   03F8    
 022E   03F8    ' ---- reference: QB PUT composite at (48,50)
 022E   03F8    PUT (48, 50), src1, PSET
 022E   03F8    PUT (48, 50), src2, AND
 022E   03F8    PUT (48, 50), src3, OR
 022E   03F8    GET (48, 50)-(71, 65), ref
 022E   03F8    
 022E   03F8    ' ---- asm path: compose in buf() then blit to (48,100). 24px =
                 6 bytes/row.
 022E   03F8    rb = 6: rw = 16
 022E   03F8    bs = VARSEG(buf(2)): bo = VARPTR(buf(2))
 022E   03F8    buf(0) = 48: buf(1) = 16
 022E   03F8    DEF SEG = VARSEG(bop$)
 022E   03F8    CALL ABSOLUTE(BYVAL VARSEG(src1(2)), BYVAL VARPTR(src1(2)), BYV
                AL bs, BYVAL bo, BYVAL rw, BYVAL rb, BYVAL rb, BYVAL rb, BYVAL 
                0, SADD(bop$))
 0350   0402    CALL ABSOLUTE(BYVAL VARSEG(src2(2)), BYVAL VARPTR(src2(2)), BYV
                AL bs, BYVAL bo, BYVAL rw, BYVAL rb, BYVAL rb, BYVAL rb, BYVAL 
                1, SADD(bop$))
 0388   0404    CALL ABSOLUTE(BYVAL VARSEG(src3(2)), BYVAL VARPTR(src3(2)), BYV
                AL bs, BYVAL bo, BYVAL rw, BYVAL rb, BYVAL rb, BYVAL rb, BYVAL 
                2, SADD(bop$))
 03C0   0406    DEF SEG = VARSEG(blt$)
                                                                      PAGE   2
                                                                      24 Aug 26
                                                                      00:18:35
Offset  Data    Source Line      Microsoft (R) QuickBASIC Compiler Version 4.50

 03C0   0406    CALL ABSOLUTE(BYVAL bs, BYVAL bo, BYVAL 12, BYVAL 100, BYVAL rw
                , BYVAL rb, BYVAL rb, BYVAL 0, SADD(blt$))
 03FC   0408    GET (48, 100)-(71, 115), got
 03FC   0408    
 03FC   0408    bad = 0
 03FC   0408    FOR i = 2 TO 49
 0434   040A            IF ref(i) <> got(i) THEN bad = bad + 1
 0449   040A    NEXT
 0455   040A    
 0455   040A    ' ---- odd row-bytes path: 20px = 5 bytes/row, copy mode + blit
 0455   040A    FOR y = 0 TO 7: FOR x = 0 TO 19: PSET (x, y), (x * y + x) MOD 4
                : NEXT: NEXT
 0499   040A    GET (0, 0)-(19, 7), odds
 0499   040A    CLS
 0499   040A    PUT (100, 50), odds, PSET
 0499   040A    GET (100, 50)-(119, 57), oddr
 0499   040A    DEF SEG = VARSEG(bop$)
 0499   040A    CALL ABSOLUTE(BYVAL VARSEG(odds(2)), BYVAL VARPTR(odds(2)), BYV
                AL VARSEG(oddb(2)), BYVAL VARPTR(oddb(2)), BYVAL 8, BYVAL 5, BY
                VAL 5, BYVAL 5, BYVAL 0, SADD(bop$))
 054E   040C    DEF SEG = VARSEG(blt$)
 054E   040C    CALL ABSOLUTE(BYVAL VARSEG(oddb(2)), BYVAL VARPTR(oddb(2)), BYV
                AL 25, BYVAL 100, BYVAL 8, BYVAL 5, BYVAL 5, BYVAL 1, SADD(blt$
                ))
 0587   040E    GET (100, 100)-(119, 107), oddg
 0587   040E    obad = 0
 0587   040E    FOR i = 2 TO 21
 05BC   0410            IF oddr(i) <> oddg(i) THEN obad = obad + 1
 05D1   0410    NEXT
 05DD   0410    
 05DD   0410    ' ---- benchmark: 300 iterations of a 4-op composite, QB vs asm
 05DD   0410    n! = 3000
 05DD   0410    t1! = TIMER
 05DD   0410    FOR i! = 1 TO n!
 060E   0414            PUT (48, 50), src1, PSET
 060E   0414            PUT (48, 50), src2, AND
 060E   0414            PUT (48, 50), src3, OR
 060E   0414            PUT (48, 50), src2, AND
 060E   0414    NEXT
 06BC   0414    t1! = TIMER - t1!
 06BC   0414    t2! = TIMER
 06BC   0414    DEF SEG = VARSEG(bop$)
 06BC   0414    FOR i! = 1 TO n!
 0700   0418            CALL ABSOLUTE(BYVAL VARSEG(src1(2)), BYVAL VARPTR(src1(
                2)), BYVAL bs, BYVAL bo, BYVAL rw, BYVAL rb, BYVAL rb, BYVAL rb
                , BYVAL 0, SADD(bop$))
 0737   041A            CALL ABSOLUTE(BYVAL VARSEG(src2(2)), BYVAL VARPTR(src2(
                2)), BYVAL bs, BYVAL bo, BYVAL rw, BYVAL rb, BYVAL rb, BYVAL rb
                , BYVAL 1, SADD(bop$))
 076F   041C            CALL ABSOLUTE(BYVAL VARSEG(src3(2)), BYVAL VARPTR(src3(
                2)), BYVAL bs, BYVAL bo, BYVAL rw, BYVAL rb, BYVAL rb, BYVAL rb
                , BYVAL 2, SADD(bop$))
 07A7   041E            DEF SEG = VARSEG(blt$)
 07A7   041E            CALL ABSOLUTE(BYVAL bs, BYVAL bo, BYVAL 12, BYVAL 100, 
                                                                      PAGE   3
                                                                      24 Aug 26
                                                                      00:18:35
Offset  Data    Source Line      Microsoft (R) QuickBASIC Compiler Version 4.50

                BYVAL rw, BYVAL rb, BYVAL rb, BYVAL 0, SADD(blt$))
 07E3   0420            DEF SEG = VARSEG(bop$)
 07E3   0420    NEXT
 0812   0420    t2! = TIMER - t2!
 0812   0420    
 0812   0420    OPEN "RESULTS.TXT" FOR OUTPUT AS #1
 0812   0420    PRINT #1, "composite mismatch ints:"; bad; "of 48"
 0812   0420    PRINT #1, "odd-width mismatch ints:"; obad; "of 20"
 0812   0420    PRINT #1, "qb put x300:"; t1!; "s"
 0812   0420    PRINT #1, "asm     x300:"; t2!; "s"
 0812   0420    IF t2! > 0 THEN PRINT #1, "speedup: x"; t1! / t2!
 0916   0420    CLOSE #1
 0916   0420    SYSTEM
 0916   0420    
 092C   0420    

43933 Bytes Available
40479 Bytes Free

    0 Warning Error(s)
    0 Severe  Error(s)
