
 Start  Stop   Length Name                   Class
 00000H 0092BH 0092CH TESTBLT_CODE           BC_CODE
 0092CH 00937H 0000CH ABSOLUTE_TEXT          CODE
 00938H 05E53H 0551CH CODE                   CODE
 05E54H 05F66H 00113H INIT_CODE              CODE
 05F70H 06712H 007A3H _TEXT                  CODE
 06720H 08B4FH 02430H EMULATOR_TEXT          CODE
 08B50H 08B50H 00000H C_ETEXT                ENDCODE
 08B50H 08B57H 00008H FAR_HDR                FAR_MSG
 08B58H 091A4H 0064DH FAR_MSG                FAR_MSG
 091A5H 091A6H 00002H FAR_PAD                FAR_MSG
 091A7H 091A7H 00001H FAR_EPAD               FAR_MSG
 091B0H 0931FH 00170H EMULATOR_DATA          FAR_DATA
 09320H 09320H 00000H BR_DATA                BLANK
 09320H 0934FH 00030H BR_SKYS                BLANK
 09350H 09350H 00000H COMMON                 BLANK
 09350H 0976FH 00420H BC_DATA                BC_VARS
 09770H 09775H 00006H NMALLOC                BC_VARS
 09776H 09776H 00000H ENMALLOC               BC_VARS
 09776H 09776H 00000H BC_FT                  BC_SEGS
 09780H 098CDH 0014EH BC_CN                  BC_SEGS
 098D0H 098D2H 00003H BC_DS                  BC_SEGS
 098D4H 098D4H 00000H BC_SAB                 BC_SEGS
 098D4H 098D7H 00004H BC_SA                  BC_SEGS
 098D8H 098DBH 00004H BC_SAE                 BC_SEGS
 098DCH 09B39H 0025EH _DATA                  DATA
 09B3AH 09F91H 00458H _BSS                   DATA
 09F92H 09FEDH 0005CH CONST                  DATA
 09FEEH 09FEEH 00000H XIB                    DATA
 09FEEH 0A01DH 00030H XI                     DATA
 0A01EH 0A01EH 00000H XIE                    DATA
 0A01EH 0A029H 0000CH DBDATA                 DATA
 0A02AH 0A037H 0000EH CDATA                  DATA
 0A038H 0A038H 00000H XIFB                   DATA
 0A038H 0A038H 00000H XIF                    DATA
 0A038H 0A038H 00000H XIFE                   DATA
 0A038H 0A038H 00000H XPB                    DATA
 0A038H 0A038H 00000H XP                     DATA
 0A038H 0A038H 00000H XPE                    DATA
 0A038H 0A038H 00000H XCB                    DATA
 0A038H 0A03BH 00004H XC                     DATA
 0A03CH 0A03CH 00000H XCE                    DATA
 0A03CH 0A03CH 00000H XCFB                   DATA
 0A03CH 0A03CH 00000H XCF                    DATA
 0A03CH 0A03CH 00000H XCFE                   DATA
 0A03CH 0A138H 000FDH BR_DATA                DATA
 0A13AH 0A13AH 00000H BC_DATA                BC_DATA
 0A13AH 0A13AH 00000H _BSS                   BSS
 0A13AH 0A13AH 00000H XOB                    BSS
 0A13AH 0A13AH 00000H XO                     BSS
 0A13AH 0A13AH 00000H XOE                    BSS
 0A140H 0A93FH 00800H STACK                  STACK

 Origin   Group
 0932:0   DGROUP
 08B5:0   FMGROUP

Program entry point at 05F7:00C8
