
 Start  Stop   Length Name                   Class
 00000H 006B9H 006BAH TESTBLT5_CODE          BC_CODE
 006BAH 006C5H 0000CH ABSOLUTE_TEXT          CODE
 006C6H 0658FH 05ECAH CODE                   CODE
 06590H 066B2H 00123H INIT_CODE              CODE
 066C0H 0726FH 00BB0H _TEXT                  CODE
 07270H 0969FH 02430H EMULATOR_TEXT          CODE
 096A0H 096A0H 00000H C_ETEXT                ENDCODE
 096A0H 096A7H 00008H FAR_HDR                FAR_MSG
 096A8H 09CF4H 0064DH FAR_MSG                FAR_MSG
 09CF5H 09CF6H 00002H FAR_PAD                FAR_MSG
 09CF7H 09CF7H 00001H FAR_EPAD               FAR_MSG
 09D00H 09E6FH 00170H EMULATOR_DATA          FAR_DATA
 09E70H 09E70H 00000H BR_DATA                BLANK
 09E70H 09E9FH 00030H BR_SKYS                BLANK
 09EA0H 09EA0H 00000H COMMON                 BLANK
 09EA0H 09F75H 000D6H BC_DATA                BC_VARS
 09F76H 09F7BH 00006H NMALLOC                BC_VARS
 09F7CH 09F7CH 00000H ENMALLOC               BC_VARS
 09F7CH 09F7CH 00000H BC_FT                  BC_SEGS
 09F80H 09FD9H 0005AH BC_CN                  BC_SEGS
 09FE0H 09FE2H 00003H BC_DS                  BC_SEGS
 09FE4H 09FE4H 00000H BC_SAB                 BC_SEGS
 09FE4H 09FE7H 00004H BC_SA                  BC_SEGS
 09FE8H 09FEBH 00004H BC_SAE                 BC_SEGS
 09FECH 0A241H 00256H _DATA                  DATA
 0A242H 0A6ADH 0046CH _BSS                   DATA
 0A6AEH 0A709H 0005CH CONST                  DATA
 0A70AH 0A70AH 00000H XIB                    DATA
 0A70AH 0A741H 00038H XI                     DATA
 0A742H 0A742H 00000H XIE                    DATA
 0A742H 0A83EH 000FDH BR_DATA                DATA
 0A840H 0A84BH 0000CH DBDATA                 DATA
 0A84CH 0A859H 0000EH CDATA                  DATA
 0A85AH 0A85AH 00000H XIFB                   DATA
 0A85AH 0A85AH 00000H XIF                    DATA
 0A85AH 0A85AH 00000H XIFE                   DATA
 0A85AH 0A85AH 00000H XPB                    DATA
 0A85AH 0A85AH 00000H XP                     DATA
 0A85AH 0A85AH 00000H XPE                    DATA
 0A85AH 0A85AH 00000H XCB                    DATA
 0A85AH 0A85DH 00004H XC                     DATA
 0A85EH 0A85EH 00000H XCE                    DATA
 0A85EH 0A85EH 00000H XCFB                   DATA
 0A85EH 0A85EH 00000H XCF                    DATA
 0A85EH 0A85EH 00000H XCFE                   DATA
 0A85EH 0A85EH 00000H BC_DATA                BC_DATA
 0A85EH 0A85EH 00000H _BSS                   BSS
 0A85EH 0A85EH 00000H XOB                    BSS
 0A85EH 0A85EH 00000H XO                     BSS
 0A85EH 0A85EH 00000H XOE                    BSS
 0A860H 0B05FH 00800H STACK                  STACK

 Origin   Group
 09E7:0   DGROUP
 096A:0   FMGROUP

Program entry point at 066C:00C8
