
 Start  Stop   Length Name                   Class
 00000H 0180BH 0180CH HAEDIT_CODE            BC_CODE
 0180CH 01912H 00107H INTRPT_TEXT            CODE
 01914H 09425H 07B12H CODE                   CODE
 09426H 09540H 0011BH INIT_CODE              CODE
 09550H 09F6FH 00A20H _TEXT                  CODE
 09F70H 0C39FH 02430H EMULATOR_TEXT          CODE
 0C3A0H 0C3A0H 00000H C_ETEXT                ENDCODE
 0C3A0H 0C3A7H 00008H FAR_HDR                FAR_MSG
 0C3A8H 0C9F4H 0064DH FAR_MSG                FAR_MSG
 0C9F5H 0C9F6H 00002H FAR_PAD                FAR_MSG
 0C9F7H 0C9F7H 00001H FAR_EPAD               FAR_MSG
 0CA00H 0CB6FH 00170H EMULATOR_DATA          FAR_DATA
 0CB70H 0CB70H 00000H BR_DATA                BLANK
 0CB70H 0CB9FH 00030H BR_SKYS                BLANK
 0CBA0H 0CBA0H 00000H COMMON                 BLANK
 0CBA0H 0D58DH 009EEH BC_DATA                BC_VARS
 0D58EH 0D593H 00006H NMALLOC                BC_VARS
 0D594H 0D594H 00000H ENMALLOC               BC_VARS
 0D594H 0D594H 00000H BC_FT                  BC_SEGS
 0D5A0H 0D8CDH 0032EH BC_CN                  BC_SEGS
 0D8D0H 0D8D2H 00003H BC_DS                  BC_SEGS
 0D8D4H 0D8D4H 00000H BC_SAB                 BC_SEGS
 0D8D4H 0D8D7H 00004H BC_SA                  BC_SEGS
 0D8D8H 0D8DBH 00004H BC_SAE                 BC_SEGS
 0D8DCH 0DB5FH 00284H _DATA                  DATA
 0DB60H 0DBEBH 0008CH CONST                  DATA
 0DBECH 0DF9BH 003B0H _BSS                   DATA
 0DF9CH 0DF9CH 00000H XIB                    DATA
 0DF9CH 0DFCBH 00030H XI                     DATA
 0DFCCH 0DFCCH 00000H XIE                    DATA
 0DFCCH 0DFD7H 0000CH DBDATA                 DATA
 0DFD8H 0DFE5H 0000EH CDATA                  DATA
 0DFE6H 0DFE6H 00000H XIFB                   DATA
 0DFE6H 0DFE6H 00000H XIF                    DATA
 0DFE6H 0DFE6H 00000H XIFE                   DATA
 0DFE6H 0DFE6H 00000H XPB                    DATA
 0DFE6H 0DFE6H 00000H XP                     DATA
 0DFE6H 0DFE6H 00000H XPE                    DATA
 0DFE6H 0DFE6H 00000H XCB                    DATA
 0DFE6H 0DFE9H 00004H XC                     DATA
 0DFEAH 0DFEAH 00000H XCE                    DATA
 0DFEAH 0DFEAH 00000H XCFB                   DATA
 0DFEAH 0DFEAH 00000H XCF                    DATA
 0DFEAH 0DFEAH 00000H XCFE                   DATA
 0DFEAH 0E0E6H 000FDH BR_DATA                DATA
 0E0E8H 0E0E8H 00000H BC_DATA                BC_DATA
 0E0E8H 0E0E8H 00000H XOB                    BSS
 0E0E8H 0E0E8H 00000H XO                     BSS
 0E0E8H 0E0E8H 00000H XOE                    BSS
 0E0F0H 0E8EFH 00800H STACK                  STACK

 Origin   Group
 0CB7:0   DGROUP
 0C3A:0   FMGROUP

Program entry point at 0955:00C8
