
 Start  Stop   Length Name                   Class
 00000H 01F2EH 01F2FH INSTALL_CODE           BC_CODE
 01F30H 07ABAH 05B8BH CODE                   CODE
 07ABCH 07B21H 00066H LOADRTM                CODE
 07B22H 07C64H 00143H INIT_CODE              CODE
 07C70H 081A1H 00532H _TEXT                  CODE
 081A2H 082A8H 00107H INTRPT_TEXT            CODE
 082AAH 082AAH 00000H C_ETEXT                ENDCODE
 082AAH 082B1H 00008H FAR_HDR                FAR_MSG
 082B2H 088FEH 0064DH FAR_MSG                FAR_MSG
 088FFH 08900H 00002H FAR_PAD                FAR_MSG
 08901H 08901H 00001H FAR_EPAD               FAR_MSG
 08910H 08910H 00000H BR_DATA                BLANK
 08910H 0893FH 00030H BR_SKYS                BLANK
 08940H 08940H 00000H COMMON                 BLANK
 08940H 08C97H 00358H BC_DATA                BC_VARS
 08C98H 08C9DH 00006H NMALLOC                BC_VARS
 08C9EH 08C9EH 00000H ENMALLOC               BC_VARS
 08C9EH 08C9EH 00000H BC_FT                  BC_SEGS
 08CA0H 09395H 006F6H BC_CN                  BC_SEGS
 093A0H 093A2H 00003H BC_DS                  BC_SEGS
 093A4H 093A4H 00000H BC_SAB                 BC_SEGS
 093A4H 093A7H 00004H BC_SA                  BC_SEGS
 093A8H 093ABH 00004H BC_SAE                 BC_SEGS
 093ACH 096EFH 00344H _BSS                   DATA
 096F0H 09911H 00222H _DATA                  DATA
 09912H 099A5H 00094H CONST                  DATA
 099A6H 099A6H 00000H XIB                    DATA
 099A6H 099D9H 00034H XI                     DATA
 099DAH 099DAH 00000H XIE                    DATA
 099DAH 09AD6H 000FDH BR_DATA                DATA
 09AD8H 09AE3H 0000CH DBDATA                 DATA
 09AE4H 09AF1H 0000EH CDATA                  DATA
 09AF2H 09AF2H 00000H XIFB                   DATA
 09AF2H 09AF2H 00000H XIF                    DATA
 09AF2H 09AF2H 00000H XIFE                   DATA
 09AF2H 09AF2H 00000H XPB                    DATA
 09AF2H 09AF2H 00000H XP                     DATA
 09AF2H 09AF2H 00000H XPE                    DATA
 09AF2H 09AF2H 00000H XCB                    DATA
 09AF2H 09AF5H 00004H XC                     DATA
 09AF6H 09AF6H 00000H XCE                    DATA
 09AF6H 09AF6H 00000H XCFB                   DATA
 09AF6H 09AF6H 00000H XCF                    DATA
 09AF6H 09AF6H 00000H XCFE                   DATA
 09AF6H 09AF6H 00000H BC_DATA                BC_DATA
 09AF6H 09AF6H 00000H XOB                    BSS
 09AF6H 09AF6H 00000H XO                     BSS
 09AF6H 09AF6H 00000H XOE                    BSS
 09B00H 0A2FFH 00800H STACK                  STACK

 Origin   Group
 0891:0   DGROUP
 082A:0   FMGROUP

Program entry point at 07C7:00C8
