                                                                      PAGE   1
                                                                      13 Sep 26
                                                                      19:18:31
Offset  Data    Source Line      Microsoft (R) QuickBASIC Compiler Version 4.50

 0030   0006    '----- MAN800.BAS: standalone 800x600x256 demo of the page-flip
                 manual, to see the
 0030   0006    '----- higher-resolution art on the 486. Sets VESA 800x600 one 
                page (600 KB, fits a
 0030   0006    '----- 1 MB card; two pages would need 1.2 MB, so one page only
                ), shows each sub-page
 0030   0006    '----- (M801H, M801HB, M802H, M802HB - the two comic spreads sp
                lit top/bottom, 784
 0030   0006    '----- wide) centred, with the nav bar at the bottom 20 lines. 
                NO scrolling and NO
 0030   0006    '----- page-flip via the card (this Cirrus VESA BIOS honours ne
                ither) - each page is
 0030   0006    '----- one image at display start 0; a turn fades through black
                . Keys: Left/Up/PgUp
 0030   0006    '----- previous, Right/Down/PgDn next, Home/End, Tab/Esc quit. 
                Logs MAN800.LOG.
 0030   0006    DEFINT A-Z
 0030   0006    '$INCLUDE: 'UGL.BI'
 0030   0006    ''
 0030   0006    '' ugl.bi -- UGL routines
 0030   0006    ''
 0030   0006    
 0030   0006    Const UGL.TRUE%     = -1%
 0030   0006    Const UGL.FALSE%    = 0%
 0030   0006    
 0030   0006    Const DCTSIZE%      = 64%
 0030   0006    '' dc types:
 0030   0006    Const UGL.MEM%      = 0% * DCTSIZE%
 0030   0006    Const UGL.BNK%      = 1% * DCTSIZE%
 0030   0006    Const UGL.EMS%      = 2% * DCTSIZE%
 0030   0006    
 0030   0006    Const FMTSIZE%      = 128%
 0030   0006    '' color formats:
 0030   0006    Const UGL.8BIT%     = 0% * FMTSIZE%
 0030   0006    Const UGL.15BIT%    = 1% * FMTSIZE%
 0030   0006    Const UGL.16BIT%    = 2% * FMTSIZE%
 0030   0006    Const UGL.32BIT%    = 3% * FMTSIZE%
 0030   0006    
 0030   0006    '' buffer formats for uglRow Read/Write/SetPal routines
 0030   0006    Const UGL.BF.8BIT%  = 0% * 2%
 0030   0006    Const UGL.BF.15BIT% = 1% * 2%
 0030   0006    Const UGL.BF.16BIT% = 2% * 2%
 0030   0006    Const UGL.BF.32BIT% = 3% * 2%
 0030   0006    Const UGL.BF.24BIT% = 4% * 2%
 0030   0006    Const UGL.BF.IDX1%  = 5% * 2%
 0030   0006    Const UGL.BF.IDX4%  = 6% * 2%
 0030   0006    Const UGL.BF.IDX8%  = 7% * 2%
 0030   0006    
 0030   0006    '' flipping modes:
 0030   0006    Const UGL.VFLIP%    = 1%
 0030   0006    Const UGL.HFLIP%    = 2%
 0030   0006    Const UGL.VHFLIP%   = UGL.VFLIP% or UGL.HFLIP%
 0030   0006    
 0030   0006    '' Mask modes for uglTriT and uglQuadT
                                                                      PAGE   2
                                                                      13 Sep 26
                                                                      19:18:31
Offset  Data    Source Line      Microsoft (R) QuickBASIC Compiler Version 4.50

 0030   0006    const UGL.MASK.FALSE = 0
 0030   0006    const UGL.MASK.TRUE  = 2
 0030   0006    
 0030   0006    '' uglPalLoad's 'fmt' parameter:
 0030   0006    Const PALRGB% = 0%
 0030   0006    Const PALBGR% = 1%
 0030   0006    
 0030   0006    '' uglNew/PutBMPEx options:
 0030   0006    Const BMPOPT.NOOPT% = &h0000%
 0030   0006    Const BMPOPT.NO332% = &h0100%
 0030   0006    Const BMPOPT.MASK%  = &h0200%
 0030   0006        
 0030   0006    Type CLIPRECT
 0030   0006            xMin    As Integer
 0030   0006            yMin    As Integer
 0030   0006            xMax    As Integer
 0030   0006            yMax    As Integer
 0030   0006    End Type
 0030   0006    
 0030   0006    '' uglDCget's struct
 0030   0006    Type TDC
 0030   0006            fmt     As Integer                      '' color format
                 (8BIT..32BIT)
 0030   0006            typ     As Integer                      '' type (MEM, E
                MS, BNK)
 0030   0006            
 0030   0006            bpp     As String * 1                   '' bits per pix
                el
 0030   0006            p2b     As String * 1                   '' pixel to byt
                e conversion
 0030   0006            xRes    As Integer                      '' width
 0030   0006            yRes    As Integer                      '' height
 0030   0006            bps     As Integer                      '' bytes per sc
                anline
 0030   0006            pages   As Integer                      '' (only for BN
                K DCs)
 0030   0006            startSL As Integer                      '' / start scan
                line
 0030   0006            size    As Long                         '' yRes * bps
 0030   0006            
 0030   0006            cr      As CLIPRECT                     '' clipping rec
                tangle
 0030   0006    End Type
 0030   0006    
 0030   0006    '' uglPoly*'s struct
 0030   0006    type PNT2D
 0030   0006            x       As Integer
 0030   0006            y       As Integer
 0030   0006    End Type
 0030   0006    
 0030   0006    Type PNT3D
 0030   0006            x       As Single
 0030   0006            y       As Single
 0030   0006            z       As Single
                                                                      PAGE   3
                                                                      13 Sep 26
                                                                      19:18:31
Offset  Data    Source Line      Microsoft (R) QuickBASIC Compiler Version 4.50

 0030   0006    End Type
 0030   0006    
 0030   0006    '' uglFxPoly*'s struct
 0030   0006    type PNT2DF
 0030   0006            x       As Long
 0030   0006            y       As Long
 0030   0006    End Type
 0030   0006    
 0030   0006    '' uglQuadricBez's struct
 0030   0006    Type QUADBEZ
 0030   0006            a       As PNT2D
 0030   0006            b       As PNT2D
 0030   0006            c       As PNT2D
 0030   0006    End Type 
 0030   0006    
 0030   0006    '' uglCubicBez's struct
 0030   0006    Type CUBICBEZ
 0030   0006            a       As PNT2D
 0030   0006            b       As PNT2D
 0030   0006            c       As PNT2D
 0030   0006            d       As PNT2D
 0030   0006    End Type 
 0030   0006    
 0030   0006    Type RECT
 0030   0006            x1      As Integer
 0030   0006            y1      As Integer
 0030   0006            x2      As Integer
 0030   0006            y2      As Integer
 0030   0006    End Type
 0030   0006    
 0030   0006    '' uglTri#/Quad#'s structs 
 0030   0006    type vector2i
 0030   0006            x       as integer
 0030   0006            y       as integer
 0030   0006            u       as integer
 0030   0006            v       as integer
 0030   0006            r       as integer
 0030   0006            g       as integer
 0030   0006            b       as integer
 0030   0006    end type
 0030   0006    
 0030   0006    type vector3f
 0030   0006            x       as single
 0030   0006            y       as single
 0030   0006            z       as single
 0030   0006            u       as single
 0030   0006            v       as single
 0030   0006            r       as single
 0030   0006            g       as single
 0030   0006            b       as single
 0030   0006    end type
 0030   0006    
 0030   0006    type TriType
 0030   0006            v1 as vector3f
                                                                      PAGE   4
                                                                      13 Sep 26
                                                                      19:18:31
Offset  Data    Source Line      Microsoft (R) QuickBASIC Compiler Version 4.50

 0030   0006            v2 as vector3f
 0030   0006            v3 as vector3f
 0030   0006    end type
 0030   0006    
 0030   0006    type QuadType
 0030   0006            v1 as vector3f
 0030   0006            v2 as vector3f
 0030   0006            v3 as vector3f
 0030   0006            v4 as vector3f
 0030   0006    end type        
 0030   0006            
 0030   0006    type tRGB
 0030   0006            red    as string * 1
 0030   0006            green  as string * 1
 0030   0006            blue   as string * 1
 0030   0006    end type
 0030   0006    
 0030   0006    Declare Function uglInit%       ()
 0030   0006        
 0030   0006    Declare Sub      uglEnd         ()
 0030   0006    
 0030   0006    Declare Sub      uglRestore     ()
 0030   0006    
 0030   0006    Declare Sub      uglVersion     (major As Integer, _
 0030   0006                                     minor As Integer, _
 0030   0006                                     stable As Integer, _
 0030   0006                                     build As Integer)
 0030   0006    
 0030   0006    Declare Function uglSetVideoDC& (Byval fmt As Integer, _
 0030   0006                                     Byval xRes As Integer, _
 0030   0006                                     Byval yRes As Integer, _ 
 0030   0006                                     Byval vidPages As Integer)
 0030   0006    
 0030   0006    Declare Function uglGetVideoDC& ()
 0030   0006    
 0030   0006    Declare Sub      uglSetVisPage  (Byval visPage As Integer)
 0030   0006    
 0030   0006    Declare Sub      uglSetWrkPage  (Byval wrkPage As Integer)
 0030   0006            
 0030   0006        
 0030   0006    Declare Function uglNew&        (Byval typ As Integer, _
 0030   0006                                     Byval fmt As Integer, _
 0030   0006                                     Byval xRes As Integer, _ 
 0030   0006                                     Byval yRes As Integer)
 0030   0006    
 0030   0006    Declare Function uglNewMult%    (dcArray() As Long, _
 0030   0006                                     Byval dcs As Integer, _
 0030   0006                                     Byval typ As Integer, _
 0030   0006                                     Byval fmt As Integer, _
 0030   0006                                     Byval xRes As Integer, _ 
 0030   0006                                     Byval yRes As Integer)
 0030   0006    
 0030   0006    Declare Function uglNewBMP&     (Byval typ As Integer, _
 0030   0006                                     Byval fmt As Integer, _
                                                                      PAGE   5
                                                                      13 Sep 26
                                                                      19:18:31
Offset  Data    Source Line      Microsoft (R) QuickBASIC Compiler Version 4.50

 0030   0006                                     flname As string)
 0030   0006    
 0030   0006    Declare Function uglNewBMPEx&   (Byval typ As Integer, _
 0030   0006                                     Byval fmt As Integer, _
 0030   0006                                     flname As string, _
 0030   0006                                     Byval opt As Integer)
 0030   0006    
 0030   0006    Declare Sub      uglDel         (Seg dc As Long)
 0030   0006    
 0030   0006    Declare Sub      uglDelMult     (dcArray() As Long)
 0030   0006    
 0030   0006    
 0030   0006    Declare Sub      uglSetClipRect (Byval dc As Long, _
 0030   0006                                     Seg cr As CLIPRECT)
 0030   0006    
 0030   0006    Declare Sub      uglGetClipRect (Byval dc As Long, _
 0030   0006                                     Seg cr As CLIPRECT)
 0030   0006    
 0030   0006    Declare Sub      uglGetSetClipRect _
 0030   0006                                    (Byval dc As Long, _
 0030   0006                                     Seg inCr As CLIPRECT, _
 0030   0006                                     Seg outCr As CLIPRECT)
 0030   0006    
 0030   0006    Declare Sub      uglDCGet       (Byval dc As Long, _
 0030   0006                                     Seg dcInfo As TDC)
 0030   0006    
 0030   0006    Declare Function uglDCAccessRd& (Byval dc As Long, _
 0030   0006                                     Byval y As Integer)
 0030   0006    
 0030   0006    Declare Function uglDCAccessWr& (Byval dc As Long, _
 0030   0006                                     Byval y As Integer)
 0030   0006    
 0030   0006    Declare Function uglDCAccessRdWr& (Byval dc As Long, _
 0030   0006                                     Byval y As Integer, _
 0030   0006                                     rdPtr As Long)
 0030   0006    
 0030   0006    
 0030   0006    Declare Function uglColor32&    (Byval red As Integer, _
 0030   0006                                     Byval green As Integer, _
 0030   0006                                     Byval blue As Integer)
 0030   0006    
 0030   0006    Declare Function uglColor16&    (Byval red As Integer, _
 0030   0006                                     Byval green As Integer, _
 0030   0006                                     Byval blue As Integer)
 0030   0006    
 0030   0006    Declare Function uglColor15&    (Byval red As Integer, _
 0030   0006                                     Byval green As Integer, _
 0030   0006                                     Byval blue As Integer)
 0030   0006    
 0030   0006    Declare Function uglColor8&     (Byval red As Integer, _
 0030   0006                                     Byval green As Integer, _
 0030   0006                                     Byval blue As Integer)
 0030   0006    
 0030   0006    Declare Function uglColor&      (Byval fmt As Integer, _
                                                                      PAGE   6
                                                                      13 Sep 26
                                                                      19:18:31
Offset  Data    Source Line      Microsoft (R) QuickBASIC Compiler Version 4.50

 0030   0006                                     Byval red As Integer, _
 0030   0006                                     Byval green As Integer, _
 0030   0006                                     Byval blue As Integer)
 0030   0006    
 0030   0006    Declare Function uglColors&     (Byval fmt As Integer)
 0030   0006    
 0030   0006    Declare Function uglColorsEx&   (Byval dc As Long)
 0030   0006    
 0030   0006    
 0030   0006    Declare Sub      uglPSet        (Byval dc As Long, _
 0030   0006                                     Byval x As Integer, _
 0030   0006                                     Byval y As Integer, _ 
 0030   0006                                     Byval clr As long)
 0030   0006    
 0030   0006    Declare Function uglPGet&       (Byval dc As Long, _ 
 0030   0006                                     Byval x As Integer, _
 0030   0006                                     Byval y As Integer)
 0030   0006            
 0030   0006    
 0030   0006    Declare Sub      uglHLine       (Byval dc As Long, _
 0030   0006                                     Byval x1 As Integer, _ 
 0030   0006                                     Byval y As Integer, _
 0030   0006                                     Byval x2 As Integer, _
 0030   0006                                     Byval clr As long)
 0030   0006                    
 0030   0006    Declare Sub      uglVLine       (Byval dc As Long, _
 0030   0006                                     Byval x As Integer, _ 
 0030   0006                                     Byval y1 As Integer, _
 0030   0006                                     Byval y2 As Integer, _
 0030   0006                                     Byval clr As long)
 0030   0006    
 0030   0006    Declare Sub      uglLine        (Byval dc As Long, _
 0030   0006                                     Byval x1 As Integer, _ 
 0030   0006                                     Byval y1 As Integer, _
 0030   0006                                     Byval x2 As Integer, _
 0030   0006                                     Byval y2 As Integer, _
 0030   0006                                     Byval clr As long)
 0030   0006                    
 0030   0006    
 0030   0006    Declare Sub      uglRect        (Byval dc As Long, _
 0030   0006                                     Byval x1 As Integer, _
 0030   0006                                     Byval y1 As Integer, _
 0030   0006                                     Byval x2 As Integer, _
 0030   0006                                     Byval y2 As Integer, _
 0030   0006                                     Byval clr As Long)
 0030   0006    
 0030   0006    Declare Sub      uglRectF       (Byval dc As Long, _
 0030   0006                                     Byval x1 As Integer, _
 0030   0006                                     Byval y1 As Integer, _
 0030   0006                                     Byval x2 As Integer, _
 0030   0006                                     Byval y2 As Integer, _
 0030   0006                                     Byval clr As Long)
 0030   0006    
 0030   0006    
                                                                      PAGE   7
                                                                      13 Sep 26
                                                                      19:18:31
Offset  Data    Source Line      Microsoft (R) QuickBASIC Compiler Version 4.50

 0030   0006    Declare Sub      uglCircle      (Byval dc As Long, _
 0030   0006                                     Byval cx As Integer, _ 
 0030   0006                                     Byval cy As Integer, _
 0030   0006                                     Byval radius As Long, _
 0030   0006                                     Byval clr As long)
 0030   0006                    
 0030   0006    Declare Sub      uglCircleF     (Byval dc As Long, _
 0030   0006                                     Byval cx As Integer, _ 
 0030   0006                                     Byval cy As Integer, _
 0030   0006                                     Byval radius As Long, _
 0030   0006                                     Byval clr As long)
 0030   0006                    
 0030   0006    Declare Sub      uglEllipse     (Byval dc As Long, _
 0030   0006                                     Byval cx As Integer, _ 
 0030   0006                                     Byval cy As Integer, _
 0030   0006                                     Byval rx As Integer, _
 0030   0006                                     Byval ry As Integer, _
 0030   0006                                     Byval clr As long)
 0030   0006    
 0030   0006    Declare Sub      uglEllipseF    (Byval dc As Long, _
 0030   0006                                     Byval cx As Integer, _ 
 0030   0006                                     Byval cy As Integer, _
 0030   0006                                     Byval rx As Integer, _
 0030   0006                                     Byval ry As Integer, _
 0030   0006                                     Byval clr As long)
 0030   0006    
 0030   0006    
 0030   0006    Declare Sub      uglPoly        (Byval dc As Long, _
 0030   0006                                     Seg pntArray As PNT2D, _
 0030   0006                                     Byval points As Integer, _
 0030   0006                                     Byval clr As Long)
 0030   0006    
 0030   0006    Declare Sub      uglPolyF       (Byval dc As Long, _
 0030   0006                                     Seg pntArray As PNT2D, _
 0030   0006                                     Byval points As Integer, _
 0030   0006                                     Byval clr As Long)
 0030   0006    
 0030   0006    Declare Sub      uglPolyPoly    (Byval dc As Long, _
 0030   0006                                     Seg pntArray As PNT2D, _
 0030   0006                                     Seg cntArray As Integer, _
 0030   0006                                     Byval polygons As Integer, _
 0030   0006                                     Byval clr As Long)
 0030   0006    
 0030   0006    Declare Sub      uglPolyPolyF   (Byval dc As Long, _
 0030   0006                                     Seg pntArray As PNT2D, _
 0030   0006                                     Seg cntArray As Integer, _
 0030   0006                                     Byval points As Integer, _
 0030   0006                                     Byval polygons As Integer, _
 0030   0006                                     Byval clr As Long)
 0030   0006    
 0030   0006    Declare Sub      uglFxPoly      (Byval dc As Long, _
 0030   0006                                     Seg pntArray As PNT2DF, _
 0030   0006                                     Byval points As Integer, _
 0030   0006                                     Byval clr As Long)
                                                                      PAGE   8
                                                                      13 Sep 26
                                                                      19:18:31
Offset  Data    Source Line      Microsoft (R) QuickBASIC Compiler Version 4.50

 0030   0006    
 0030   0006    Declare Sub      uglFxPolyF     (Byval dc As Long, _
 0030   0006                                     Seg pntArray As PNT2DF, _
 0030   0006                                     Byval points As Integer, _
 0030   0006                                     Byval clr As Long)
 0030   0006    
 0030   0006    Declare Sub      uglFxPolyPoly  (Byval dc As Long, _
 0030   0006                                     Seg pntArray As PNT2DF, _
 0030   0006                                     Seg cntArray As Integer, _
 0030   0006                                     Byval polygons As Integer, _
 0030   0006                                     Byval clr As Long)
 0030   0006    
 0030   0006    Declare Sub      uglFxPolyPolyF (Byval dc As Long, _
 0030   0006                                     Seg pntArray As PNT2DF, _
 0030   0006                                     Seg cntArray As Integer, _
 0030   0006                                     Byval points As Integer, _
 0030   0006                                     Byval polygons As Integer, _
 0030   0006                                     Byval clr As Long)
 0030   0006    
 0030   0006    
 0030   0006    Declare Sub      uglQuadricBez  (Byval dc As Long, _
 0030   0006                                     Seg cbz As QUADBEZ, _ 
 0030   0006                                     Byval levels As Integer, _
 0030   0006                                     Byval clr As long)
 0030   0006    
 0030   0006    Declare Sub      uglCubicBez    (Byval dc As Long, _
 0030   0006                                     Seg cbz As CUBICBEZ, _ 
 0030   0006                                     Byval levels As Integer, _
 0030   0006                                     Byval clr As long)
 0030   0006                     
 0030   0006    
 0030   0006    Declare Sub      uglClear       (Byval dc As Long, _
 0030   0006                                     Byval clr As Long)
 0030   0006    
 0030   0006    
 0030   0006    Declare Sub      uglRowRead     (Byval dc As Long, _ 
 0030   0006                                     Byval x As Integer, _
 0030   0006                                     Byval y As Integer, _
 0030   0006                                     Byval pixels As Integer, _
 0030   0006                                     Byval bufferFmt As Integer, _
 0030   0006                                     Byval buffer As Long)
 0030   0006    
 0030   0006    Declare Sub      uglRowReadBuff         Alias "uglRowRead" (Byv
                al dc As Long, _ 
 0030   0006                                     Byval x As Integer, _
 0030   0006                                     Byval y As Integer, _
 0030   0006                                     Byval pixels As Integer, _
 0030   0006                                     Byval bufferFmt As Integer, _
 0030   0006                                     Byval buffer As Long)
 0030   0006    
 0030   0006    Declare Sub      uglRowWrite    (Byval dc As Long, _ 
 0030   0006                                     Byval x As Integer, _
 0030   0006                                     Byval y As Integer, _
 0030   0006                                     Byval pixels As Integer, _
                                                                      PAGE   9
                                                                      13 Sep 26
                                                                      19:18:31
Offset  Data    Source Line      Microsoft (R) QuickBASIC Compiler Version 4.50

 0030   0006                                     Byval bufferFmt As Integer, _
 0030   0006                                     Byval buffer As Long)
 0030   0006    
 0030   0006    Declare Sub      uglRowWriteBuff Alias "uglRowWrite" (Byval dc 
                As Long, _ 
 0030   0006                                     Byval x As Integer, _
 0030   0006                                     Byval y As Integer, _
 0030   0006                                     Byval pixels As Integer, _
 0030   0006                                     Byval bufferFmt As Integer, _ 
                                                
 0030   0006                                     Seg buffer As Any)
 0030   0006    
 0030   0006    Declare Sub      uglRowWriteEx  (Byval dc As Long, _ 
 0030   0006                                     Byval x As Integer, _
 0030   0006                                     Byval y As Integer, _
 0030   0006                                     Byval pixels As Integer, _
 0030   0006                                     Byval bufferFmt As Integer, _
 0030   0006                                     Byval buffer As Long, _
 0030   0006                                     Byval opt As Integer)
 0030   0006    
 0030   0006    Declare Sub      uglRowSetPal   (Byval dcFmt As Integer, _
 0030   0006                                     Byval bufferFmt As Integer, _
 0030   0006                                     Byval pallete As Long, _
 0030   0006                                     Byval entries As Integer)
 0030   0006    
 0030   0006    
 0030   0006    Declare Sub      uglGet         (Byval srcDc As Long, _
 0030   0006                                     Byval x As Integer, _
 0030   0006                                     Byval y As Integer, _
 0030   0006                                     Byval dstDc As Long)
 0030   0006    
 0030   0006    Declare Sub      uglGetConv     (Byval srcDc As Long, _
 0030   0006                                     Byval x As Integer, _
 0030   0006                                     Byval y As Integer, _
 0030   0006                                     Byval dstDc As Long)
 0030   0006    
 0030   0006    Declare Sub      uglPut         (Byval dstDc As Long, _
 0030   0006                                     Byval x As Integer, _
 0030   0006                                     Byval y As Integer, _
 0030   0006                                     Byval srcDc As Long)
 0030   0006    
 0030   0006    Declare Sub      uglPutFlip     (Byval dstDc As Long, _
 0030   0006                                     Byval x As Integer, _
 0030   0006                                     Byval y As Integer, _
 0030   0006                                     Byval mode As Integer, _
 0030   0006                                     Byval srcDc As Long)
 0030   0006    
 0030   0006    declare sub      uglPutRot      (Byval dstDC As Long, _
 0030   0006                                     Byval x As Integer, _
 0030   0006                                     Byval y As Integer, _
 0030   0006                                     Byval angle As Single, _
 0030   0006                                     Byval srcDC As Long )
 0030   0006    
 0030   0006    declare sub      uglPutScl      (Byval dstDC As Long, _
                                                                      PAGE  10
                                                                      13 Sep 26
                                                                      19:18:31
Offset  Data    Source Line      Microsoft (R) QuickBASIC Compiler Version 4.50

 0030   0006                                     Byval x As Integer, _
 0030   0006                                     Byval y As Integer, _
 0030   0006                                     Byval xScale As Single, _
 0030   0006                                     Byval yScale As Single, _
 0030   0006                                     Byval srcDC As Long )
 0030   0006                                     
 0030   0006    declare sub      uglPutRotScl   (Byval dstDC As Long, _
 0030   0006                                     Byval x As Integer, _
 0030   0006                                     Byval y As Integer, _
 0030   0006                                     Byval angle As Single, _
 0030   0006                                     Byval xScale As Single, _
 0030   0006                                     Byval yScale As Single, _
 0030   0006                                     Byval srcDC As Long )
 0030   0006    
 0030   0006    Declare Sub      uglPutAB       (Byval dstDc As Long, _
 0030   0006                                     Byval x As Integer, _
 0030   0006                                     Byval y As Integer, _
 0030   0006                                     Byval alpha As Integer, _
 0030   0006                                     Byval srcDc As Long)
 0030   0006    
 0030   0006    Declare Sub      uglPutABFlip   (Byval dstDc As Long, _
 0030   0006                                     Byval x As Integer, _
 0030   0006                                     Byval y As Integer, _
 0030   0006                                     Byval alpha As Integer, _
 0030   0006                                     Byval mode As Integer, _
 0030   0006                                     Byval srcDc As Long)
 0030   0006    
 0030   0006    Declare Sub      uglPutConv     (Byval dstDc As Long, _
 0030   0006                                     Byval x As Integer, _
 0030   0006                                     Byval y As Integer, _
 0030   0006                                     Byval srcDc As Long)
 0030   0006    
 0030   0006    Declare Sub      uglPutMsk      (Byval dstDc As Long, _
 0030   0006                                     Byval x As Integer, _
 0030   0006                                     Byval y As Integer, _
 0030   0006                                     Byval srcDc As Long)
 0030   0006    
 0030   0006    Declare Sub      uglPutMskFlip  (Byval dstDc As Long, _
 0030   0006                                     Byval x As Integer, _
 0030   0006                                     Byval y As Integer, _
 0030   0006                                     Byval mode As Integer, _
 0030   0006                                     Byval srcDc As Long)
 0030   0006                                     
 0030   0006    declare sub      uglPutMskRot   (Byval dstDC As Long, _
 0030   0006                                     Byval x As Integer, _
 0030   0006                                     Byval y As Integer, _
 0030   0006                                     Byval angle As Single, _
 0030   0006                                     Byval srcDC As Long )
 0030   0006                                     
 0030   0006    declare sub      uglPutMskScl   (Byval dstDC As Long, _
 0030   0006                                     Byval x As Integer, _
 0030   0006                                     Byval y As Integer, _
 0030   0006                                     Byval xScale As Single, _
 0030   0006                                     Byval yScale As Single, _
                                                                      PAGE  11
                                                                      13 Sep 26
                                                                      19:18:31
Offset  Data    Source Line      Microsoft (R) QuickBASIC Compiler Version 4.50

 0030   0006                                     Byval srcDC As Long )
 0030   0006    
 0030   0006    declare sub      uglPutMskRotScl(Byval dstDC As Long, _
 0030   0006                                     Byval x As Integer, _
 0030   0006                                     Byval y As Integer, _
 0030   0006                                     Byval angle As Single, _
 0030   0006                                     Byval xScale As Single, _
 0030   0006                                     Byval yScale As Single, _
 0030   0006                                     Byval srcDC As Long )
 0030   0006    
 0030   0006    Declare Sub      uglPutMskAB    (Byval dstDc As Long, _
 0030   0006                                     Byval x As Integer, _
 0030   0006                                     Byval y As Integer, _
 0030   0006                                     Byval alpha As Integer, _
 0030   0006                                     Byval srcDc As Long)
 0030   0006    
 0030   0006    Declare Sub      uglPutMskABFlip(Byval dstDc As Long, _
 0030   0006                                     Byval x As Integer, _
 0030   0006                                     Byval y As Integer, _
 0030   0006                                     Byval alpha As Integer, _
 0030   0006                                     Byval mode As Integer, _
 0030   0006                                     Byval srcDc As Long)
 0030   0006    
 0030   0006    Declare Sub      uglPutMskConv  (Byval dstDc As Long, _
 0030   0006                                     Byval x As Integer, _
 0030   0006                                     Byval y As Integer, _
 0030   0006                                     Byval srcDc As Long)
 0030   0006    
 0030   0006    Declare Function uglPutBMP%     (Byval dstDc As Long, _
 0030   0006                                     Byval x As Integer, _
 0030   0006                                     Byval y As Integer, _
 0030   0006                                     flname As string)
 0030   0006                                     
 0030   0006    Declare Function uglPutBMPEx%   (Byval dstDc As Long, _
 0030   0006                                     Byval x As Integer, _
 0030   0006                                     Byval y As Integer, _
 0030   0006                                     flname As string, _
 0030   0006                                     Byval opt As Integer)
 0030   0006    
 0030   0006    Declare sub      uglTriF        (Byval dc As Long, _
 0030   0006                                     seg vtx As TriType, _
 0030   0006                                     Byval col As Long)
 0030   0006                                     
 0030   0006    Declare Sub      uglTriG        (Byval dc As Long, _
 0030   0006                                     seg vtx As TriType)
 0030   0006                                     
 0030   0006    Declare Sub      uglTriT        (Byval dstDC As Long, _
 0030   0006                                     seg vtx As TriType, _
 0030   0006                                     Byval mask As Integer, _
 0030   0006                                     Byval srcDC As Long)
 0030   0006                                     
 0030   0006    Declare Sub      uglTriTP       (Byval dstDC As Long, _
 0030   0006                                     seg vtx As TriType, _
 0030   0006                                     Byval mask As Integer, _
                                                                      PAGE  12
                                                                      13 Sep 26
                                                                      19:18:31
Offset  Data    Source Line      Microsoft (R) QuickBASIC Compiler Version 4.50

 0030   0006                                     Byval srcDC As Long)
 0030   0006    
 0030   0006    Declare Sub      uglTriFM       (Byval dstDC As Long, _
 0030   0006                                     seg vtx As TriType, _
 0030   0006                                     byval col as long)
 0030   0006    
 0030   0006    Declare Sub      uglTriGM       (Byval dstDC As Long, _
 0030   0006                                     seg vtx As TriType, _
 0030   0006                                     byval cnt as integer)
 0030   0006    
 0030   0006    
 0030   0006    Declare Sub      uglTriTM       (Byval dstDC As Long, _
 0030   0006                                     seg vtx As TriType, _
 0030   0006                                     byval cnt as integer, _
 0030   0006                                     Byval mask As Integer, _
 0030   0006                                     Byval srcDC As Long)          
                                       
 0030   0006    
 0030   0006    Declare Sub      uglTriTPM      (Byval dstDC As Long, _
 0030   0006                                     seg vtx As TriType, _
 0030   0006                                     byval cnt as integer, _
 0030   0006                                     Byval mask As Integer, _
 0030   0006                                     Byval srcDC As Long)
 0030   0006    
 0030   0006    Declare Sub      uglQuadF       (Byval dc As Long, _
 0030   0006                                     seg vtx As QuadType, _
 0030   0006                                     Byval col As Long)
 0030   0006                                     
 0030   0006    Declare Sub      uglQuadT       (Byval dstDC As Long, _
 0030   0006                                     seg vtx As QuadType, _
 0030   0006                                     Byval mask As Integer, _
 0030   0006                                     Byval srcDC As Long)
 0030   0006    
 0030   0006    
 0030   0006    Declare Sub      uglPalSet      (Byval idx As Integer, _
 0030   0006                                     Byval entries As Integer, _
 0030   0006                                     Byval pal As Long)
 0030   0006    
 0030   0006    Declare Sub      uglPalSetBuff alias "uglPalSet" (Byval idx As 
                Integer, _
 0030   0006                                     Byval entries As Integer, _
 0030   0006                                     Seg pal As tRGB)
 0030   0006    
 0030   0006    Declare Sub      uglPalGet      (Byval idx As Integer, _
 0030   0006                                     Byval entries As Integer, _
 0030   0006                                     Byval pal As Long)
 0030   0006    
 0030   0006    Declare Sub      uglPalGetBuff  alias "uglPalGet" (Byval idx As
                 Integer, _
 0030   0006                                     Byval entries As Integer, _
 0030   0006                                     Seg pal As tRGB)
 0030   0006    
 0030   0006    Declare Function uglPalLoad&    (flname As String, _
 0030   0006                                     Byval fmt As Integer)
                                                                      PAGE  13
                                                                      13 Sep 26
                                                                      19:18:31
Offset  Data    Source Line      Microsoft (R) QuickBASIC Compiler Version 4.50

 0030   0006                                     
 0030   0006    Declare Sub      uglPalUsingLin (byval linpal as integer)
 0030   0006    
 0030   0006    
 0030   0006    
 0030   0006    
 0030   0006    '' some constants for commonly used colors
 0030   0006    Const REDP32&   = 65536&                        '' 2^16
 0030   0006    Const GREENP32& = 256&                          '' 2^8
 0030   0006    Const BLUEP32&  = 1&                            '' 2^0
 0030   0006    
 0030   0006    Const REDP16&   = 2048&                         '' 2^11
 0030   0006    Const GREENP16& = 32&                           '' 2^5
 0030   0006    Const BLUEP16&  = 1&                            '' 2^0
 0030   0006    
 0030   0006    Const REDP15&   = 1024&                         '' 2^10
 0030   0006    Const GREENP15& = 32&                           '' 2^5
 0030   0006    Const BLUEP15&  = 1&                            '' 2^0
 0030   0006    
 0030   0006    Const REDP8&    = 32&                           '' 2^5
 0030   0006    Const GREENP8&  = 4&                            '' 2^2
 0030   0006    Const BLUEP8&   = 1&                            '' 2^0
 0030   0006    
 0030   0006    Const UGL.BLACK32&      = (&h00&*REDP32)+(&h00&*GREENP32)+(&h00
                &*BLUEP32)
 0030   0006    Const UGL.BLUE32&       = (&h00&*REDP32)+(&h00&*GREENP32)+(&hA8
                &*BLUEP32)
 0030   0006    Const UGL.GREEN32&      = (&h00&*REDP32)+(&hA8&*GREENP32)+(&h00
                &*BLUEP32)
 0030   0006    Const UGL.CYAN32&       = (&h00&*REDP32)+(&hA8&*GREENP32)+(&hA8
                &*BLUEP32)
 0030   0006    Const UGL.RED32&        = (&hA8&*REDP32)+(&h00&*GREENP32)+(&h00
                &*BLUEP32)
 0030   0006    Const UGL.MAGENTA32&    = (&hA8&*REDP32)+(&h00&*GREENP32)+(&hA8
                &*BLUEP32)
 0030   0006    Const UGL.BROWN32&      = (&hA8&*REDP32)+(&h54&*GREENP32)+(&h00
                &*BLUEP32)
 0030   0006    Const UGL.WHITE32&      = (&hA8&*REDP32)+(&hA8&*GREENP32)+(&hA8
                &*BLUEP32)
 0030   0006    Const UGL.GREY32&       = (&h54&*REDP32)+(&h54&*GREENP32)+(&h54
                &*BLUEP32)
 0030   0006    Const UGL.LBLUE32&      = (&h54&*REDP32)+(&h54&*GREENP32)+(&hFF
                &*BLUEP32)
 0030   0006    Const UGL.LGREEN32&     = (&h54&*REDP32)+(&hFF&*GREENP32)+(&h54
                &*BLUEP32)
 0030   0006    Const UGL.LCYAN32&      = (&h54&*REDP32)+(&hFF&*GREENP32)+(&hFF
                &*BLUEP32)
 0030   0006    Const UGL.LRED32&       = (&hFF&*REDP32)+(&h54&*GREENP32)+(&h54
                &*BLUEP32)
 0030   0006    Const UGL.LMAGENTA32&   = (&hFF&*REDP32)+(&h54&*GREENP32)+(&hFF
                &*BLUEP32)
 0030   0006    Const UGL.YELLOW32&     = (&hFF&*REDP32)+(&hFF&*GREENP32)+(&h54
                &*BLUEP32)
 0030   0006    Const UGL.BWHITE32&     = (&hFF&*REDP32)+(&hFF&*GREENP32)+(&hFF
                                                                      PAGE  14
                                                                      13 Sep 26
                                                                      19:18:31
Offset  Data    Source Line      Microsoft (R) QuickBASIC Compiler Version 4.50

                &*BLUEP32)
 0030   0006    Const UGL.BPINK32&      = (&hFF&*REDP32)+(&h00&*GREENP32)+(&hFF
                &*BLUEP32)
 0030   0006    
 0030   0006    Const UGL.BLACK16&      = (&h00&*REDP16)+(&h00&*GREENP16)+(&h00
                &*BLUEP16)
 0030   0006    Const UGL.BLUE16&       = (&h00&*REDP16)+(&h00&*GREENP16)+(&h15
                &*BLUEP16)
 0030   0006    Const UGL.GREEN16&      = (&h00&*REDP16)+(&h2A&*GREENP16)+(&h00
                &*BLUEP16)
 0030   0006    Const UGL.CYAN16&       = (&h00&*REDP16)+(&h2A&*GREENP16)+(&h15
                &*BLUEP16)
 0030   0006    Const UGL.RED16&        = (&h15&*REDP16)+(&h00&*GREENP16)+(&h00
                &*BLUEP16)
 0030   0006    Const UGL.MAGENTA16&    = (&h15&*REDP16)+(&h00&*GREENP16)+(&h15
                &*BLUEP16)
 0030   0006    Const UGL.BROWN16&      = (&h15&*REDP16)+(&h15&*GREENP16)+(&h00
                &*BLUEP16)
 0030   0006    Const UGL.WHITE16&      = (&h15&*REDP16)+(&h2A&*GREENP16)+(&h15
                &*BLUEP16)
 0030   0006    Const UGL.GREY16&       = (&h0A&*REDP16)+(&h15&*GREENP16)+(&h0A
                &*BLUEP16)
 0030   0006    Const UGL.LBLUE16&      = (&h0A&*REDP16)+(&h15&*GREENP16)+(&h1F
                &*BLUEP16)
 0030   0006    Const UGL.LGREEN16&     = (&h0A&*REDP16)+(&h3F&*GREENP16)+(&h0A
                &*BLUEP16)
 0030   0006    Const UGL.LCYAN16&      = (&h0A&*REDP16)+(&h3F&*GREENP16)+(&h1F
                &*BLUEP16)
 0030   0006    Const UGL.LRED16&       = (&h1F&*REDP16)+(&h15&*GREENP16)+(&h0A
                &*BLUEP16)
 0030   0006    Const UGL.LMAGENTA16&   = (&h1F&*REDP16)+(&h15&*GREENP16)+(&h1F
                &*BLUEP16)
 0030   0006    Const UGL.YELLOW16&     = (&h1F&*REDP16)+(&h3F&*GREENP16)+(&h0A
                &*BLUEP16)
 0030   0006    Const UGL.BWHITE16&     = (&h1F&*REDP16)+(&h3F&*GREENP16)+(&h1F
                &*BLUEP16)
 0030   0006    Const UGL.BPINK16&      = (&h1F&*REDP16)+(&h00&*GREENP16)+(&h1F
                &*BLUEP16)
 0030   0006    
 0030   0006    Const UGL.BLACK15&      = (&h00&*REDP15)+(&h00&*GREENP15)+(&h00
                &*BLUEP15)
 0030   0006    Const UGL.BLUE15&       = (&h00&*REDP15)+(&h00&*GREENP15)+(&h15
                &*BLUEP15)
 0030   0006    Const UGL.GREEN15&      = (&h00&*REDP15)+(&h15&*GREENP15)+(&h00
                &*BLUEP15)
 0030   0006    Const UGL.CYAN15&       = (&h00&*REDP15)+(&h15&*GREENP15)+(&h15
                &*BLUEP15)
 0030   0006    Const UGL.RED15&        = (&h15&*REDP15)+(&h00&*GREENP15)+(&h00
                &*BLUEP15)
 0030   0006    Const UGL.MAGENTA15&    = (&h15&*REDP15)+(&h00&*GREENP15)+(&h15
                &*BLUEP15)
 0030   0006    Const UGL.BROWN15&      = (&h15&*REDP15)+(&h0A&*GREENP15)+(&h00
                &*BLUEP15)
 0030   0006    Const UGL.WHITE15&      = (&h15&*REDP15)+(&h15&*GREENP15)+(&h15
                                                                      PAGE  15
                                                                      13 Sep 26
                                                                      19:18:31
Offset  Data    Source Line      Microsoft (R) QuickBASIC Compiler Version 4.50

                &*BLUEP15)
 0030   0006    Const UGL.GREY15&       = (&h0A&*REDP15)+(&h0A&*GREENP15)+(&h0A
                &*BLUEP15)
 0030   0006    Const UGL.LBLUE15&      = (&h0A&*REDP15)+(&h0A&*GREENP15)+(&h1F
                &*BLUEP15)
 0030   0006    Const UGL.LGREEN15&     = (&h0A&*REDP15)+(&h1F&*GREENP15)+(&h0A
                &*BLUEP15)
 0030   0006    Const UGL.LCYAN15&      = (&h0A&*REDP15)+(&h1F&*GREENP15)+(&h1F
                &*BLUEP15)
 0030   0006    Const UGL.LRED15&       = (&h1F&*REDP15)+(&h0A&*GREENP15)+(&h0A
                &*BLUEP15)
 0030   0006    Const UGL.LMAGENTA15&   = (&h1F&*REDP15)+(&h0A&*GREENP15)+(&h1F
                &*BLUEP15)
 0030   0006    Const UGL.YELLOW15&     = (&h1F&*REDP15)+(&h1F&*GREENP15)+(&h0A
                &*BLUEP15)
 0030   0006    Const UGL.BWHITE15&     = (&h1F&*REDP15)+(&h1F&*GREENP15)+(&h1F
                &*BLUEP15)
 0030   0006    Const UGL.BPINK15&      = (&h1F&*REDP15)+(&h00&*GREENP15)+(&h1F
                &*BLUEP15)
 0030   0006    
 0030   0006    Const UGL.BLACK8&       = (&h00&*REDP8)+(&h00&*GREENP8)+(&h00&*
                BLUEP8)
 0030   0006    Const UGL.BLUE8&        = (&h00&*REDP8)+(&h00&*GREENP8)+(&h02&*
                BLUEP8)
 0030   0006    Const UGL.GREEN8&       = (&h00&*REDP8)+(&h05&*GREENP8)+(&h00&*
                BLUEP8)
 0030   0006    Const UGL.CYAN8&        = (&h00&*REDP8)+(&h05&*GREENP8)+(&h02&*
                BLUEP8)
 0030   0006    Const UGL.RED8&         = (&h05&*REDP8)+(&h00&*GREENP8)+(&h00&*
                BLUEP8)
 0030   0006    Const UGL.MAGENTA8&     = (&h05&*REDP8)+(&h00&*GREENP8)+(&h02&*
                BLUEP8)
 0030   0006    Const UGL.BROWN8&       = (&h05&*REDP8)+(&h02&*GREENP8)+(&h00&*
                BLUEP8)
 0030   0006    Const UGL.WHITE8&       = (&h05&*REDP8)+(&h05&*GREENP8)+(&h02&*
                BLUEP8)
 0030   0006    Const UGL.GREY8&        = (&h02&*REDP8)+(&h02&*GREENP8)+(&h01&*
                BLUEP8)
 0030   0006    Const UGL.LBLUE8&       = (&h02&*REDP8)+(&h02&*GREENP8)+(&h03&*
                BLUEP8)
 0030   0006    Const UGL.LGREEN8&      = (&h02&*REDP8)+(&h07&*GREENP8)+(&h01&*
                BLUEP8)
 0030   0006    Const UGL.LCYAN8&       = (&h02&*REDP8)+(&h07&*GREENP8)+(&h03&*
                BLUEP8)
 0030   0006    Const UGL.LRED8&        = (&h07&*REDP8)+(&h02&*GREENP8)+(&h01&*
                BLUEP8)
 0030   0006    Const UGL.LMAGENTA8&    = (&h07&*REDP8)+(&h02&*GREENP8)+(&h03&*
                BLUEP8)
 0030   0006    Const UGL.YELLOW8&      = (&h07&*REDP8)+(&h07&*GREENP8)+(&h01&*
                BLUEP8)
 0030   0006    Const UGL.BWHITE8&      = (&h07&*REDP8)+(&h07&*GREENP8)+(&h03&*
                BLUEP8)
 0030   0006    Const UGL.BPINK8&       = (&h07&*REDP8)+(&h00&*GREENP8)+(&h03&*
                BLUEP8)
                                                                      PAGE  16
                                                                      13 Sep 26
                                                                      19:18:31
Offset  Data    Source Line      Microsoft (R) QuickBASIC Compiler Version 4.50

 0030   0006    '$INCLUDE: 'DOS.BI'
 0030   0006    ''
 0030   0006    '' dos.bi -- DOS (file/conventinal memory) routines
 0030   0006    ''
 0030   0006    
 0030   0006    ''
 0030   0006    '' conv memory routines
 0030   0006    ''
 0030   0006    Declare Function memAlloc&      (Byval bytes As Long)
 0030   0006            
 0030   0006    Declare Function memCalloc&     (Byval bytes As Long)
 0030   0006            
 0030   0006    Declare Sub      memFree        (Byval farptr As Long)
 0030   0006    
 0030   0006    Declare Function memAvail&      ()
 0030   0006    
 0030   0006    Declare Sub      memFill        (Byval block As Long, _
 0030   0006                                     Byval bytes As Long, _
 0030   0006                                     Byval char As Integer)
 0030   0006    
 0030   0006    Declare Sub      memFillEx      Alias "memFill" (Seg block As A
                ny, _
 0030   0006                                     Byval bytes As Long, _
 0030   0006                                     Byval char As Integer)
 0030   0006    
 0030   0006    Declare Sub      memCopy        (Byval dst As Long, _
 0030   0006                                     Byval src As Long, _
 0030   0006                                     Byval bytes As Long)
 0030   0006    
 0030   0006    Declare Sub      memCopyEx      Alias "memCopy" (Seg dst As Any
                , _
 0030   0006                                     Seg src As Any, _
 0030   0006                                     Byval bytes As Long)
 0030   0006    
 0030   0006    ''
 0030   0006    '' file routines
 0030   0006    ''
 0030   0006    '' fileOpen/bfileOpen's mode(s):
 0030   0006    Const F4READ    = 1
 0030   0006    Const F4WRITE   = 2
 0030   0006    Const F4RW      = F4READ or F4WRITE
 0030   0006    Const F4CREATE  = &h4000 or F4RW
 0030   0006    Const F4APPEND  = &h8000 or F4WRITE
 0030   0006    
 0030   0006    '' fileSeek/bfileSeek origins:
 0030   0006    Const FSSTART   = 0
 0030   0006    Const FSCURRENT = 1
 0030   0006    Const FSEND     = 2
 0030   0006    
 0030   0006    Type FILE
 0030   0006        prv     As Long
 0030   0006        nxt     As Long
 0030   0006        ptrPos  As Long
 0030   0006        Size    As Long
                                                                      PAGE  17
                                                                      13 Sep 26
                                                                      19:18:31
Offset  Data    Source Line      Microsoft (R) QuickBASIC Compiler Version 4.50

 0030   0006        handle  As Integer
 0030   0006        mode    As Integer
 0030   0006        state   As Integer
 0030   0006    End Type
 0030   0006    
 0030   0006    Declare Function fileOpen%      (Seg f As FILE, _
 0030   0006                                     flname As String, _
 0030   0006                                     Byval mode As Integer)
 0030   0006    
 0030   0006    Declare Sub      fileClose      (Seg f As FILE)
 0030   0006    
 0030   0006    Declare Function fileRead&      (Seg f As FILE, _
 0030   0006                                     Byval destine As Long, _
 0030   0006                                     Byval bytes As Long)
 0030   0006    
 0030   0006    Declare Function fileReadEx&    Alias "fileRead" (Seg f As FILE
                , _
 0030   0006                                     Seg destine As Any, _
 0030   0006                                     Byval bytes As Long)
 0030   0006    
 0030   0006    Declare Function fileWrite&     (Seg f As FILE, _
 0030   0006                                     Byval source As Long, _
 0030   0006                                     Byval bytes As Long)
 0030   0006    
 0030   0006    Declare Function fileWriteEx&   Alias "fileWrite" (Seg f As FIL
                E, _
 0030   0006                                     Seg source As Any, _
 0030   0006                                     Byval bytes As Long)
 0030   0006    
 0030   0006    Declare Function fileReadH&     (Seg f As FILE, _
 0030   0006                                     Byval destine As Long, _
 0030   0006                                     Byval bytes As Long)
 0030   0006    
 0030   0006    Declare Function fileReadHEx&   Alias "fileReadH" (Seg f As FIL
                E, _
 0030   0006                                     Seg destine As Any, _
 0030   0006                                     Byval bytes As Long)
 0030   0006    
 0030   0006    Declare Function fileWriteH&    (Seg f As FILE, _
 0030   0006                                     Byval source As Long, _
 0030   0006                                     Byval bytes As Long)
 0030   0006    
 0030   0006    Declare Function fileWriteHEx&  Alias "fileWriteH" (Seg f As FI
                LE, _
 0030   0006                                     Seg source As Any, _
 0030   0006                                     Byval bytes As Long)
 0030   0006    
 0030   0006    Declare Function fileSeek&      (Seg f As FILE, _
 0030   0006                                     Byval origin As Integer, _
 0030   0006                                     Byval bytes As Long)
 0030   0006    
 0030   0006    Declare Function fileEOF%       (Seg f As FILE)
 0030   0006    
 0030   0006    Declare Function filePos&       (Seg f As FILE)
                                                                      PAGE  18
                                                                      13 Sep 26
                                                                      19:18:31
Offset  Data    Source Line      Microsoft (R) QuickBASIC Compiler Version 4.50

 0030   0006    
 0030   0006    Declare Function fileSize&      (Seg f As FILE)
 0030   0006    
 0030   0006    Declare Function fileCopy%      (Seg inFile As FILE, _
 0030   0006                                     Byval inOffs As Long, _
 0030   0006                                     Seg outFile As FILE, _
 0030   0006                                     Byval outOffs As Long, _
 0030   0006                                     Byval bytes As Long)
 0030   0006    
 0030   0006    ''
 0030   0006    '' file routines using buffers
 0030   0006    ''
 0030   0006    type BFILE
 0030   0006        f       As FILE
 0030   0006        buffer  As Long
 0030   0006        size    As Integer
 0030   0006        index   As Integer
 0030   0006        bytes   As Integer
 0030   0006        written As Integer
 0030   0006        ptrPos  As Long
 0030   0006    End Type
 0030   0006    
 0030   0006    
 0030   0006    Declare Function bfileOpen%     (Seg bf As BFILE, _
 0030   0006                                     flname As String, _
 0030   0006                                     Byval mode As Integer, _
 0030   0006                                     Byval bufferSize As Long)
 0030   0006    
 0030   0006    Declare Sub      bfileClose     (Seg bf As BFILE)
 0030   0006    
 0030   0006    Declare Function bfileRead&     (Seg bf As BFILE, _
 0030   0006                                     Byval destine As Long, _
 0030   0006                                     Byval bytes As Long)
 0030   0006    
 0030   0006    Declare Function bfileReadEx&   Alias "bfileRead" (Seg bf As BF
                ILE, _
 0030   0006                                     Seg destine As Any, _
 0030   0006                                     Byval bytes As Long)
 0030   0006    
 0030   0006    Declare Function bfileRead1%    (Seg bf As BFILE)
 0030   0006    
 0030   0006    Declare Function bfileRead2%    (Seg bf As BFILE)
 0030   0006    
 0030   0006    Declare Function bfileRead4&    (Seg bf As BFILE)
 0030   0006    
 0030   0006    Declare Function bfileWrite&    (Seg bf As BFILE, _
 0030   0006                                     Byval source As Long, _
 0030   0006                                     Byval bytes As Long)
 0030   0006    
 0030   0006    Declare Function bfileWriteEx&  Alias "bfileWrite" (Seg bf As B
                FILE, _
 0030   0006                                     Seg source As Any, _
 0030   0006                                     Byval bytes As Long)
 0030   0006    
                                                                      PAGE  19
                                                                      13 Sep 26
                                                                      19:18:31
Offset  Data    Source Line      Microsoft (R) QuickBASIC Compiler Version 4.50

 0030   0006    Declare Sub      bfileWrite1    (Seg bf As BFILE, _
 0030   0006                                     Byval byte As Integer)
 0030   0006    
 0030   0006    Declare Sub      bfileWrite2    (Seg bf As BFILE, _
 0030   0006                                     Byval word As Integer)
 0030   0006    
 0030   0006    Declare Sub      bfileWrite4    (Seg bf As BFILE, _
 0030   0006                                     Byval dword As Long)
 0030   0006    
 0030   0006    Declare Function bfileSeek&     (Seg bf As BFILE, _
 0030   0006                                     Byval origin As Integer, _
 0030   0006                                     Byval bytes As Long)
 0030   0006    
 0030   0006    Declare Function bfileEOF%      (Seg bf As BFILE)
 0030   0006    
 0030   0006    Declare Function bfilePos&      (Seg bf As BFILE)
 0030   0006    
 0030   0006    Declare Function bfileSize&     (Seg bf As BFILE)
 0030   0006    
 0030   0006    
 0030   0006    CONST barY = 580, barH = 20, scrW = 800, artH = 580
 0030   0006    CONST cBlack = 248, cWhite = 249, cLGray = 250, cMGray = 251, c
                DGray = 252, cParch = 253, cDParch = 254, cRed = 255
 0030   0006    
 0030   0006    DECLARE SUB PalLoad (bmp AS STRING)
 0030   0006    DECLARE SUB PalApply (f AS INTEGER)
 0030   0006    DECLARE SUB PalBlack ()
 0030   0006    DECLARE SUB Sync ()
 0030   0006    DECLARE FUNCTION Exists% (fil AS STRING)
 0030   0006    DECLARE FUNCTION PName$ (n AS INTEGER)
 0030   0006    DECLARE FUNCTION LoadP% (n AS INTEGER)
 0030   0006    DECLARE SUB Bar ()
 0030   0006    DECLARE SUB Flip (n AS INTEGER)
 0030   0006    DECLARE SUB Lg (s AS STRING)
 0030   0006    
 0030   0006    REM $DYNAMIC
 0030   0006    DIM SHARED pal(0 TO 255) AS tRGB
 0048   0018    REM $STATIC
 0048   0018    DIM SHARED v AS LONG, pg AS INTEGER, npg AS INTEGER
 0048   0020    
 0048   0020    DIM i AS INTEGER, k AS STRING, code AS INTEGER, lf AS INTEGER
 0048   002A    REDIM pal(0 TO 255) AS tRGB
 0060   002A    
 0060   002A    lf = FREEFILE: OPEN "man800.log" FOR OUTPUT AS #lf: CLOSE #lf
 0060   002A    CALL Lg("MAN800 " + DATE$ + " " + TIME$ + " free" + STR$(FRE(-1
                )))
 00EC   002E    IF NOT uglInit THEN CALL Lg("uglInit FAILED"): SYSTEM
 0124   0034    v = uglSetVideoDC(UGL.8BIT, 800, 600, 1)
 0124   0034    IF v = 0 THEN CALL Lg("800x600x256 one page NOT available"): ug
                lEnd: SYSTEM
 018D   003C    CALL Lg("800x600x256 set, free" + STR$(FRE(-1)))
 01C3   0040    
 01C3   0040    '----- count sub-pages present
 01C3   0040    npg = 0
                                                                      PAGE  20
                                                                      13 Sep 26
                                                                      19:18:31
Offset  Data    Source Line      Microsoft (R) QuickBASIC Compiler Version 4.50

 01C3   0040    FOR i = 1 TO 4
 01D0   0040            IF Exists%(PName$(i)) THEN npg = i ELSE EXIT FOR
 0205   0046    NEXT
 0211   0046    IF npg = 0 THEN CALL Lg("no M80*.BMP found"): uglRestore: uglEn
                d: SYSTEM
 0249   004A    CALL Lg("pages" + STR$(npg))
 0278   004E    
 0278   004E    uglSetWrkPage 0
 0280   004E    uglSetVisPage 0
 0288   004E    CALL PalBlack
 028D   004E    IF LoadP%(1) = 0 THEN CALL Lg("page 1 load FAILED"): uglRestore
                : uglEnd: SYSTEM
 02D7   0056    CALL Bar
 02DC   0056    FOR i = 0 TO 10: CALL Sync: CALL PalApply(i * 16 \ 10): NEXT
 0310   0058    DO: LOOP WHILE INKEY$ <> ""
 0310   0058    
 0310   0058    DO
 0322   0058            k = INKEY$
 0322   0058            IF k = CHR$(9) OR k = CHR$(27) THEN EXIT DO
 0372   0058            IF LEN(k) = 2 THEN
 0372   0058                    code = ASC(RIGHT$(k, 1))
 0372   0058                    SELECT CASE code
 0372   0058                            CASE 72, 75, 73: CALL Flip(pg - 1)
 03CA   005C                            CASE 80, 77, 81: CALL Flip(pg + 1)
 03FB   005E                            CASE 71: CALL Flip(1)
 0417   0060                            CASE 79: CALL Flip(npg)
 042D   0060                    END SELECT
 0430   0060            END IF
 0430   0060    LOOP
 0434   0060    
 0434   0060    FOR i = 10 TO 0 STEP -1: CALL Sync: CALL PalApply(i * 16 \ 10):
                 NEXT
 0467   0062    CALL PalBlack
 046C   0062    uglRestore
 0471   0062    uglEnd
 0476   0062    SCREEN 0: WIDTH 80
 0476   0062    CALL Lg("DONE")
 04B2   0066    SYSTEM
 04B2   0066    
 04B2   0066    '----- nav bar at VRAM lines 580..599: back / forward arrows, o
                ne dot per page
 04B2   0066    SUB Bar
 04C2   0066            DIM c AS INTEGER, i AS INTEGER, x AS INTEGER
 04C2   0066            REDIM pt(0 TO 2) AS PNT2D
 04DA   0066            uglSetWrkPage 0
 04E2   0066            uglRectF v, 0, barY, scrW - 1, 599, cDGray
 0504   0066            uglHLine v, 0, barY, scrW - 1, cLGray
 0522   0066            IF pg > 1 THEN c = cParch ELSE c = cMGray
 0539   0066            pt(0).x = 44: pt(0).y = barY + 3: pt(1).x = 44: pt(1).y
                 = barY + 16: pt(2).x = 14: pt(2).y = barY + 10
 0539   0066            uglPolyF v, pt(0), 3, c
 05B8   0066            IF pg < npg THEN c = cParch ELSE c = cMGray
 05D1   0066            pt(0).x = scrW - 45: pt(0).y = barY + 3: pt(1).x = scrW
                 - 45: pt(1).y = barY + 16: pt(2).x = scrW - 15: pt(2).y = barY
                                                                      PAGE  21
                                                                      13 Sep 26
                                                                      19:18:31
Offset  Data    Source Line      Microsoft (R) QuickBASIC Compiler Version 4.50

                 + 10
 05D1   0066            uglPolyF v, pt(0), 3, c
 0650   0066            x = scrW \ 2 - (npg * 12) \ 2
 0650   0066            FOR i = 1 TO npg
 0672   0066                    IF i = pg THEN c = cParch ELSE c = cMGray
 0688   0066                    uglRectF v, x, barY + 7, x + 5, barY + 12, c
 06AD   0066                    x = x + 12
 06AD   0066            NEXT
 06BD   0066    END SUB
 06CE   0066    
 06CE   0066    FUNCTION Exists% (fil AS STRING)
 06D9   0066            DIM f AS FILE
 06D9   0066            Exists% = 0
 06D9   0066            IF fileOpen(f, fil, F4READ) THEN fileClose f: Exists% =
                 -1
 070F   0066    END FUNCTION
 071A   0066    
 071A   0066    '----- fade to black, load sub-page n centred, fade in (the pag
                e-flip effect)
 071A   0066    SUB Flip (n AS INTEGER)
 0725   0066            DIM i AS INTEGER
 0725   0066            IF n < 1 OR n > npg OR n = pg THEN EXIT SUB
 0754   0066            FOR i = 10 TO 0 STEP -1: CALL Sync: CALL PalApply(i * 1
                6 \ 10): NEXT
 0787   0066            CALL PalBlack
 078C   0066            IF LoadP%(n) = 0 THEN i = LoadP%(pg)
 07B2   0066            CALL Bar
 07B7   0066            FOR i = 0 TO 10: CALL Sync: CALL PalApply(i * 16 \ 10):
                 NEXT
 07EA   0066    END SUB
 07F2   0066    
 07F2   0066    '----- load sub-page n onto page 0, centred in the 0..579 art a
                rea, palette -> pal()
 07F2   0066    FUNCTION LoadP% (n AS INTEGER)
 07FD   0066            DIM bmp AS STRING, fh AS INTEGER, w AS LONG, h AS LONG,
                 xo AS INTEGER, yo AS INTEGER
 07FD   0066            bmp = PName$(n)
 07FD   0066            LoadP% = 0
 07FD   0066            IF NOT Exists%(bmp) THEN EXIT FUNCTION
 0839   0066            fh = FREEFILE
 0839   0066            OPEN bmp FOR BINARY AS #fh
 0839   0066            GET #fh, 19, w
 0839   0066            GET #fh, 23, h
 0839   0066            CLOSE #fh
 0839   0066            IF h < 0 THEN h = -h
 08BB   0066            xo = (scrW - w) \ 2: IF xo < 0 THEN xo = 0
 08E1   0066            yo = (artH - h) \ 2: IF yo < 0 THEN yo = 0
 0907   0066            uglSetWrkPage 0
 090F   0066            CALL PalBlack
 0914   0066            uglRectF v, 0, 0, scrW - 1, 599, cBlack
 0933   0066            IF uglPutBMPEx(v, xo, yo, bmp, BMPOPT.NO332) = 0 THEN E
                XIT FUNCTION
 095A   0066            CALL PalLoad(bmp)
 0963   0066            pg = n
                                                                      PAGE  22
                                                                      13 Sep 26
                                                                      19:18:31
Offset  Data    Source Line      Microsoft (R) QuickBASIC Compiler Version 4.50

 0963   0066            CALL Lg("page" + STR$(n) + " " + bmp + " at" + STR$(xo)
                 + "," + STR$(yo) + " size" + STR$(w) + "x" + STR$(h))
 0A17   0066            LoadP% = -1
 0A17   0066    END FUNCTION
 0A39   0066    
 0A39   0066    SUB Lg (s AS STRING)
 0A44   0066            DIM f AS INTEGER
 0A44   0066            f = FREEFILE
 0A44   0066            OPEN "man800.log" FOR APPEND AS #f
 0A44   0066            PRINT #f, s
 0A44   0066            CLOSE #f
 0A44   0066    END SUB
 0A84   0066    
 0A84   0066    '----- pal() scaled by f/16 into the DAC (16 = as loaded, 0 = b
                lack)
 0A84   0066    SUB PalApply (f AS INTEGER)
 0A8F   0066            DIM i AS INTEGER
 0A8F   0066            REDIM p(0 TO 255) AS tRGB
 0AA7   0066            FOR i = 0 TO 255
 0AAC   0066                    p(i).red = CHR$(ASC(pal(i).red) * f \ 16)
 0AAC   0066                    p(i).green = CHR$(ASC(pal(i).green) * f \ 16)
 0AAC   0066                    p(i).blue = CHR$(ASC(pal(i).blue) * f \ 16)
 0AAC   0066            NEXT
 0BB2   0066            uglPalSetBuff 0, 256, p(0)
 0BCB   0066    END SUB
 0BDC   0066    
 0BDC   0066    SUB PalBlack
 0BE7   0066            DIM i AS INTEGER
 0BE7   0066            REDIM blk(0 TO 255) AS tRGB
 0BFF   0066            FOR i = 0 TO 255
 0C04   0066                    blk(i).red = CHR$(0): blk(i).green = CHR$(0): b
                lk(i).blue = CHR$(0)
 0C04   0066            NEXT
 0C89   0066            uglPalSetBuff 0, 256, blk(0)
 0CA2   0066    END SUB
 0CB3   0066    
 0CB3   0066    '----- 256 BGRA entries at file offset 55 (54-byte header) -> p
                al()
 0CB3   0066    SUB PalLoad (bmp AS STRING)
 0CBE   0066            DIM i AS INTEGER, fh AS INTEGER, s AS STRING
 0CBE   0066            fh = FREEFILE
 0CBE   0066            OPEN bmp FOR BINARY AS #fh
 0CBE   0066            SEEK #fh, 55
 0CBE   0066            s = INPUT$(1024, #fh)
 0CBE   0066            CLOSE #fh
 0CBE   0066            FOR i = 0 TO 255
 0D0C   0066                    pal(i).blue = MID$(s, i * 4 + 1, 1)
 0D0C   0066                    pal(i).green = MID$(s, i * 4 + 2, 1)
 0D0C   0066                    pal(i).red = MID$(s, i * 4 + 3, 1)
 0D0C   0066            NEXT
 0DBE   0066            s = ""
 0DBE   0066    END SUB
 0DDC   0066    
 0DDC   0066    FUNCTION PName$ (n AS INTEGER)
                                                                      PAGE  23
                                                                      13 Sep 26
                                                                      19:18:31
Offset  Data    Source Line      Microsoft (R) QuickBASIC Compiler Version 4.50

 0DE7   0066            SELECT CASE n
 0DE7   0066                    CASE 1: PName$ = "m801h.bmp"
 0DE7   0066                    CASE 2: PName$ = "m801hb.bmp"
 0E08   0066                    CASE 3: PName$ = "m802h.bmp"
 0E21   0066                    CASE 4: PName$ = "m802hb.bmp"
 0E3A   0066                    CASE ELSE: PName$ = ""
 0E53   0066            END SELECT
 0E60   0066    END FUNCTION
 0E71   0066    
 0E71   0066    SUB Sync
 0E7C   0066            WAIT &H3DA, 8, 8
 0E7C   0066            WAIT &H3DA, 8
 0E7C   0066    END SUB
 0E98   0066    
 0E9D   0066    

43885 Bytes Available
11502 Bytes Free

    0 Warning Error(s)
    0 Severe  Error(s)
