                                                                      PAGE   1
                                                                      15 Sep 26
                                                                      11:30:00
Offset  Data    Source Line      Microsoft (R) QuickBASIC Compiler Version 4.50

 0030   0006    '----- MANPOC.BAS: standalone POC of the 800x300-interlaced man
                ual (scanlines baked
 0030   0006    '----- into 800x600 pages). Loads MANP00.BMP.. full-screen, fli
                ps with the arrows,
 0030   0006    '----- fades between pages. Left/Up/PgUp = previous, Right/Down
                /PgDn = next,
 0030   0006    '----- Home/End, Tab/Esc = quit; mouse: click left half = previ
                ous, right half = next.
 0030   0006    DEFINT A-Z
 0030   0006    '$INCLUDE: 'UGL.BI'
 0030   0006    ''
 0030   0006    '' ugl.bi -- UGL routines
 0030   0006    ''
 0030   0006    
 0030   0006    Const UGL.TRUE%     = -1%
 0030   0006    Const UGL.FALSE%    = 0%
 0030   0006    
 0030   0006    Const DCTSIZE%      = 64%
 0030   0006    '' dc types:
 0030   0006    Const UGL.MEM%      = 0% * DCTSIZE%
 0030   0006    Const UGL.BNK%      = 1% * DCTSIZE%
 0030   0006    Const UGL.EMS%      = 2% * DCTSIZE%
 0030   0006    
 0030   0006    Const FMTSIZE%      = 128%
 0030   0006    '' color formats:
 0030   0006    Const UGL.8BIT%     = 0% * FMTSIZE%
 0030   0006    Const UGL.15BIT%    = 1% * FMTSIZE%
 0030   0006    Const UGL.16BIT%    = 2% * FMTSIZE%
 0030   0006    Const UGL.32BIT%    = 3% * FMTSIZE%
 0030   0006    
 0030   0006    '' buffer formats for uglRow Read/Write/SetPal routines
 0030   0006    Const UGL.BF.8BIT%  = 0% * 2%
 0030   0006    Const UGL.BF.15BIT% = 1% * 2%
 0030   0006    Const UGL.BF.16BIT% = 2% * 2%
 0030   0006    Const UGL.BF.32BIT% = 3% * 2%
 0030   0006    Const UGL.BF.24BIT% = 4% * 2%
 0030   0006    Const UGL.BF.IDX1%  = 5% * 2%
 0030   0006    Const UGL.BF.IDX4%  = 6% * 2%
 0030   0006    Const UGL.BF.IDX8%  = 7% * 2%
 0030   0006    
 0030   0006    '' flipping modes:
 0030   0006    Const UGL.VFLIP%    = 1%
 0030   0006    Const UGL.HFLIP%    = 2%
 0030   0006    Const UGL.VHFLIP%   = UGL.VFLIP% or UGL.HFLIP%
 0030   0006    
 0030   0006    '' Mask modes for uglTriT and uglQuadT
 0030   0006    const UGL.MASK.FALSE = 0
 0030   0006    const UGL.MASK.TRUE  = 2
 0030   0006    
 0030   0006    '' uglPalLoad's 'fmt' parameter:
 0030   0006    Const PALRGB% = 0%
 0030   0006    Const PALBGR% = 1%
 0030   0006    
 0030   0006    '' uglNew/PutBMPEx options:
                                                                      PAGE   2
                                                                      15 Sep 26
                                                                      11:30:00
Offset  Data    Source Line      Microsoft (R) QuickBASIC Compiler Version 4.50

 0030   0006    Const BMPOPT.NOOPT% = &h0000%
 0030   0006    Const BMPOPT.NO332% = &h0100%
 0030   0006    Const BMPOPT.MASK%  = &h0200%
 0030   0006        
 0030   0006    Type CLIPRECT
 0030   0006            xMin    As Integer
 0030   0006            yMin    As Integer
 0030   0006            xMax    As Integer
 0030   0006            yMax    As Integer
 0030   0006    End Type
 0030   0006    
 0030   0006    '' uglDCget's struct
 0030   0006    Type TDC
 0030   0006            fmt     As Integer                      '' color format
                 (8BIT..32BIT)
 0030   0006            typ     As Integer                      '' type (MEM, E
                MS, BNK)
 0030   0006            
 0030   0006            bpp     As String * 1                   '' bits per pix
                el
 0030   0006            p2b     As String * 1                   '' pixel to byt
                e conversion
 0030   0006            xRes    As Integer                      '' width
 0030   0006            yRes    As Integer                      '' height
 0030   0006            bps     As Integer                      '' bytes per sc
                anline
 0030   0006            pages   As Integer                      '' (only for BN
                K DCs)
 0030   0006            startSL As Integer                      '' / start scan
                line
 0030   0006            size    As Long                         '' yRes * bps
 0030   0006            
 0030   0006            cr      As CLIPRECT                     '' clipping rec
                tangle
 0030   0006    End Type
 0030   0006    
 0030   0006    '' uglPoly*'s struct
 0030   0006    type PNT2D
 0030   0006            x       As Integer
 0030   0006            y       As Integer
 0030   0006    End Type
 0030   0006    
 0030   0006    Type PNT3D
 0030   0006            x       As Single
 0030   0006            y       As Single
 0030   0006            z       As Single
 0030   0006    End Type
 0030   0006    
 0030   0006    '' uglFxPoly*'s struct
 0030   0006    type PNT2DF
 0030   0006            x       As Long
 0030   0006            y       As Long
 0030   0006    End Type
 0030   0006    
                                                                      PAGE   3
                                                                      15 Sep 26
                                                                      11:30:00
Offset  Data    Source Line      Microsoft (R) QuickBASIC Compiler Version 4.50

 0030   0006    '' uglQuadricBez's struct
 0030   0006    Type QUADBEZ
 0030   0006            a       As PNT2D
 0030   0006            b       As PNT2D
 0030   0006            c       As PNT2D
 0030   0006    End Type 
 0030   0006    
 0030   0006    '' uglCubicBez's struct
 0030   0006    Type CUBICBEZ
 0030   0006            a       As PNT2D
 0030   0006            b       As PNT2D
 0030   0006            c       As PNT2D
 0030   0006            d       As PNT2D
 0030   0006    End Type 
 0030   0006    
 0030   0006    Type RECT
 0030   0006            x1      As Integer
 0030   0006            y1      As Integer
 0030   0006            x2      As Integer
 0030   0006            y2      As Integer
 0030   0006    End Type
 0030   0006    
 0030   0006    '' uglTri#/Quad#'s structs 
 0030   0006    type vector2i
 0030   0006            x       as integer
 0030   0006            y       as integer
 0030   0006            u       as integer
 0030   0006            v       as integer
 0030   0006            r       as integer
 0030   0006            g       as integer
 0030   0006            b       as integer
 0030   0006    end type
 0030   0006    
 0030   0006    type vector3f
 0030   0006            x       as single
 0030   0006            y       as single
 0030   0006            z       as single
 0030   0006            u       as single
 0030   0006            v       as single
 0030   0006            r       as single
 0030   0006            g       as single
 0030   0006            b       as single
 0030   0006    end type
 0030   0006    
 0030   0006    type TriType
 0030   0006            v1 as vector3f
 0030   0006            v2 as vector3f
 0030   0006            v3 as vector3f
 0030   0006    end type
 0030   0006    
 0030   0006    type QuadType
 0030   0006            v1 as vector3f
 0030   0006            v2 as vector3f
 0030   0006            v3 as vector3f
                                                                      PAGE   4
                                                                      15 Sep 26
                                                                      11:30:00
Offset  Data    Source Line      Microsoft (R) QuickBASIC Compiler Version 4.50

 0030   0006            v4 as vector3f
 0030   0006    end type        
 0030   0006            
 0030   0006    type tRGB
 0030   0006            red    as string * 1
 0030   0006            green  as string * 1
 0030   0006            blue   as string * 1
 0030   0006    end type
 0030   0006    
 0030   0006    Declare Function uglInit%       ()
 0030   0006        
 0030   0006    Declare Sub      uglEnd         ()
 0030   0006    
 0030   0006    Declare Sub      uglRestore     ()
 0030   0006    
 0030   0006    Declare Sub      uglVersion     (major As Integer, _
 0030   0006                                     minor As Integer, _
 0030   0006                                     stable As Integer, _
 0030   0006                                     build As Integer)
 0030   0006    
 0030   0006    Declare Function uglSetVideoDC& (Byval fmt As Integer, _
 0030   0006                                     Byval xRes As Integer, _
 0030   0006                                     Byval yRes As Integer, _ 
 0030   0006                                     Byval vidPages As Integer)
 0030   0006    
 0030   0006    Declare Function uglGetVideoDC& ()
 0030   0006    
 0030   0006    Declare Sub      uglSetVisPage  (Byval visPage As Integer)
 0030   0006    
 0030   0006    Declare Sub      uglSetWrkPage  (Byval wrkPage As Integer)
 0030   0006            
 0030   0006        
 0030   0006    Declare Function uglNew&        (Byval typ As Integer, _
 0030   0006                                     Byval fmt As Integer, _
 0030   0006                                     Byval xRes As Integer, _ 
 0030   0006                                     Byval yRes As Integer)
 0030   0006    
 0030   0006    Declare Function uglNewMult%    (dcArray() As Long, _
 0030   0006                                     Byval dcs As Integer, _
 0030   0006                                     Byval typ As Integer, _
 0030   0006                                     Byval fmt As Integer, _
 0030   0006                                     Byval xRes As Integer, _ 
 0030   0006                                     Byval yRes As Integer)
 0030   0006    
 0030   0006    Declare Function uglNewBMP&     (Byval typ As Integer, _
 0030   0006                                     Byval fmt As Integer, _
 0030   0006                                     flname As string)
 0030   0006    
 0030   0006    Declare Function uglNewBMPEx&   (Byval typ As Integer, _
 0030   0006                                     Byval fmt As Integer, _
 0030   0006                                     flname As string, _
 0030   0006                                     Byval opt As Integer)
 0030   0006    
 0030   0006    Declare Sub      uglDel         (Seg dc As Long)
                                                                      PAGE   5
                                                                      15 Sep 26
                                                                      11:30:00
Offset  Data    Source Line      Microsoft (R) QuickBASIC Compiler Version 4.50

 0030   0006    
 0030   0006    Declare Sub      uglDelMult     (dcArray() As Long)
 0030   0006    
 0030   0006    
 0030   0006    Declare Sub      uglSetClipRect (Byval dc As Long, _
 0030   0006                                     Seg cr As CLIPRECT)
 0030   0006    
 0030   0006    Declare Sub      uglGetClipRect (Byval dc As Long, _
 0030   0006                                     Seg cr As CLIPRECT)
 0030   0006    
 0030   0006    Declare Sub      uglGetSetClipRect _
 0030   0006                                    (Byval dc As Long, _
 0030   0006                                     Seg inCr As CLIPRECT, _
 0030   0006                                     Seg outCr As CLIPRECT)
 0030   0006    
 0030   0006    Declare Sub      uglDCGet       (Byval dc As Long, _
 0030   0006                                     Seg dcInfo As TDC)
 0030   0006    
 0030   0006    Declare Function uglDCAccessRd& (Byval dc As Long, _
 0030   0006                                     Byval y As Integer)
 0030   0006    
 0030   0006    Declare Function uglDCAccessWr& (Byval dc As Long, _
 0030   0006                                     Byval y As Integer)
 0030   0006    
 0030   0006    Declare Function uglDCAccessRdWr& (Byval dc As Long, _
 0030   0006                                     Byval y As Integer, _
 0030   0006                                     rdPtr As Long)
 0030   0006    
 0030   0006    
 0030   0006    Declare Function uglColor32&    (Byval red As Integer, _
 0030   0006                                     Byval green As Integer, _
 0030   0006                                     Byval blue As Integer)
 0030   0006    
 0030   0006    Declare Function uglColor16&    (Byval red As Integer, _
 0030   0006                                     Byval green As Integer, _
 0030   0006                                     Byval blue As Integer)
 0030   0006    
 0030   0006    Declare Function uglColor15&    (Byval red As Integer, _
 0030   0006                                     Byval green As Integer, _
 0030   0006                                     Byval blue As Integer)
 0030   0006    
 0030   0006    Declare Function uglColor8&     (Byval red As Integer, _
 0030   0006                                     Byval green As Integer, _
 0030   0006                                     Byval blue As Integer)
 0030   0006    
 0030   0006    Declare Function uglColor&      (Byval fmt As Integer, _
 0030   0006                                     Byval red As Integer, _
 0030   0006                                     Byval green As Integer, _
 0030   0006                                     Byval blue As Integer)
 0030   0006    
 0030   0006    Declare Function uglColors&     (Byval fmt As Integer)
 0030   0006    
 0030   0006    Declare Function uglColorsEx&   (Byval dc As Long)
 0030   0006    
                                                                      PAGE   6
                                                                      15 Sep 26
                                                                      11:30:00
Offset  Data    Source Line      Microsoft (R) QuickBASIC Compiler Version 4.50

 0030   0006    
 0030   0006    Declare Sub      uglPSet        (Byval dc As Long, _
 0030   0006                                     Byval x As Integer, _
 0030   0006                                     Byval y As Integer, _ 
 0030   0006                                     Byval clr As long)
 0030   0006    
 0030   0006    Declare Function uglPGet&       (Byval dc As Long, _ 
 0030   0006                                     Byval x As Integer, _
 0030   0006                                     Byval y As Integer)
 0030   0006            
 0030   0006    
 0030   0006    Declare Sub      uglHLine       (Byval dc As Long, _
 0030   0006                                     Byval x1 As Integer, _ 
 0030   0006                                     Byval y As Integer, _
 0030   0006                                     Byval x2 As Integer, _
 0030   0006                                     Byval clr As long)
 0030   0006                    
 0030   0006    Declare Sub      uglVLine       (Byval dc As Long, _
 0030   0006                                     Byval x As Integer, _ 
 0030   0006                                     Byval y1 As Integer, _
 0030   0006                                     Byval y2 As Integer, _
 0030   0006                                     Byval clr As long)
 0030   0006    
 0030   0006    Declare Sub      uglLine        (Byval dc As Long, _
 0030   0006                                     Byval x1 As Integer, _ 
 0030   0006                                     Byval y1 As Integer, _
 0030   0006                                     Byval x2 As Integer, _
 0030   0006                                     Byval y2 As Integer, _
 0030   0006                                     Byval clr As long)
 0030   0006                    
 0030   0006    
 0030   0006    Declare Sub      uglRect        (Byval dc As Long, _
 0030   0006                                     Byval x1 As Integer, _
 0030   0006                                     Byval y1 As Integer, _
 0030   0006                                     Byval x2 As Integer, _
 0030   0006                                     Byval y2 As Integer, _
 0030   0006                                     Byval clr As Long)
 0030   0006    
 0030   0006    Declare Sub      uglRectF       (Byval dc As Long, _
 0030   0006                                     Byval x1 As Integer, _
 0030   0006                                     Byval y1 As Integer, _
 0030   0006                                     Byval x2 As Integer, _
 0030   0006                                     Byval y2 As Integer, _
 0030   0006                                     Byval clr As Long)
 0030   0006    
 0030   0006    
 0030   0006    Declare Sub      uglCircle      (Byval dc As Long, _
 0030   0006                                     Byval cx As Integer, _ 
 0030   0006                                     Byval cy As Integer, _
 0030   0006                                     Byval radius As Long, _
 0030   0006                                     Byval clr As long)
 0030   0006                    
 0030   0006    Declare Sub      uglCircleF     (Byval dc As Long, _
 0030   0006                                     Byval cx As Integer, _ 
                                                                      PAGE   7
                                                                      15 Sep 26
                                                                      11:30:00
Offset  Data    Source Line      Microsoft (R) QuickBASIC Compiler Version 4.50

 0030   0006                                     Byval cy As Integer, _
 0030   0006                                     Byval radius As Long, _
 0030   0006                                     Byval clr As long)
 0030   0006                    
 0030   0006    Declare Sub      uglEllipse     (Byval dc As Long, _
 0030   0006                                     Byval cx As Integer, _ 
 0030   0006                                     Byval cy As Integer, _
 0030   0006                                     Byval rx As Integer, _
 0030   0006                                     Byval ry As Integer, _
 0030   0006                                     Byval clr As long)
 0030   0006    
 0030   0006    Declare Sub      uglEllipseF    (Byval dc As Long, _
 0030   0006                                     Byval cx As Integer, _ 
 0030   0006                                     Byval cy As Integer, _
 0030   0006                                     Byval rx As Integer, _
 0030   0006                                     Byval ry As Integer, _
 0030   0006                                     Byval clr As long)
 0030   0006    
 0030   0006    
 0030   0006    Declare Sub      uglPoly        (Byval dc As Long, _
 0030   0006                                     Seg pntArray As PNT2D, _
 0030   0006                                     Byval points As Integer, _
 0030   0006                                     Byval clr As Long)
 0030   0006    
 0030   0006    Declare Sub      uglPolyF       (Byval dc As Long, _
 0030   0006                                     Seg pntArray As PNT2D, _
 0030   0006                                     Byval points As Integer, _
 0030   0006                                     Byval clr As Long)
 0030   0006    
 0030   0006    Declare Sub      uglPolyPoly    (Byval dc As Long, _
 0030   0006                                     Seg pntArray As PNT2D, _
 0030   0006                                     Seg cntArray As Integer, _
 0030   0006                                     Byval polygons As Integer, _
 0030   0006                                     Byval clr As Long)
 0030   0006    
 0030   0006    Declare Sub      uglPolyPolyF   (Byval dc As Long, _
 0030   0006                                     Seg pntArray As PNT2D, _
 0030   0006                                     Seg cntArray As Integer, _
 0030   0006                                     Byval points As Integer, _
 0030   0006                                     Byval polygons As Integer, _
 0030   0006                                     Byval clr As Long)
 0030   0006    
 0030   0006    Declare Sub      uglFxPoly      (Byval dc As Long, _
 0030   0006                                     Seg pntArray As PNT2DF, _
 0030   0006                                     Byval points As Integer, _
 0030   0006                                     Byval clr As Long)
 0030   0006    
 0030   0006    Declare Sub      uglFxPolyF     (Byval dc As Long, _
 0030   0006                                     Seg pntArray As PNT2DF, _
 0030   0006                                     Byval points As Integer, _
 0030   0006                                     Byval clr As Long)
 0030   0006    
 0030   0006    Declare Sub      uglFxPolyPoly  (Byval dc As Long, _
 0030   0006                                     Seg pntArray As PNT2DF, _
                                                                      PAGE   8
                                                                      15 Sep 26
                                                                      11:30:00
Offset  Data    Source Line      Microsoft (R) QuickBASIC Compiler Version 4.50

 0030   0006                                     Seg cntArray As Integer, _
 0030   0006                                     Byval polygons As Integer, _
 0030   0006                                     Byval clr As Long)
 0030   0006    
 0030   0006    Declare Sub      uglFxPolyPolyF (Byval dc As Long, _
 0030   0006                                     Seg pntArray As PNT2DF, _
 0030   0006                                     Seg cntArray As Integer, _
 0030   0006                                     Byval points As Integer, _
 0030   0006                                     Byval polygons As Integer, _
 0030   0006                                     Byval clr As Long)
 0030   0006    
 0030   0006    
 0030   0006    Declare Sub      uglQuadricBez  (Byval dc As Long, _
 0030   0006                                     Seg cbz As QUADBEZ, _ 
 0030   0006                                     Byval levels As Integer, _
 0030   0006                                     Byval clr As long)
 0030   0006    
 0030   0006    Declare Sub      uglCubicBez    (Byval dc As Long, _
 0030   0006                                     Seg cbz As CUBICBEZ, _ 
 0030   0006                                     Byval levels As Integer, _
 0030   0006                                     Byval clr As long)
 0030   0006                     
 0030   0006    
 0030   0006    Declare Sub      uglClear       (Byval dc As Long, _
 0030   0006                                     Byval clr As Long)
 0030   0006    
 0030   0006    
 0030   0006    Declare Sub      uglRowRead     (Byval dc As Long, _ 
 0030   0006                                     Byval x As Integer, _
 0030   0006                                     Byval y As Integer, _
 0030   0006                                     Byval pixels As Integer, _
 0030   0006                                     Byval bufferFmt As Integer, _
 0030   0006                                     Byval buffer As Long)
 0030   0006    
 0030   0006    Declare Sub      uglRowReadBuff         Alias "uglRowRead" (Byv
                al dc As Long, _ 
 0030   0006                                     Byval x As Integer, _
 0030   0006                                     Byval y As Integer, _
 0030   0006                                     Byval pixels As Integer, _
 0030   0006                                     Byval bufferFmt As Integer, _
 0030   0006                                     Byval buffer As Long)
 0030   0006    
 0030   0006    Declare Sub      uglRowWrite    (Byval dc As Long, _ 
 0030   0006                                     Byval x As Integer, _
 0030   0006                                     Byval y As Integer, _
 0030   0006                                     Byval pixels As Integer, _
 0030   0006                                     Byval bufferFmt As Integer, _
 0030   0006                                     Byval buffer As Long)
 0030   0006    
 0030   0006    Declare Sub      uglRowWriteBuff Alias "uglRowWrite" (Byval dc 
                As Long, _ 
 0030   0006                                     Byval x As Integer, _
 0030   0006                                     Byval y As Integer, _
 0030   0006                                     Byval pixels As Integer, _
                                                                      PAGE   9
                                                                      15 Sep 26
                                                                      11:30:00
Offset  Data    Source Line      Microsoft (R) QuickBASIC Compiler Version 4.50

 0030   0006                                     Byval bufferFmt As Integer, _ 
                                                
 0030   0006                                     Seg buffer As Any)
 0030   0006    
 0030   0006    Declare Sub      uglRowWriteEx  (Byval dc As Long, _ 
 0030   0006                                     Byval x As Integer, _
 0030   0006                                     Byval y As Integer, _
 0030   0006                                     Byval pixels As Integer, _
 0030   0006                                     Byval bufferFmt As Integer, _
 0030   0006                                     Byval buffer As Long, _
 0030   0006                                     Byval opt As Integer)
 0030   0006    
 0030   0006    Declare Sub      uglRowSetPal   (Byval dcFmt As Integer, _
 0030   0006                                     Byval bufferFmt As Integer, _
 0030   0006                                     Byval pallete As Long, _
 0030   0006                                     Byval entries As Integer)
 0030   0006    
 0030   0006    
 0030   0006    Declare Sub      uglGet         (Byval srcDc As Long, _
 0030   0006                                     Byval x As Integer, _
 0030   0006                                     Byval y As Integer, _
 0030   0006                                     Byval dstDc As Long)
 0030   0006    
 0030   0006    Declare Sub      uglGetConv     (Byval srcDc As Long, _
 0030   0006                                     Byval x As Integer, _
 0030   0006                                     Byval y As Integer, _
 0030   0006                                     Byval dstDc As Long)
 0030   0006    
 0030   0006    Declare Sub      uglPut         (Byval dstDc As Long, _
 0030   0006                                     Byval x As Integer, _
 0030   0006                                     Byval y As Integer, _
 0030   0006                                     Byval srcDc As Long)
 0030   0006    
 0030   0006    Declare Sub      uglPutFlip     (Byval dstDc As Long, _
 0030   0006                                     Byval x As Integer, _
 0030   0006                                     Byval y As Integer, _
 0030   0006                                     Byval mode As Integer, _
 0030   0006                                     Byval srcDc As Long)
 0030   0006    
 0030   0006    declare sub      uglPutRot      (Byval dstDC As Long, _
 0030   0006                                     Byval x As Integer, _
 0030   0006                                     Byval y As Integer, _
 0030   0006                                     Byval angle As Single, _
 0030   0006                                     Byval srcDC As Long )
 0030   0006    
 0030   0006    declare sub      uglPutScl      (Byval dstDC As Long, _
 0030   0006                                     Byval x As Integer, _
 0030   0006                                     Byval y As Integer, _
 0030   0006                                     Byval xScale As Single, _
 0030   0006                                     Byval yScale As Single, _
 0030   0006                                     Byval srcDC As Long )
 0030   0006                                     
 0030   0006    declare sub      uglPutRotScl   (Byval dstDC As Long, _
 0030   0006                                     Byval x As Integer, _
                                                                      PAGE  10
                                                                      15 Sep 26
                                                                      11:30:00
Offset  Data    Source Line      Microsoft (R) QuickBASIC Compiler Version 4.50

 0030   0006                                     Byval y As Integer, _
 0030   0006                                     Byval angle As Single, _
 0030   0006                                     Byval xScale As Single, _
 0030   0006                                     Byval yScale As Single, _
 0030   0006                                     Byval srcDC As Long )
 0030   0006    
 0030   0006    Declare Sub      uglPutAB       (Byval dstDc As Long, _
 0030   0006                                     Byval x As Integer, _
 0030   0006                                     Byval y As Integer, _
 0030   0006                                     Byval alpha As Integer, _
 0030   0006                                     Byval srcDc As Long)
 0030   0006    
 0030   0006    Declare Sub      uglPutABFlip   (Byval dstDc As Long, _
 0030   0006                                     Byval x As Integer, _
 0030   0006                                     Byval y As Integer, _
 0030   0006                                     Byval alpha As Integer, _
 0030   0006                                     Byval mode As Integer, _
 0030   0006                                     Byval srcDc As Long)
 0030   0006    
 0030   0006    Declare Sub      uglPutConv     (Byval dstDc As Long, _
 0030   0006                                     Byval x As Integer, _
 0030   0006                                     Byval y As Integer, _
 0030   0006                                     Byval srcDc As Long)
 0030   0006    
 0030   0006    Declare Sub      uglPutMsk      (Byval dstDc As Long, _
 0030   0006                                     Byval x As Integer, _
 0030   0006                                     Byval y As Integer, _
 0030   0006                                     Byval srcDc As Long)
 0030   0006    
 0030   0006    Declare Sub      uglPutMskFlip  (Byval dstDc As Long, _
 0030   0006                                     Byval x As Integer, _
 0030   0006                                     Byval y As Integer, _
 0030   0006                                     Byval mode As Integer, _
 0030   0006                                     Byval srcDc As Long)
 0030   0006                                     
 0030   0006    declare sub      uglPutMskRot   (Byval dstDC As Long, _
 0030   0006                                     Byval x As Integer, _
 0030   0006                                     Byval y As Integer, _
 0030   0006                                     Byval angle As Single, _
 0030   0006                                     Byval srcDC As Long )
 0030   0006                                     
 0030   0006    declare sub      uglPutMskScl   (Byval dstDC As Long, _
 0030   0006                                     Byval x As Integer, _
 0030   0006                                     Byval y As Integer, _
 0030   0006                                     Byval xScale As Single, _
 0030   0006                                     Byval yScale As Single, _
 0030   0006                                     Byval srcDC As Long )
 0030   0006    
 0030   0006    declare sub      uglPutMskRotScl(Byval dstDC As Long, _
 0030   0006                                     Byval x As Integer, _
 0030   0006                                     Byval y As Integer, _
 0030   0006                                     Byval angle As Single, _
 0030   0006                                     Byval xScale As Single, _
 0030   0006                                     Byval yScale As Single, _
                                                                      PAGE  11
                                                                      15 Sep 26
                                                                      11:30:00
Offset  Data    Source Line      Microsoft (R) QuickBASIC Compiler Version 4.50

 0030   0006                                     Byval srcDC As Long )
 0030   0006    
 0030   0006    Declare Sub      uglPutMskAB    (Byval dstDc As Long, _
 0030   0006                                     Byval x As Integer, _
 0030   0006                                     Byval y As Integer, _
 0030   0006                                     Byval alpha As Integer, _
 0030   0006                                     Byval srcDc As Long)
 0030   0006    
 0030   0006    Declare Sub      uglPutMskABFlip(Byval dstDc As Long, _
 0030   0006                                     Byval x As Integer, _
 0030   0006                                     Byval y As Integer, _
 0030   0006                                     Byval alpha As Integer, _
 0030   0006                                     Byval mode As Integer, _
 0030   0006                                     Byval srcDc As Long)
 0030   0006    
 0030   0006    Declare Sub      uglPutMskConv  (Byval dstDc As Long, _
 0030   0006                                     Byval x As Integer, _
 0030   0006                                     Byval y As Integer, _
 0030   0006                                     Byval srcDc As Long)
 0030   0006    
 0030   0006    Declare Function uglPutBMP%     (Byval dstDc As Long, _
 0030   0006                                     Byval x As Integer, _
 0030   0006                                     Byval y As Integer, _
 0030   0006                                     flname As string)
 0030   0006                                     
 0030   0006    Declare Function uglPutBMPEx%   (Byval dstDc As Long, _
 0030   0006                                     Byval x As Integer, _
 0030   0006                                     Byval y As Integer, _
 0030   0006                                     flname As string, _
 0030   0006                                     Byval opt As Integer)
 0030   0006    
 0030   0006    Declare sub      uglTriF        (Byval dc As Long, _
 0030   0006                                     seg vtx As TriType, _
 0030   0006                                     Byval col As Long)
 0030   0006                                     
 0030   0006    Declare Sub      uglTriG        (Byval dc As Long, _
 0030   0006                                     seg vtx As TriType)
 0030   0006                                     
 0030   0006    Declare Sub      uglTriT        (Byval dstDC As Long, _
 0030   0006                                     seg vtx As TriType, _
 0030   0006                                     Byval mask As Integer, _
 0030   0006                                     Byval srcDC As Long)
 0030   0006                                     
 0030   0006    Declare Sub      uglTriTP       (Byval dstDC As Long, _
 0030   0006                                     seg vtx As TriType, _
 0030   0006                                     Byval mask As Integer, _
 0030   0006                                     Byval srcDC As Long)
 0030   0006    
 0030   0006    Declare Sub      uglTriFM       (Byval dstDC As Long, _
 0030   0006                                     seg vtx As TriType, _
 0030   0006                                     byval col as long)
 0030   0006    
 0030   0006    Declare Sub      uglTriGM       (Byval dstDC As Long, _
 0030   0006                                     seg vtx As TriType, _
                                                                      PAGE  12
                                                                      15 Sep 26
                                                                      11:30:00
Offset  Data    Source Line      Microsoft (R) QuickBASIC Compiler Version 4.50

 0030   0006                                     byval cnt as integer)
 0030   0006    
 0030   0006    
 0030   0006    Declare Sub      uglTriTM       (Byval dstDC As Long, _
 0030   0006                                     seg vtx As TriType, _
 0030   0006                                     byval cnt as integer, _
 0030   0006                                     Byval mask As Integer, _
 0030   0006                                     Byval srcDC As Long)          
                                       
 0030   0006    
 0030   0006    Declare Sub      uglTriTPM      (Byval dstDC As Long, _
 0030   0006                                     seg vtx As TriType, _
 0030   0006                                     byval cnt as integer, _
 0030   0006                                     Byval mask As Integer, _
 0030   0006                                     Byval srcDC As Long)
 0030   0006    
 0030   0006    Declare Sub      uglQuadF       (Byval dc As Long, _
 0030   0006                                     seg vtx As QuadType, _
 0030   0006                                     Byval col As Long)
 0030   0006                                     
 0030   0006    Declare Sub      uglQuadT       (Byval dstDC As Long, _
 0030   0006                                     seg vtx As QuadType, _
 0030   0006                                     Byval mask As Integer, _
 0030   0006                                     Byval srcDC As Long)
 0030   0006    
 0030   0006    
 0030   0006    Declare Sub      uglPalSet      (Byval idx As Integer, _
 0030   0006                                     Byval entries As Integer, _
 0030   0006                                     Byval pal As Long)
 0030   0006    
 0030   0006    Declare Sub      uglPalSetBuff alias "uglPalSet" (Byval idx As 
                Integer, _
 0030   0006                                     Byval entries As Integer, _
 0030   0006                                     Seg pal As tRGB)
 0030   0006    
 0030   0006    Declare Sub      uglPalGet      (Byval idx As Integer, _
 0030   0006                                     Byval entries As Integer, _
 0030   0006                                     Byval pal As Long)
 0030   0006    
 0030   0006    Declare Sub      uglPalGetBuff  alias "uglPalGet" (Byval idx As
                 Integer, _
 0030   0006                                     Byval entries As Integer, _
 0030   0006                                     Seg pal As tRGB)
 0030   0006    
 0030   0006    Declare Function uglPalLoad&    (flname As String, _
 0030   0006                                     Byval fmt As Integer)
 0030   0006                                     
 0030   0006    Declare Sub      uglPalUsingLin (byval linpal as integer)
 0030   0006    
 0030   0006    
 0030   0006    
 0030   0006    
 0030   0006    '' some constants for commonly used colors
 0030   0006    Const REDP32&   = 65536&                        '' 2^16
                                                                      PAGE  13
                                                                      15 Sep 26
                                                                      11:30:00
Offset  Data    Source Line      Microsoft (R) QuickBASIC Compiler Version 4.50

 0030   0006    Const GREENP32& = 256&                          '' 2^8
 0030   0006    Const BLUEP32&  = 1&                            '' 2^0
 0030   0006    
 0030   0006    Const REDP16&   = 2048&                         '' 2^11
 0030   0006    Const GREENP16& = 32&                           '' 2^5
 0030   0006    Const BLUEP16&  = 1&                            '' 2^0
 0030   0006    
 0030   0006    Const REDP15&   = 1024&                         '' 2^10
 0030   0006    Const GREENP15& = 32&                           '' 2^5
 0030   0006    Const BLUEP15&  = 1&                            '' 2^0
 0030   0006    
 0030   0006    Const REDP8&    = 32&                           '' 2^5
 0030   0006    Const GREENP8&  = 4&                            '' 2^2
 0030   0006    Const BLUEP8&   = 1&                            '' 2^0
 0030   0006    
 0030   0006    Const UGL.BLACK32&      = (&h00&*REDP32)+(&h00&*GREENP32)+(&h00
                &*BLUEP32)
 0030   0006    Const UGL.BLUE32&       = (&h00&*REDP32)+(&h00&*GREENP32)+(&hA8
                &*BLUEP32)
 0030   0006    Const UGL.GREEN32&      = (&h00&*REDP32)+(&hA8&*GREENP32)+(&h00
                &*BLUEP32)
 0030   0006    Const UGL.CYAN32&       = (&h00&*REDP32)+(&hA8&*GREENP32)+(&hA8
                &*BLUEP32)
 0030   0006    Const UGL.RED32&        = (&hA8&*REDP32)+(&h00&*GREENP32)+(&h00
                &*BLUEP32)
 0030   0006    Const UGL.MAGENTA32&    = (&hA8&*REDP32)+(&h00&*GREENP32)+(&hA8
                &*BLUEP32)
 0030   0006    Const UGL.BROWN32&      = (&hA8&*REDP32)+(&h54&*GREENP32)+(&h00
                &*BLUEP32)
 0030   0006    Const UGL.WHITE32&      = (&hA8&*REDP32)+(&hA8&*GREENP32)+(&hA8
                &*BLUEP32)
 0030   0006    Const UGL.GREY32&       = (&h54&*REDP32)+(&h54&*GREENP32)+(&h54
                &*BLUEP32)
 0030   0006    Const UGL.LBLUE32&      = (&h54&*REDP32)+(&h54&*GREENP32)+(&hFF
                &*BLUEP32)
 0030   0006    Const UGL.LGREEN32&     = (&h54&*REDP32)+(&hFF&*GREENP32)+(&h54
                &*BLUEP32)
 0030   0006    Const UGL.LCYAN32&      = (&h54&*REDP32)+(&hFF&*GREENP32)+(&hFF
                &*BLUEP32)
 0030   0006    Const UGL.LRED32&       = (&hFF&*REDP32)+(&h54&*GREENP32)+(&h54
                &*BLUEP32)
 0030   0006    Const UGL.LMAGENTA32&   = (&hFF&*REDP32)+(&h54&*GREENP32)+(&hFF
                &*BLUEP32)
 0030   0006    Const UGL.YELLOW32&     = (&hFF&*REDP32)+(&hFF&*GREENP32)+(&h54
                &*BLUEP32)
 0030   0006    Const UGL.BWHITE32&     = (&hFF&*REDP32)+(&hFF&*GREENP32)+(&hFF
                &*BLUEP32)
 0030   0006    Const UGL.BPINK32&      = (&hFF&*REDP32)+(&h00&*GREENP32)+(&hFF
                &*BLUEP32)
 0030   0006    
 0030   0006    Const UGL.BLACK16&      = (&h00&*REDP16)+(&h00&*GREENP16)+(&h00
                &*BLUEP16)
 0030   0006    Const UGL.BLUE16&       = (&h00&*REDP16)+(&h00&*GREENP16)+(&h15
                &*BLUEP16)
                                                                      PAGE  14
                                                                      15 Sep 26
                                                                      11:30:00
Offset  Data    Source Line      Microsoft (R) QuickBASIC Compiler Version 4.50

 0030   0006    Const UGL.GREEN16&      = (&h00&*REDP16)+(&h2A&*GREENP16)+(&h00
                &*BLUEP16)
 0030   0006    Const UGL.CYAN16&       = (&h00&*REDP16)+(&h2A&*GREENP16)+(&h15
                &*BLUEP16)
 0030   0006    Const UGL.RED16&        = (&h15&*REDP16)+(&h00&*GREENP16)+(&h00
                &*BLUEP16)
 0030   0006    Const UGL.MAGENTA16&    = (&h15&*REDP16)+(&h00&*GREENP16)+(&h15
                &*BLUEP16)
 0030   0006    Const UGL.BROWN16&      = (&h15&*REDP16)+(&h15&*GREENP16)+(&h00
                &*BLUEP16)
 0030   0006    Const UGL.WHITE16&      = (&h15&*REDP16)+(&h2A&*GREENP16)+(&h15
                &*BLUEP16)
 0030   0006    Const UGL.GREY16&       = (&h0A&*REDP16)+(&h15&*GREENP16)+(&h0A
                &*BLUEP16)
 0030   0006    Const UGL.LBLUE16&      = (&h0A&*REDP16)+(&h15&*GREENP16)+(&h1F
                &*BLUEP16)
 0030   0006    Const UGL.LGREEN16&     = (&h0A&*REDP16)+(&h3F&*GREENP16)+(&h0A
                &*BLUEP16)
 0030   0006    Const UGL.LCYAN16&      = (&h0A&*REDP16)+(&h3F&*GREENP16)+(&h1F
                &*BLUEP16)
 0030   0006    Const UGL.LRED16&       = (&h1F&*REDP16)+(&h15&*GREENP16)+(&h0A
                &*BLUEP16)
 0030   0006    Const UGL.LMAGENTA16&   = (&h1F&*REDP16)+(&h15&*GREENP16)+(&h1F
                &*BLUEP16)
 0030   0006    Const UGL.YELLOW16&     = (&h1F&*REDP16)+(&h3F&*GREENP16)+(&h0A
                &*BLUEP16)
 0030   0006    Const UGL.BWHITE16&     = (&h1F&*REDP16)+(&h3F&*GREENP16)+(&h1F
                &*BLUEP16)
 0030   0006    Const UGL.BPINK16&      = (&h1F&*REDP16)+(&h00&*GREENP16)+(&h1F
                &*BLUEP16)
 0030   0006    
 0030   0006    Const UGL.BLACK15&      = (&h00&*REDP15)+(&h00&*GREENP15)+(&h00
                &*BLUEP15)
 0030   0006    Const UGL.BLUE15&       = (&h00&*REDP15)+(&h00&*GREENP15)+(&h15
                &*BLUEP15)
 0030   0006    Const UGL.GREEN15&      = (&h00&*REDP15)+(&h15&*GREENP15)+(&h00
                &*BLUEP15)
 0030   0006    Const UGL.CYAN15&       = (&h00&*REDP15)+(&h15&*GREENP15)+(&h15
                &*BLUEP15)
 0030   0006    Const UGL.RED15&        = (&h15&*REDP15)+(&h00&*GREENP15)+(&h00
                &*BLUEP15)
 0030   0006    Const UGL.MAGENTA15&    = (&h15&*REDP15)+(&h00&*GREENP15)+(&h15
                &*BLUEP15)
 0030   0006    Const UGL.BROWN15&      = (&h15&*REDP15)+(&h0A&*GREENP15)+(&h00
                &*BLUEP15)
 0030   0006    Const UGL.WHITE15&      = (&h15&*REDP15)+(&h15&*GREENP15)+(&h15
                &*BLUEP15)
 0030   0006    Const UGL.GREY15&       = (&h0A&*REDP15)+(&h0A&*GREENP15)+(&h0A
                &*BLUEP15)
 0030   0006    Const UGL.LBLUE15&      = (&h0A&*REDP15)+(&h0A&*GREENP15)+(&h1F
                &*BLUEP15)
 0030   0006    Const UGL.LGREEN15&     = (&h0A&*REDP15)+(&h1F&*GREENP15)+(&h0A
                &*BLUEP15)
 0030   0006    Const UGL.LCYAN15&      = (&h0A&*REDP15)+(&h1F&*GREENP15)+(&h1F
                                                                      PAGE  15
                                                                      15 Sep 26
                                                                      11:30:00
Offset  Data    Source Line      Microsoft (R) QuickBASIC Compiler Version 4.50

                &*BLUEP15)
 0030   0006    Const UGL.LRED15&       = (&h1F&*REDP15)+(&h0A&*GREENP15)+(&h0A
                &*BLUEP15)
 0030   0006    Const UGL.LMAGENTA15&   = (&h1F&*REDP15)+(&h0A&*GREENP15)+(&h1F
                &*BLUEP15)
 0030   0006    Const UGL.YELLOW15&     = (&h1F&*REDP15)+(&h1F&*GREENP15)+(&h0A
                &*BLUEP15)
 0030   0006    Const UGL.BWHITE15&     = (&h1F&*REDP15)+(&h1F&*GREENP15)+(&h1F
                &*BLUEP15)
 0030   0006    Const UGL.BPINK15&      = (&h1F&*REDP15)+(&h00&*GREENP15)+(&h1F
                &*BLUEP15)
 0030   0006    
 0030   0006    Const UGL.BLACK8&       = (&h00&*REDP8)+(&h00&*GREENP8)+(&h00&*
                BLUEP8)
 0030   0006    Const UGL.BLUE8&        = (&h00&*REDP8)+(&h00&*GREENP8)+(&h02&*
                BLUEP8)
 0030   0006    Const UGL.GREEN8&       = (&h00&*REDP8)+(&h05&*GREENP8)+(&h00&*
                BLUEP8)
 0030   0006    Const UGL.CYAN8&        = (&h00&*REDP8)+(&h05&*GREENP8)+(&h02&*
                BLUEP8)
 0030   0006    Const UGL.RED8&         = (&h05&*REDP8)+(&h00&*GREENP8)+(&h00&*
                BLUEP8)
 0030   0006    Const UGL.MAGENTA8&     = (&h05&*REDP8)+(&h00&*GREENP8)+(&h02&*
                BLUEP8)
 0030   0006    Const UGL.BROWN8&       = (&h05&*REDP8)+(&h02&*GREENP8)+(&h00&*
                BLUEP8)
 0030   0006    Const UGL.WHITE8&       = (&h05&*REDP8)+(&h05&*GREENP8)+(&h02&*
                BLUEP8)
 0030   0006    Const UGL.GREY8&        = (&h02&*REDP8)+(&h02&*GREENP8)+(&h01&*
                BLUEP8)
 0030   0006    Const UGL.LBLUE8&       = (&h02&*REDP8)+(&h02&*GREENP8)+(&h03&*
                BLUEP8)
 0030   0006    Const UGL.LGREEN8&      = (&h02&*REDP8)+(&h07&*GREENP8)+(&h01&*
                BLUEP8)
 0030   0006    Const UGL.LCYAN8&       = (&h02&*REDP8)+(&h07&*GREENP8)+(&h03&*
                BLUEP8)
 0030   0006    Const UGL.LRED8&        = (&h07&*REDP8)+(&h02&*GREENP8)+(&h01&*
                BLUEP8)
 0030   0006    Const UGL.LMAGENTA8&    = (&h07&*REDP8)+(&h02&*GREENP8)+(&h03&*
                BLUEP8)
 0030   0006    Const UGL.YELLOW8&      = (&h07&*REDP8)+(&h07&*GREENP8)+(&h01&*
                BLUEP8)
 0030   0006    Const UGL.BWHITE8&      = (&h07&*REDP8)+(&h07&*GREENP8)+(&h03&*
                BLUEP8)
 0030   0006    Const UGL.BPINK8&       = (&h07&*REDP8)+(&h00&*GREENP8)+(&h03&*
                BLUEP8)
 0030   0006    '$INCLUDE: 'DOS.BI'
 0030   0006    ''
 0030   0006    '' dos.bi -- DOS (file/conventinal memory) routines
 0030   0006    ''
 0030   0006    
 0030   0006    ''
 0030   0006    '' conv memory routines
 0030   0006    ''
                                                                      PAGE  16
                                                                      15 Sep 26
                                                                      11:30:00
Offset  Data    Source Line      Microsoft (R) QuickBASIC Compiler Version 4.50

 0030   0006    Declare Function memAlloc&      (Byval bytes As Long)
 0030   0006            
 0030   0006    Declare Function memCalloc&     (Byval bytes As Long)
 0030   0006            
 0030   0006    Declare Sub      memFree        (Byval farptr As Long)
 0030   0006    
 0030   0006    Declare Function memAvail&      ()
 0030   0006    
 0030   0006    Declare Sub      memFill        (Byval block As Long, _
 0030   0006                                     Byval bytes As Long, _
 0030   0006                                     Byval char As Integer)
 0030   0006    
 0030   0006    Declare Sub      memFillEx      Alias "memFill" (Seg block As A
                ny, _
 0030   0006                                     Byval bytes As Long, _
 0030   0006                                     Byval char As Integer)
 0030   0006    
 0030   0006    Declare Sub      memCopy        (Byval dst As Long, _
 0030   0006                                     Byval src As Long, _
 0030   0006                                     Byval bytes As Long)
 0030   0006    
 0030   0006    Declare Sub      memCopyEx      Alias "memCopy" (Seg dst As Any
                , _
 0030   0006                                     Seg src As Any, _
 0030   0006                                     Byval bytes As Long)
 0030   0006    
 0030   0006    ''
 0030   0006    '' file routines
 0030   0006    ''
 0030   0006    '' fileOpen/bfileOpen's mode(s):
 0030   0006    Const F4READ    = 1
 0030   0006    Const F4WRITE   = 2
 0030   0006    Const F4RW      = F4READ or F4WRITE
 0030   0006    Const F4CREATE  = &h4000 or F4RW
 0030   0006    Const F4APPEND  = &h8000 or F4WRITE
 0030   0006    
 0030   0006    '' fileSeek/bfileSeek origins:
 0030   0006    Const FSSTART   = 0
 0030   0006    Const FSCURRENT = 1
 0030   0006    Const FSEND     = 2
 0030   0006    
 0030   0006    Type FILE
 0030   0006        prv     As Long
 0030   0006        nxt     As Long
 0030   0006        ptrPos  As Long
 0030   0006        Size    As Long
 0030   0006        handle  As Integer
 0030   0006        mode    As Integer
 0030   0006        state   As Integer
 0030   0006    End Type
 0030   0006    
 0030   0006    Declare Function fileOpen%      (Seg f As FILE, _
 0030   0006                                     flname As String, _
 0030   0006                                     Byval mode As Integer)
                                                                      PAGE  17
                                                                      15 Sep 26
                                                                      11:30:00
Offset  Data    Source Line      Microsoft (R) QuickBASIC Compiler Version 4.50

 0030   0006    
 0030   0006    Declare Sub      fileClose      (Seg f As FILE)
 0030   0006    
 0030   0006    Declare Function fileRead&      (Seg f As FILE, _
 0030   0006                                     Byval destine As Long, _
 0030   0006                                     Byval bytes As Long)
 0030   0006    
 0030   0006    Declare Function fileReadEx&    Alias "fileRead" (Seg f As FILE
                , _
 0030   0006                                     Seg destine As Any, _
 0030   0006                                     Byval bytes As Long)
 0030   0006    
 0030   0006    Declare Function fileWrite&     (Seg f As FILE, _
 0030   0006                                     Byval source As Long, _
 0030   0006                                     Byval bytes As Long)
 0030   0006    
 0030   0006    Declare Function fileWriteEx&   Alias "fileWrite" (Seg f As FIL
                E, _
 0030   0006                                     Seg source As Any, _
 0030   0006                                     Byval bytes As Long)
 0030   0006    
 0030   0006    Declare Function fileReadH&     (Seg f As FILE, _
 0030   0006                                     Byval destine As Long, _
 0030   0006                                     Byval bytes As Long)
 0030   0006    
 0030   0006    Declare Function fileReadHEx&   Alias "fileReadH" (Seg f As FIL
                E, _
 0030   0006                                     Seg destine As Any, _
 0030   0006                                     Byval bytes As Long)
 0030   0006    
 0030   0006    Declare Function fileWriteH&    (Seg f As FILE, _
 0030   0006                                     Byval source As Long, _
 0030   0006                                     Byval bytes As Long)
 0030   0006    
 0030   0006    Declare Function fileWriteHEx&  Alias "fileWriteH" (Seg f As FI
                LE, _
 0030   0006                                     Seg source As Any, _
 0030   0006                                     Byval bytes As Long)
 0030   0006    
 0030   0006    Declare Function fileSeek&      (Seg f As FILE, _
 0030   0006                                     Byval origin As Integer, _
 0030   0006                                     Byval bytes As Long)
 0030   0006    
 0030   0006    Declare Function fileEOF%       (Seg f As FILE)
 0030   0006    
 0030   0006    Declare Function filePos&       (Seg f As FILE)
 0030   0006    
 0030   0006    Declare Function fileSize&      (Seg f As FILE)
 0030   0006    
 0030   0006    Declare Function fileCopy%      (Seg inFile As FILE, _
 0030   0006                                     Byval inOffs As Long, _
 0030   0006                                     Seg outFile As FILE, _
 0030   0006                                     Byval outOffs As Long, _
 0030   0006                                     Byval bytes As Long)
                                                                      PAGE  18
                                                                      15 Sep 26
                                                                      11:30:00
Offset  Data    Source Line      Microsoft (R) QuickBASIC Compiler Version 4.50

 0030   0006    
 0030   0006    ''
 0030   0006    '' file routines using buffers
 0030   0006    ''
 0030   0006    type BFILE
 0030   0006        f       As FILE
 0030   0006        buffer  As Long
 0030   0006        size    As Integer
 0030   0006        index   As Integer
 0030   0006        bytes   As Integer
 0030   0006        written As Integer
 0030   0006        ptrPos  As Long
 0030   0006    End Type
 0030   0006    
 0030   0006    
 0030   0006    Declare Function bfileOpen%     (Seg bf As BFILE, _
 0030   0006                                     flname As String, _
 0030   0006                                     Byval mode As Integer, _
 0030   0006                                     Byval bufferSize As Long)
 0030   0006    
 0030   0006    Declare Sub      bfileClose     (Seg bf As BFILE)
 0030   0006    
 0030   0006    Declare Function bfileRead&     (Seg bf As BFILE, _
 0030   0006                                     Byval destine As Long, _
 0030   0006                                     Byval bytes As Long)
 0030   0006    
 0030   0006    Declare Function bfileReadEx&   Alias "bfileRead" (Seg bf As BF
                ILE, _
 0030   0006                                     Seg destine As Any, _
 0030   0006                                     Byval bytes As Long)
 0030   0006    
 0030   0006    Declare Function bfileRead1%    (Seg bf As BFILE)
 0030   0006    
 0030   0006    Declare Function bfileRead2%    (Seg bf As BFILE)
 0030   0006    
 0030   0006    Declare Function bfileRead4&    (Seg bf As BFILE)
 0030   0006    
 0030   0006    Declare Function bfileWrite&    (Seg bf As BFILE, _
 0030   0006                                     Byval source As Long, _
 0030   0006                                     Byval bytes As Long)
 0030   0006    
 0030   0006    Declare Function bfileWriteEx&  Alias "bfileWrite" (Seg bf As B
                FILE, _
 0030   0006                                     Seg source As Any, _
 0030   0006                                     Byval bytes As Long)
 0030   0006    
 0030   0006    Declare Sub      bfileWrite1    (Seg bf As BFILE, _
 0030   0006                                     Byval byte As Integer)
 0030   0006    
 0030   0006    Declare Sub      bfileWrite2    (Seg bf As BFILE, _
 0030   0006                                     Byval word As Integer)
 0030   0006    
 0030   0006    Declare Sub      bfileWrite4    (Seg bf As BFILE, _
 0030   0006                                     Byval dword As Long)
                                                                      PAGE  19
                                                                      15 Sep 26
                                                                      11:30:00
Offset  Data    Source Line      Microsoft (R) QuickBASIC Compiler Version 4.50

 0030   0006    
 0030   0006    Declare Function bfileSeek&     (Seg bf As BFILE, _
 0030   0006                                     Byval origin As Integer, _
 0030   0006                                     Byval bytes As Long)
 0030   0006    
 0030   0006    Declare Function bfileEOF%      (Seg bf As BFILE)
 0030   0006    
 0030   0006    Declare Function bfilePos&      (Seg bf As BFILE)
 0030   0006    
 0030   0006    Declare Function bfileSize&     (Seg bf As BFILE)
 0030   0006    
 0030   0006    
 0030   0006    TYPE RegType
 0030   0006            ax AS INTEGER
 0030   0006            bx AS INTEGER
 0030   0006            cx AS INTEGER
 0030   0006            dx AS INTEGER
 0030   0006            bp AS INTEGER
 0030   0006            si AS INTEGER
 0030   0006            di AS INTEGER
 0030   0006            flags AS INTEGER
 0030   0006    END TYPE
 0030   0006    DECLARE SUB INTERRUPT (intnum AS INTEGER, inreg AS RegType, out
                reg AS RegType)
 0030   0006    DECLARE FUNCTION Exists% (fil AS STRING)
 0030   0006    DECLARE FUNCTION Load% (n AS INTEGER)
 0030   0006    DECLARE SUB Turn (n AS INTEGER)
 0030   0006    DECLARE SUB PalLoad (bmp AS STRING)
 0030   0006    DECLARE SUB PalApply (f AS INTEGER)
 0030   0006    DECLARE SUB PalBlack ()
 0030   0006    DECLARE SUB Sync ()
 0030   0006    
 0030   0006    REM $DYNAMIC
 0030   0006    DIM SHARED pal(0 TO 255) AS tRGB
 0048   0018    REM $STATIC
 0048   0018    DIM SHARED v AS LONG, pg AS INTEGER, npg AS INTEGER
 0048   0020    
 0048   0020    DIM i AS INTEGER, k AS STRING, code AS INTEGER, mMouse AS INTEG
                ER, wasDown AS INTEGER
 0048   002C    DIM mx AS INTEGER, mb AS INTEGER, mi AS INTEGER, r AS RegType, 
                r2 AS RegType
 0048   0052    REDIM pal(0 TO 255) AS tRGB
 0060   0052    
 0060   0052    IF NOT uglInit THEN SCREEN 0: SYSTEM
 0089   0054    v = uglSetVideoDC(UGL.8BIT, 800, 600, 1)
 0089   0054    IF v = 0 THEN uglEnd: SCREEN 0: SYSTEM
 00E3   0058    npg = 0
 00E3   0058    FOR i = 0 TO 29
 00EE   0058            IF Exists%("manp" + RIGHT$("0" + LTRIM$(STR$(i)), 2) + 
                ".bmp") THEN npg = i + 1 ELSE EXIT FOR
 015B   005E    NEXT
 0167   005E    IF npg = 0 THEN uglRestore: uglEnd: SCREEN 0: SYSTEM
 0190   005E    pg = 0
 0190   005E    uglSetWrkPage 0
                                                                      PAGE  20
                                                                      15 Sep 26
                                                                      11:30:00
Offset  Data    Source Line      Microsoft (R) QuickBASIC Compiler Version 4.50

 019E   005E    uglSetVisPage 0
 01A6   005E    CALL PalBlack
 01AB   005E    IF Load%(0) = 0 THEN uglRestore: uglEnd: SCREEN 0: SYSTEM
 01E6   0062    '----- mouse (if a driver is present): range to the screen, dri
                ver cursor hidden
 01E6   0062    mi = &H33
 01E6   0062    r.ax = 0: CALL INTERRUPT(mi, r, r2)
 0203   0062    mMouse = (r2.ax <> 0)
 0203   0062    IF mMouse THEN
 0203   0062            r.ax = 7: r.cx = 0: r.dx = 799: CALL INTERRUPT(mi, r, r
                2)
 023B   0062            r.ax = 8: r.cx = 0: r.dx = 599: CALL INTERRUPT(mi, r, r
                2)
 025E   0062            r.ax = 2: CALL INTERRUPT(mi, r, r2)
 0275   0062    END IF
 0275   0062    FOR i = 0 TO 10
 027A   0062            CALL Sync
 027F   0062            CALL PalApply(i * 16 \ 10)
 029C   0064    NEXT
 02A8   0064    DO: LOOP WHILE INKEY$ <> ""
 02A8   0064    wasDown = 0
 02A8   0064    DO
 02C0   0064            k = INKEY$
 02C0   0064            IF k = CHR$(9) OR k = CHR$(27) THEN EXIT DO
 0310   0064            IF LEN(k) = 2 THEN
 0310   0064                    code = ASC(RIGHT$(k, 1))
 0310   0064                    SELECT CASE code
 0310   0064                            CASE 75, 72, 73: CALL Turn(pg - 1)
 0368   0068                            CASE 77, 80, 81: CALL Turn(pg + 1)
 0399   006A                            CASE 71: CALL Turn(0)
 03B5   006C                            CASE 79: CALL Turn(npg - 1)
 03D2   006E                    END SELECT
 03D5   006E            END IF
 03D5   006E            IF mMouse THEN
 03D5   006E                    mi = &H33: r.ax = 3: CALL INTERRUPT(mi, r, r2):
                 mb = r2.bx: mx = r2.cx
 03FC   006E                    IF (mb AND 1) THEN
 03FC   006E                            IF wasDown = 0 THEN IF mx < 400 THEN CA
                LL Turn(pg - 1) ELSE CALL Turn(pg + 1)
 044B   0072                            wasDown = -1
 044B   0072                    ELSE
 0454   0072                            wasDown = 0
 0454   0072                    END IF
 045A   0072            END IF
 045A   0072    LOOP
 045E   0072    FOR i = 10 TO 0 STEP -1
 0464   0072            CALL Sync
 0469   0072            CALL PalApply(i * 16 \ 10)
 0486   0074    NEXT
 0491   0074    CALL PalBlack
 0496   0074    uglRestore
 049B   0074    uglEnd
 04A0   0074    SCREEN 0: WIDTH 80
 04A0   0074    SYSTEM
                                                                      PAGE  21
                                                                      15 Sep 26
                                                                      11:30:00
Offset  Data    Source Line      Microsoft (R) QuickBASIC Compiler Version 4.50

 04A0   0074    
 04A0   0074    FUNCTION Exists% (fil AS STRING)
 04CD   0074            DIM f AS FILE
 04CD   0074            Exists% = 0
 04CD   0074            IF fileOpen(f, fil, F4READ) THEN fileClose f: Exists% =
                 -1
 0503   0074    END FUNCTION
 050E   0074    
 050E   0074    '----- load view n full-screen at (0,0), palette from the file
 050E   0074    FUNCTION Load% (n AS INTEGER)
 0519   0074            DIM bmp AS STRING
 0519   0074            bmp = "manp" + RIGHT$("0" + LTRIM$(STR$(n)), 2) + ".bmp
                "
 0519   0074            Load% = 0
 0519   0074            IF NOT Exists%(bmp) THEN EXIT FUNCTION
 0578   0074            uglSetWrkPage 0
 0580   0074            CALL PalBlack
 0585   0074            IF uglPutBMPEx(v, 0, 0, bmp, BMPOPT.NO332) = 0 THEN EXI
                T FUNCTION
 05AA   0074            CALL PalLoad(bmp)
 05B3   0074            pg = n
 05B3   0074            Load% = -1
 05B3   0074    END FUNCTION
 05D4   0074    
 05D4   0074    '----- turn to view n with a fade through black
 05D4   0074    SUB Turn (n AS INTEGER)
 05DF   0074            DIM i AS INTEGER
 05DF   0074            IF n < 0 OR n > npg - 1 OR n = pg THEN EXIT SUB
 060E   0074            FOR i = 10 TO 0 STEP -1
 0614   0074                    CALL Sync
 0619   0074                    CALL PalApply(i * 16 \ 10)
 0636   0074            NEXT
 0641   0074            CALL PalBlack
 0646   0074            IF Load%(n) = 0 THEN i = Load%(pg)
 066C   0074            FOR i = 0 TO 10
 0672   0074                    CALL Sync
 0677   0074                    CALL PalApply(i * 16 \ 10)
 0694   0074            NEXT
 06A0   0074    END SUB
 06A8   0074    
 06A8   0074    SUB PalApply (f AS INTEGER)
 06B3   0074            DIM i AS INTEGER
 06B3   0074            REDIM p(0 TO 255) AS tRGB
 06CB   0074            FOR i = 0 TO 255
 06D0   0074                    p(i).red = CHR$(ASC(pal(i).red) * f \ 16)
 06D0   0074                    p(i).green = CHR$(ASC(pal(i).green) * f \ 16)
 06D0   0074                    p(i).blue = CHR$(ASC(pal(i).blue) * f \ 16)
 06D0   0074            NEXT
 07D6   0074            uglPalSetBuff 0, 256, p(0)
 07EF   0074    END SUB
 0800   0074    
 0800   0074    SUB PalBlack
 080B   0074            DIM i AS INTEGER
 080B   0074            REDIM blk(0 TO 255) AS tRGB
                                                                      PAGE  22
                                                                      15 Sep 26
                                                                      11:30:00
Offset  Data    Source Line      Microsoft (R) QuickBASIC Compiler Version 4.50

 0823   0074            FOR i = 0 TO 255
 0828   0074                    blk(i).red = CHR$(0): blk(i).green = CHR$(0): b
                lk(i).blue = CHR$(0)
 0828   0074            NEXT
 08AD   0074            uglPalSetBuff 0, 256, blk(0)
 08C6   0074    END SUB
 08D7   0074    
 08D7   0074    SUB PalLoad (bmp AS STRING)
 08E2   0074            DIM i AS INTEGER, fh AS INTEGER, s AS STRING
 08E2   0074            fh = FREEFILE
 08E2   0074            OPEN bmp FOR BINARY AS #fh
 08E2   0074            SEEK #fh, 55
 08E2   0074            s = INPUT$(1024, #fh)
 08E2   0074            CLOSE #fh
 08E2   0074            FOR i = 0 TO 255
 0930   0074                    pal(i).blue = MID$(s, i * 4 + 1, 1)
 0930   0074                    pal(i).green = MID$(s, i * 4 + 2, 1)
 0930   0074                    pal(i).red = MID$(s, i * 4 + 3, 1)
 0930   0074            NEXT
 09E2   0074            s = ""
 09E2   0074    END SUB
 0A00   0074    
 0A00   0074    SUB Sync
 0A0B   0074            WAIT &H3DA, 8, 8
 0A0B   0074            WAIT &H3DA, 8
 0A0B   0074    END SUB
 0A27   0074    
 0A2C   0074    

43885 Bytes Available
12467 Bytes Free

    0 Warning Error(s)
    0 Severe  Error(s)
