                                                                      PAGE   1
                                                                      16 Sep 26
                                                                      22:14:02
Offset  Data    Source Line      Microsoft (R) QuickBASIC Compiler Version 4.50

 0030   0006    '----- PGFLIP.BAS: 3D page-flip VISUAL demo, PERSPECTIVE-CORREC
                T (uglTriTP) drawn to a
 0030   0006    '----- MEM back-buffer then blitted to video (the uGL example d
                raws the perspective
 0030   0006    '----- triangles to a MEM DC, not straight to the banked video 
                DC). The page (low-res
 0030   0006    '----- texture MANTEX.BMP 256x256) spins about its vertical cen
                tre like a turning card.
 0030   0006    '----- Per-vertex uGL wants z = 1/w, u = uTex/w, v = vTex/w so 
                the mapper divides per
 0030   0006    '----- pixel (that is what kills the affine warp). Sequence: fu
                ll cover 3 s, rock-flip
 0030   0006    '----- 3x, full cover 3 s. Writes PGFLIP.LOG (with a pixel read
                back + step markers so a
 0030   0006    '----- crash is locatable). Build/run: src\tools\pgflip.conf.
 0030   0006    DEFINT A-Z
 0030   0006    '$INCLUDE: 'UGL.BI'
 0030   0006    ''
 0030   0006    '' ugl.bi -- UGL routines
 0030   0006    ''
 0030   0006    
 0030   0006    Const UGL.TRUE%     = -1%
 0030   0006    Const UGL.FALSE%    = 0%
 0030   0006    
 0030   0006    Const DCTSIZE%      = 64%
 0030   0006    '' dc types:
 0030   0006    Const UGL.MEM%      = 0% * DCTSIZE%
 0030   0006    Const UGL.BNK%      = 1% * DCTSIZE%
 0030   0006    Const UGL.EMS%      = 2% * DCTSIZE%
 0030   0006    
 0030   0006    Const FMTSIZE%      = 128%
 0030   0006    '' color formats:
 0030   0006    Const UGL.8BIT%     = 0% * FMTSIZE%
 0030   0006    Const UGL.15BIT%    = 1% * FMTSIZE%
 0030   0006    Const UGL.16BIT%    = 2% * FMTSIZE%
 0030   0006    Const UGL.32BIT%    = 3% * FMTSIZE%
 0030   0006    
 0030   0006    '' buffer formats for uglRow Read/Write/SetPal routines
 0030   0006    Const UGL.BF.8BIT%  = 0% * 2%
 0030   0006    Const UGL.BF.15BIT% = 1% * 2%
 0030   0006    Const UGL.BF.16BIT% = 2% * 2%
 0030   0006    Const UGL.BF.32BIT% = 3% * 2%
 0030   0006    Const UGL.BF.24BIT% = 4% * 2%
 0030   0006    Const UGL.BF.IDX1%  = 5% * 2%
 0030   0006    Const UGL.BF.IDX4%  = 6% * 2%
 0030   0006    Const UGL.BF.IDX8%  = 7% * 2%
 0030   0006    
 0030   0006    '' flipping modes:
 0030   0006    Const UGL.VFLIP%    = 1%
 0030   0006    Const UGL.HFLIP%    = 2%
 0030   0006    Const UGL.VHFLIP%   = UGL.VFLIP% or UGL.HFLIP%
 0030   0006    
 0030   0006    '' Mask modes for uglTriT and uglQuadT
 0030   0006    const UGL.MASK.FALSE = 0
                                                                      PAGE   2
                                                                      16 Sep 26
                                                                      22:14:02
Offset  Data    Source Line      Microsoft (R) QuickBASIC Compiler Version 4.50

 0030   0006    const UGL.MASK.TRUE  = 2
 0030   0006    
 0030   0006    '' uglPalLoad's 'fmt' parameter:
 0030   0006    Const PALRGB% = 0%
 0030   0006    Const PALBGR% = 1%
 0030   0006    
 0030   0006    '' uglNew/PutBMPEx options:
 0030   0006    Const BMPOPT.NOOPT% = &h0000%
 0030   0006    Const BMPOPT.NO332% = &h0100%
 0030   0006    Const BMPOPT.MASK%  = &h0200%
 0030   0006        
 0030   0006    Type CLIPRECT
 0030   0006            xMin    As Integer
 0030   0006            yMin    As Integer
 0030   0006            xMax    As Integer
 0030   0006            yMax    As Integer
 0030   0006    End Type
 0030   0006    
 0030   0006    '' uglDCget's struct
 0030   0006    Type TDC
 0030   0006            fmt     As Integer                      '' color format
                 (8BIT..32BIT)
 0030   0006            typ     As Integer                      '' type (MEM, E
                MS, BNK)
 0030   0006            
 0030   0006            bpp     As String * 1                   '' bits per pix
                el
 0030   0006            p2b     As String * 1                   '' pixel to byt
                e conversion
 0030   0006            xRes    As Integer                      '' width
 0030   0006            yRes    As Integer                      '' height
 0030   0006            bps     As Integer                      '' bytes per sc
                anline
 0030   0006            pages   As Integer                      '' (only for BN
                K DCs)
 0030   0006            startSL As Integer                      '' / start scan
                line
 0030   0006            size    As Long                         '' yRes * bps
 0030   0006            
 0030   0006            cr      As CLIPRECT                     '' clipping rec
                tangle
 0030   0006    End Type
 0030   0006    
 0030   0006    '' uglPoly*'s struct
 0030   0006    type PNT2D
 0030   0006            x       As Integer
 0030   0006            y       As Integer
 0030   0006    End Type
 0030   0006    
 0030   0006    Type PNT3D
 0030   0006            x       As Single
 0030   0006            y       As Single
 0030   0006            z       As Single
 0030   0006    End Type
                                                                      PAGE   3
                                                                      16 Sep 26
                                                                      22:14:02
Offset  Data    Source Line      Microsoft (R) QuickBASIC Compiler Version 4.50

 0030   0006    
 0030   0006    '' uglFxPoly*'s struct
 0030   0006    type PNT2DF
 0030   0006            x       As Long
 0030   0006            y       As Long
 0030   0006    End Type
 0030   0006    
 0030   0006    '' uglQuadricBez's struct
 0030   0006    Type QUADBEZ
 0030   0006            a       As PNT2D
 0030   0006            b       As PNT2D
 0030   0006            c       As PNT2D
 0030   0006    End Type 
 0030   0006    
 0030   0006    '' uglCubicBez's struct
 0030   0006    Type CUBICBEZ
 0030   0006            a       As PNT2D
 0030   0006            b       As PNT2D
 0030   0006            c       As PNT2D
 0030   0006            d       As PNT2D
 0030   0006    End Type 
 0030   0006    
 0030   0006    Type RECT
 0030   0006            x1      As Integer
 0030   0006            y1      As Integer
 0030   0006            x2      As Integer
 0030   0006            y2      As Integer
 0030   0006    End Type
 0030   0006    
 0030   0006    '' uglTri#/Quad#'s structs 
 0030   0006    type vector2i
 0030   0006            x       as integer
 0030   0006            y       as integer
 0030   0006            u       as integer
 0030   0006            v       as integer
 0030   0006            r       as integer
 0030   0006            g       as integer
 0030   0006            b       as integer
 0030   0006    end type
 0030   0006    
 0030   0006    type vector3f
 0030   0006            x       as single
 0030   0006            y       as single
 0030   0006            z       as single
 0030   0006            u       as single
 0030   0006            v       as single
 0030   0006            r       as single
 0030   0006            g       as single
 0030   0006            b       as single
 0030   0006    end type
 0030   0006    
 0030   0006    type TriType
 0030   0006            v1 as vector3f
 0030   0006            v2 as vector3f
                                                                      PAGE   4
                                                                      16 Sep 26
                                                                      22:14:02
Offset  Data    Source Line      Microsoft (R) QuickBASIC Compiler Version 4.50

 0030   0006            v3 as vector3f
 0030   0006    end type
 0030   0006    
 0030   0006    type QuadType
 0030   0006            v1 as vector3f
 0030   0006            v2 as vector3f
 0030   0006            v3 as vector3f
 0030   0006            v4 as vector3f
 0030   0006    end type        
 0030   0006            
 0030   0006    type tRGB
 0030   0006            red    as string * 1
 0030   0006            green  as string * 1
 0030   0006            blue   as string * 1
 0030   0006    end type
 0030   0006    
 0030   0006    Declare Function uglInit%       ()
 0030   0006        
 0030   0006    Declare Sub      uglEnd         ()
 0030   0006    
 0030   0006    Declare Sub      uglRestore     ()
 0030   0006    
 0030   0006    Declare Sub      uglVersion     (major As Integer, _
 0030   0006                                     minor As Integer, _
 0030   0006                                     stable As Integer, _
 0030   0006                                     build As Integer)
 0030   0006    
 0030   0006    Declare Function uglSetVideoDC& (Byval fmt As Integer, _
 0030   0006                                     Byval xRes As Integer, _
 0030   0006                                     Byval yRes As Integer, _ 
 0030   0006                                     Byval vidPages As Integer)
 0030   0006    
 0030   0006    Declare Function uglGetVideoDC& ()
 0030   0006    
 0030   0006    Declare Sub      uglSetVisPage  (Byval visPage As Integer)
 0030   0006    
 0030   0006    Declare Sub      uglSetWrkPage  (Byval wrkPage As Integer)
 0030   0006            
 0030   0006        
 0030   0006    Declare Function uglNew&        (Byval typ As Integer, _
 0030   0006                                     Byval fmt As Integer, _
 0030   0006                                     Byval xRes As Integer, _ 
 0030   0006                                     Byval yRes As Integer)
 0030   0006    
 0030   0006    Declare Function uglNewMult%    (dcArray() As Long, _
 0030   0006                                     Byval dcs As Integer, _
 0030   0006                                     Byval typ As Integer, _
 0030   0006                                     Byval fmt As Integer, _
 0030   0006                                     Byval xRes As Integer, _ 
 0030   0006                                     Byval yRes As Integer)
 0030   0006    
 0030   0006    Declare Function uglNewBMP&     (Byval typ As Integer, _
 0030   0006                                     Byval fmt As Integer, _
 0030   0006                                     flname As string)
                                                                      PAGE   5
                                                                      16 Sep 26
                                                                      22:14:02
Offset  Data    Source Line      Microsoft (R) QuickBASIC Compiler Version 4.50

 0030   0006    
 0030   0006    Declare Function uglNewBMPEx&   (Byval typ As Integer, _
 0030   0006                                     Byval fmt As Integer, _
 0030   0006                                     flname As string, _
 0030   0006                                     Byval opt As Integer)
 0030   0006    
 0030   0006    Declare Sub      uglDel         (Seg dc As Long)
 0030   0006    
 0030   0006    Declare Sub      uglDelMult     (dcArray() As Long)
 0030   0006    
 0030   0006    
 0030   0006    Declare Sub      uglSetClipRect (Byval dc As Long, _
 0030   0006                                     Seg cr As CLIPRECT)
 0030   0006    
 0030   0006    Declare Sub      uglGetClipRect (Byval dc As Long, _
 0030   0006                                     Seg cr As CLIPRECT)
 0030   0006    
 0030   0006    Declare Sub      uglGetSetClipRect _
 0030   0006                                    (Byval dc As Long, _
 0030   0006                                     Seg inCr As CLIPRECT, _
 0030   0006                                     Seg outCr As CLIPRECT)
 0030   0006    
 0030   0006    Declare Sub      uglDCGet       (Byval dc As Long, _
 0030   0006                                     Seg dcInfo As TDC)
 0030   0006    
 0030   0006    Declare Function uglDCAccessRd& (Byval dc As Long, _
 0030   0006                                     Byval y As Integer)
 0030   0006    
 0030   0006    Declare Function uglDCAccessWr& (Byval dc As Long, _
 0030   0006                                     Byval y As Integer)
 0030   0006    
 0030   0006    Declare Function uglDCAccessRdWr& (Byval dc As Long, _
 0030   0006                                     Byval y As Integer, _
 0030   0006                                     rdPtr As Long)
 0030   0006    
 0030   0006    
 0030   0006    Declare Function uglColor32&    (Byval red As Integer, _
 0030   0006                                     Byval green As Integer, _
 0030   0006                                     Byval blue As Integer)
 0030   0006    
 0030   0006    Declare Function uglColor16&    (Byval red As Integer, _
 0030   0006                                     Byval green As Integer, _
 0030   0006                                     Byval blue As Integer)
 0030   0006    
 0030   0006    Declare Function uglColor15&    (Byval red As Integer, _
 0030   0006                                     Byval green As Integer, _
 0030   0006                                     Byval blue As Integer)
 0030   0006    
 0030   0006    Declare Function uglColor8&     (Byval red As Integer, _
 0030   0006                                     Byval green As Integer, _
 0030   0006                                     Byval blue As Integer)
 0030   0006    
 0030   0006    Declare Function uglColor&      (Byval fmt As Integer, _
 0030   0006                                     Byval red As Integer, _
                                                                      PAGE   6
                                                                      16 Sep 26
                                                                      22:14:02
Offset  Data    Source Line      Microsoft (R) QuickBASIC Compiler Version 4.50

 0030   0006                                     Byval green As Integer, _
 0030   0006                                     Byval blue As Integer)
 0030   0006    
 0030   0006    Declare Function uglColors&     (Byval fmt As Integer)
 0030   0006    
 0030   0006    Declare Function uglColorsEx&   (Byval dc As Long)
 0030   0006    
 0030   0006    
 0030   0006    Declare Sub      uglPSet        (Byval dc As Long, _
 0030   0006                                     Byval x As Integer, _
 0030   0006                                     Byval y As Integer, _ 
 0030   0006                                     Byval clr As long)
 0030   0006    
 0030   0006    Declare Function uglPGet&       (Byval dc As Long, _ 
 0030   0006                                     Byval x As Integer, _
 0030   0006                                     Byval y As Integer)
 0030   0006            
 0030   0006    
 0030   0006    Declare Sub      uglHLine       (Byval dc As Long, _
 0030   0006                                     Byval x1 As Integer, _ 
 0030   0006                                     Byval y As Integer, _
 0030   0006                                     Byval x2 As Integer, _
 0030   0006                                     Byval clr As long)
 0030   0006                    
 0030   0006    Declare Sub      uglVLine       (Byval dc As Long, _
 0030   0006                                     Byval x As Integer, _ 
 0030   0006                                     Byval y1 As Integer, _
 0030   0006                                     Byval y2 As Integer, _
 0030   0006                                     Byval clr As long)
 0030   0006    
 0030   0006    Declare Sub      uglLine        (Byval dc As Long, _
 0030   0006                                     Byval x1 As Integer, _ 
 0030   0006                                     Byval y1 As Integer, _
 0030   0006                                     Byval x2 As Integer, _
 0030   0006                                     Byval y2 As Integer, _
 0030   0006                                     Byval clr As long)
 0030   0006                    
 0030   0006    
 0030   0006    Declare Sub      uglRect        (Byval dc As Long, _
 0030   0006                                     Byval x1 As Integer, _
 0030   0006                                     Byval y1 As Integer, _
 0030   0006                                     Byval x2 As Integer, _
 0030   0006                                     Byval y2 As Integer, _
 0030   0006                                     Byval clr As Long)
 0030   0006    
 0030   0006    Declare Sub      uglRectF       (Byval dc As Long, _
 0030   0006                                     Byval x1 As Integer, _
 0030   0006                                     Byval y1 As Integer, _
 0030   0006                                     Byval x2 As Integer, _
 0030   0006                                     Byval y2 As Integer, _
 0030   0006                                     Byval clr As Long)
 0030   0006    
 0030   0006    
 0030   0006    Declare Sub      uglCircle      (Byval dc As Long, _
                                                                      PAGE   7
                                                                      16 Sep 26
                                                                      22:14:02
Offset  Data    Source Line      Microsoft (R) QuickBASIC Compiler Version 4.50

 0030   0006                                     Byval cx As Integer, _ 
 0030   0006                                     Byval cy As Integer, _
 0030   0006                                     Byval radius As Long, _
 0030   0006                                     Byval clr As long)
 0030   0006                    
 0030   0006    Declare Sub      uglCircleF     (Byval dc As Long, _
 0030   0006                                     Byval cx As Integer, _ 
 0030   0006                                     Byval cy As Integer, _
 0030   0006                                     Byval radius As Long, _
 0030   0006                                     Byval clr As long)
 0030   0006                    
 0030   0006    Declare Sub      uglEllipse     (Byval dc As Long, _
 0030   0006                                     Byval cx As Integer, _ 
 0030   0006                                     Byval cy As Integer, _
 0030   0006                                     Byval rx As Integer, _
 0030   0006                                     Byval ry As Integer, _
 0030   0006                                     Byval clr As long)
 0030   0006    
 0030   0006    Declare Sub      uglEllipseF    (Byval dc As Long, _
 0030   0006                                     Byval cx As Integer, _ 
 0030   0006                                     Byval cy As Integer, _
 0030   0006                                     Byval rx As Integer, _
 0030   0006                                     Byval ry As Integer, _
 0030   0006                                     Byval clr As long)
 0030   0006    
 0030   0006    
 0030   0006    Declare Sub      uglPoly        (Byval dc As Long, _
 0030   0006                                     Seg pntArray As PNT2D, _
 0030   0006                                     Byval points As Integer, _
 0030   0006                                     Byval clr As Long)
 0030   0006    
 0030   0006    Declare Sub      uglPolyF       (Byval dc As Long, _
 0030   0006                                     Seg pntArray As PNT2D, _
 0030   0006                                     Byval points As Integer, _
 0030   0006                                     Byval clr As Long)
 0030   0006    
 0030   0006    Declare Sub      uglPolyPoly    (Byval dc As Long, _
 0030   0006                                     Seg pntArray As PNT2D, _
 0030   0006                                     Seg cntArray As Integer, _
 0030   0006                                     Byval polygons As Integer, _
 0030   0006                                     Byval clr As Long)
 0030   0006    
 0030   0006    Declare Sub      uglPolyPolyF   (Byval dc As Long, _
 0030   0006                                     Seg pntArray As PNT2D, _
 0030   0006                                     Seg cntArray As Integer, _
 0030   0006                                     Byval points As Integer, _
 0030   0006                                     Byval polygons As Integer, _
 0030   0006                                     Byval clr As Long)
 0030   0006    
 0030   0006    Declare Sub      uglFxPoly      (Byval dc As Long, _
 0030   0006                                     Seg pntArray As PNT2DF, _
 0030   0006                                     Byval points As Integer, _
 0030   0006                                     Byval clr As Long)
 0030   0006    
                                                                      PAGE   8
                                                                      16 Sep 26
                                                                      22:14:02
Offset  Data    Source Line      Microsoft (R) QuickBASIC Compiler Version 4.50

 0030   0006    Declare Sub      uglFxPolyF     (Byval dc As Long, _
 0030   0006                                     Seg pntArray As PNT2DF, _
 0030   0006                                     Byval points As Integer, _
 0030   0006                                     Byval clr As Long)
 0030   0006    
 0030   0006    Declare Sub      uglFxPolyPoly  (Byval dc As Long, _
 0030   0006                                     Seg pntArray As PNT2DF, _
 0030   0006                                     Seg cntArray As Integer, _
 0030   0006                                     Byval polygons As Integer, _
 0030   0006                                     Byval clr As Long)
 0030   0006    
 0030   0006    Declare Sub      uglFxPolyPolyF (Byval dc As Long, _
 0030   0006                                     Seg pntArray As PNT2DF, _
 0030   0006                                     Seg cntArray As Integer, _
 0030   0006                                     Byval points As Integer, _
 0030   0006                                     Byval polygons As Integer, _
 0030   0006                                     Byval clr As Long)
 0030   0006    
 0030   0006    
 0030   0006    Declare Sub      uglQuadricBez  (Byval dc As Long, _
 0030   0006                                     Seg cbz As QUADBEZ, _ 
 0030   0006                                     Byval levels As Integer, _
 0030   0006                                     Byval clr As long)
 0030   0006    
 0030   0006    Declare Sub      uglCubicBez    (Byval dc As Long, _
 0030   0006                                     Seg cbz As CUBICBEZ, _ 
 0030   0006                                     Byval levels As Integer, _
 0030   0006                                     Byval clr As long)
 0030   0006                     
 0030   0006    
 0030   0006    Declare Sub      uglClear       (Byval dc As Long, _
 0030   0006                                     Byval clr As Long)
 0030   0006    
 0030   0006    
 0030   0006    Declare Sub      uglRowRead     (Byval dc As Long, _ 
 0030   0006                                     Byval x As Integer, _
 0030   0006                                     Byval y As Integer, _
 0030   0006                                     Byval pixels As Integer, _
 0030   0006                                     Byval bufferFmt As Integer, _
 0030   0006                                     Byval buffer As Long)
 0030   0006    
 0030   0006    Declare Sub      uglRowReadBuff         Alias "uglRowRead" (Byv
                al dc As Long, _ 
 0030   0006                                     Byval x As Integer, _
 0030   0006                                     Byval y As Integer, _
 0030   0006                                     Byval pixels As Integer, _
 0030   0006                                     Byval bufferFmt As Integer, _
 0030   0006                                     Byval buffer As Long)
 0030   0006    
 0030   0006    Declare Sub      uglRowWrite    (Byval dc As Long, _ 
 0030   0006                                     Byval x As Integer, _
 0030   0006                                     Byval y As Integer, _
 0030   0006                                     Byval pixels As Integer, _
 0030   0006                                     Byval bufferFmt As Integer, _
                                                                      PAGE   9
                                                                      16 Sep 26
                                                                      22:14:02
Offset  Data    Source Line      Microsoft (R) QuickBASIC Compiler Version 4.50

 0030   0006                                     Byval buffer As Long)
 0030   0006    
 0030   0006    Declare Sub      uglRowWriteBuff Alias "uglRowWrite" (Byval dc 
                As Long, _ 
 0030   0006                                     Byval x As Integer, _
 0030   0006                                     Byval y As Integer, _
 0030   0006                                     Byval pixels As Integer, _
 0030   0006                                     Byval bufferFmt As Integer, _ 
                                                
 0030   0006                                     Seg buffer As Any)
 0030   0006    
 0030   0006    Declare Sub      uglRowWriteEx  (Byval dc As Long, _ 
 0030   0006                                     Byval x As Integer, _
 0030   0006                                     Byval y As Integer, _
 0030   0006                                     Byval pixels As Integer, _
 0030   0006                                     Byval bufferFmt As Integer, _
 0030   0006                                     Byval buffer As Long, _
 0030   0006                                     Byval opt As Integer)
 0030   0006    
 0030   0006    Declare Sub      uglRowSetPal   (Byval dcFmt As Integer, _
 0030   0006                                     Byval bufferFmt As Integer, _
 0030   0006                                     Byval pallete As Long, _
 0030   0006                                     Byval entries As Integer)
 0030   0006    
 0030   0006    
 0030   0006    Declare Sub      uglGet         (Byval srcDc As Long, _
 0030   0006                                     Byval x As Integer, _
 0030   0006                                     Byval y As Integer, _
 0030   0006                                     Byval dstDc As Long)
 0030   0006    
 0030   0006    Declare Sub      uglGetConv     (Byval srcDc As Long, _
 0030   0006                                     Byval x As Integer, _
 0030   0006                                     Byval y As Integer, _
 0030   0006                                     Byval dstDc As Long)
 0030   0006    
 0030   0006    Declare Sub      uglPut         (Byval dstDc As Long, _
 0030   0006                                     Byval x As Integer, _
 0030   0006                                     Byval y As Integer, _
 0030   0006                                     Byval srcDc As Long)
 0030   0006    
 0030   0006    Declare Sub      uglPutFlip     (Byval dstDc As Long, _
 0030   0006                                     Byval x As Integer, _
 0030   0006                                     Byval y As Integer, _
 0030   0006                                     Byval mode As Integer, _
 0030   0006                                     Byval srcDc As Long)
 0030   0006    
 0030   0006    declare sub      uglPutRot      (Byval dstDC As Long, _
 0030   0006                                     Byval x As Integer, _
 0030   0006                                     Byval y As Integer, _
 0030   0006                                     Byval angle As Single, _
 0030   0006                                     Byval srcDC As Long )
 0030   0006    
 0030   0006    declare sub      uglPutScl      (Byval dstDC As Long, _
 0030   0006                                     Byval x As Integer, _
                                                                      PAGE  10
                                                                      16 Sep 26
                                                                      22:14:02
Offset  Data    Source Line      Microsoft (R) QuickBASIC Compiler Version 4.50

 0030   0006                                     Byval y As Integer, _
 0030   0006                                     Byval xScale As Single, _
 0030   0006                                     Byval yScale As Single, _
 0030   0006                                     Byval srcDC As Long )
 0030   0006                                     
 0030   0006    declare sub      uglPutRotScl   (Byval dstDC As Long, _
 0030   0006                                     Byval x As Integer, _
 0030   0006                                     Byval y As Integer, _
 0030   0006                                     Byval angle As Single, _
 0030   0006                                     Byval xScale As Single, _
 0030   0006                                     Byval yScale As Single, _
 0030   0006                                     Byval srcDC As Long )
 0030   0006    
 0030   0006    Declare Sub      uglPutAB       (Byval dstDc As Long, _
 0030   0006                                     Byval x As Integer, _
 0030   0006                                     Byval y As Integer, _
 0030   0006                                     Byval alpha As Integer, _
 0030   0006                                     Byval srcDc As Long)
 0030   0006    
 0030   0006    Declare Sub      uglPutABFlip   (Byval dstDc As Long, _
 0030   0006                                     Byval x As Integer, _
 0030   0006                                     Byval y As Integer, _
 0030   0006                                     Byval alpha As Integer, _
 0030   0006                                     Byval mode As Integer, _
 0030   0006                                     Byval srcDc As Long)
 0030   0006    
 0030   0006    Declare Sub      uglPutConv     (Byval dstDc As Long, _
 0030   0006                                     Byval x As Integer, _
 0030   0006                                     Byval y As Integer, _
 0030   0006                                     Byval srcDc As Long)
 0030   0006    
 0030   0006    Declare Sub      uglPutMsk      (Byval dstDc As Long, _
 0030   0006                                     Byval x As Integer, _
 0030   0006                                     Byval y As Integer, _
 0030   0006                                     Byval srcDc As Long)
 0030   0006    
 0030   0006    Declare Sub      uglPutMskFlip  (Byval dstDc As Long, _
 0030   0006                                     Byval x As Integer, _
 0030   0006                                     Byval y As Integer, _
 0030   0006                                     Byval mode As Integer, _
 0030   0006                                     Byval srcDc As Long)
 0030   0006                                     
 0030   0006    declare sub      uglPutMskRot   (Byval dstDC As Long, _
 0030   0006                                     Byval x As Integer, _
 0030   0006                                     Byval y As Integer, _
 0030   0006                                     Byval angle As Single, _
 0030   0006                                     Byval srcDC As Long )
 0030   0006                                     
 0030   0006    declare sub      uglPutMskScl   (Byval dstDC As Long, _
 0030   0006                                     Byval x As Integer, _
 0030   0006                                     Byval y As Integer, _
 0030   0006                                     Byval xScale As Single, _
 0030   0006                                     Byval yScale As Single, _
 0030   0006                                     Byval srcDC As Long )
                                                                      PAGE  11
                                                                      16 Sep 26
                                                                      22:14:02
Offset  Data    Source Line      Microsoft (R) QuickBASIC Compiler Version 4.50

 0030   0006    
 0030   0006    declare sub      uglPutMskRotScl(Byval dstDC As Long, _
 0030   0006                                     Byval x As Integer, _
 0030   0006                                     Byval y As Integer, _
 0030   0006                                     Byval angle As Single, _
 0030   0006                                     Byval xScale As Single, _
 0030   0006                                     Byval yScale As Single, _
 0030   0006                                     Byval srcDC As Long )
 0030   0006    
 0030   0006    Declare Sub      uglPutMskAB    (Byval dstDc As Long, _
 0030   0006                                     Byval x As Integer, _
 0030   0006                                     Byval y As Integer, _
 0030   0006                                     Byval alpha As Integer, _
 0030   0006                                     Byval srcDc As Long)
 0030   0006    
 0030   0006    Declare Sub      uglPutMskABFlip(Byval dstDc As Long, _
 0030   0006                                     Byval x As Integer, _
 0030   0006                                     Byval y As Integer, _
 0030   0006                                     Byval alpha As Integer, _
 0030   0006                                     Byval mode As Integer, _
 0030   0006                                     Byval srcDc As Long)
 0030   0006    
 0030   0006    Declare Sub      uglPutMskConv  (Byval dstDc As Long, _
 0030   0006                                     Byval x As Integer, _
 0030   0006                                     Byval y As Integer, _
 0030   0006                                     Byval srcDc As Long)
 0030   0006    
 0030   0006    Declare Function uglPutBMP%     (Byval dstDc As Long, _
 0030   0006                                     Byval x As Integer, _
 0030   0006                                     Byval y As Integer, _
 0030   0006                                     flname As string)
 0030   0006                                     
 0030   0006    Declare Function uglPutBMPEx%   (Byval dstDc As Long, _
 0030   0006                                     Byval x As Integer, _
 0030   0006                                     Byval y As Integer, _
 0030   0006                                     flname As string, _
 0030   0006                                     Byval opt As Integer)
 0030   0006    
 0030   0006    Declare sub      uglTriF        (Byval dc As Long, _
 0030   0006                                     seg vtx As TriType, _
 0030   0006                                     Byval col As Long)
 0030   0006                                     
 0030   0006    Declare Sub      uglTriG        (Byval dc As Long, _
 0030   0006                                     seg vtx As TriType)
 0030   0006                                     
 0030   0006    Declare Sub      uglTriT        (Byval dstDC As Long, _
 0030   0006                                     seg vtx As TriType, _
 0030   0006                                     Byval mask As Integer, _
 0030   0006                                     Byval srcDC As Long)
 0030   0006                                     
 0030   0006    Declare Sub      uglTriTP       (Byval dstDC As Long, _
 0030   0006                                     seg vtx As TriType, _
 0030   0006                                     Byval mask As Integer, _
 0030   0006                                     Byval srcDC As Long)
                                                                      PAGE  12
                                                                      16 Sep 26
                                                                      22:14:02
Offset  Data    Source Line      Microsoft (R) QuickBASIC Compiler Version 4.50

 0030   0006    
 0030   0006    Declare Sub      uglTriFM       (Byval dstDC As Long, _
 0030   0006                                     seg vtx As TriType, _
 0030   0006                                     byval col as long)
 0030   0006    
 0030   0006    Declare Sub      uglTriGM       (Byval dstDC As Long, _
 0030   0006                                     seg vtx As TriType, _
 0030   0006                                     byval cnt as integer)
 0030   0006    
 0030   0006    
 0030   0006    Declare Sub      uglTriTM       (Byval dstDC As Long, _
 0030   0006                                     seg vtx As TriType, _
 0030   0006                                     byval cnt as integer, _
 0030   0006                                     Byval mask As Integer, _
 0030   0006                                     Byval srcDC As Long)          
                                       
 0030   0006    
 0030   0006    Declare Sub      uglTriTPM      (Byval dstDC As Long, _
 0030   0006                                     seg vtx As TriType, _
 0030   0006                                     byval cnt as integer, _
 0030   0006                                     Byval mask As Integer, _
 0030   0006                                     Byval srcDC As Long)
 0030   0006    
 0030   0006    Declare Sub      uglQuadF       (Byval dc As Long, _
 0030   0006                                     seg vtx As QuadType, _
 0030   0006                                     Byval col As Long)
 0030   0006                                     
 0030   0006    Declare Sub      uglQuadT       (Byval dstDC As Long, _
 0030   0006                                     seg vtx As QuadType, _
 0030   0006                                     Byval mask As Integer, _
 0030   0006                                     Byval srcDC As Long)
 0030   0006    
 0030   0006    
 0030   0006    Declare Sub      uglPalSet      (Byval idx As Integer, _
 0030   0006                                     Byval entries As Integer, _
 0030   0006                                     Byval pal As Long)
 0030   0006    
 0030   0006    Declare Sub      uglPalSetBuff alias "uglPalSet" (Byval idx As 
                Integer, _
 0030   0006                                     Byval entries As Integer, _
 0030   0006                                     Seg pal As tRGB)
 0030   0006    
 0030   0006    Declare Sub      uglPalGet      (Byval idx As Integer, _
 0030   0006                                     Byval entries As Integer, _
 0030   0006                                     Byval pal As Long)
 0030   0006    
 0030   0006    Declare Sub      uglPalGetBuff  alias "uglPalGet" (Byval idx As
                 Integer, _
 0030   0006                                     Byval entries As Integer, _
 0030   0006                                     Seg pal As tRGB)
 0030   0006    
 0030   0006    Declare Function uglPalLoad&    (flname As String, _
 0030   0006                                     Byval fmt As Integer)
 0030   0006                                     
                                                                      PAGE  13
                                                                      16 Sep 26
                                                                      22:14:02
Offset  Data    Source Line      Microsoft (R) QuickBASIC Compiler Version 4.50

 0030   0006    Declare Sub      uglPalUsingLin (byval linpal as integer)
 0030   0006    
 0030   0006    
 0030   0006    
 0030   0006    
 0030   0006    '' some constants for commonly used colors
 0030   0006    Const REDP32&   = 65536&                        '' 2^16
 0030   0006    Const GREENP32& = 256&                          '' 2^8
 0030   0006    Const BLUEP32&  = 1&                            '' 2^0
 0030   0006    
 0030   0006    Const REDP16&   = 2048&                         '' 2^11
 0030   0006    Const GREENP16& = 32&                           '' 2^5
 0030   0006    Const BLUEP16&  = 1&                            '' 2^0
 0030   0006    
 0030   0006    Const REDP15&   = 1024&                         '' 2^10
 0030   0006    Const GREENP15& = 32&                           '' 2^5
 0030   0006    Const BLUEP15&  = 1&                            '' 2^0
 0030   0006    
 0030   0006    Const REDP8&    = 32&                           '' 2^5
 0030   0006    Const GREENP8&  = 4&                            '' 2^2
 0030   0006    Const BLUEP8&   = 1&                            '' 2^0
 0030   0006    
 0030   0006    Const UGL.BLACK32&      = (&h00&*REDP32)+(&h00&*GREENP32)+(&h00
                &*BLUEP32)
 0030   0006    Const UGL.BLUE32&       = (&h00&*REDP32)+(&h00&*GREENP32)+(&hA8
                &*BLUEP32)
 0030   0006    Const UGL.GREEN32&      = (&h00&*REDP32)+(&hA8&*GREENP32)+(&h00
                &*BLUEP32)
 0030   0006    Const UGL.CYAN32&       = (&h00&*REDP32)+(&hA8&*GREENP32)+(&hA8
                &*BLUEP32)
 0030   0006    Const UGL.RED32&        = (&hA8&*REDP32)+(&h00&*GREENP32)+(&h00
                &*BLUEP32)
 0030   0006    Const UGL.MAGENTA32&    = (&hA8&*REDP32)+(&h00&*GREENP32)+(&hA8
                &*BLUEP32)
 0030   0006    Const UGL.BROWN32&      = (&hA8&*REDP32)+(&h54&*GREENP32)+(&h00
                &*BLUEP32)
 0030   0006    Const UGL.WHITE32&      = (&hA8&*REDP32)+(&hA8&*GREENP32)+(&hA8
                &*BLUEP32)
 0030   0006    Const UGL.GREY32&       = (&h54&*REDP32)+(&h54&*GREENP32)+(&h54
                &*BLUEP32)
 0030   0006    Const UGL.LBLUE32&      = (&h54&*REDP32)+(&h54&*GREENP32)+(&hFF
                &*BLUEP32)
 0030   0006    Const UGL.LGREEN32&     = (&h54&*REDP32)+(&hFF&*GREENP32)+(&h54
                &*BLUEP32)
 0030   0006    Const UGL.LCYAN32&      = (&h54&*REDP32)+(&hFF&*GREENP32)+(&hFF
                &*BLUEP32)
 0030   0006    Const UGL.LRED32&       = (&hFF&*REDP32)+(&h54&*GREENP32)+(&h54
                &*BLUEP32)
 0030   0006    Const UGL.LMAGENTA32&   = (&hFF&*REDP32)+(&h54&*GREENP32)+(&hFF
                &*BLUEP32)
 0030   0006    Const UGL.YELLOW32&     = (&hFF&*REDP32)+(&hFF&*GREENP32)+(&h54
                &*BLUEP32)
 0030   0006    Const UGL.BWHITE32&     = (&hFF&*REDP32)+(&hFF&*GREENP32)+(&hFF
                &*BLUEP32)
                                                                      PAGE  14
                                                                      16 Sep 26
                                                                      22:14:02
Offset  Data    Source Line      Microsoft (R) QuickBASIC Compiler Version 4.50

 0030   0006    Const UGL.BPINK32&      = (&hFF&*REDP32)+(&h00&*GREENP32)+(&hFF
                &*BLUEP32)
 0030   0006    
 0030   0006    Const UGL.BLACK16&      = (&h00&*REDP16)+(&h00&*GREENP16)+(&h00
                &*BLUEP16)
 0030   0006    Const UGL.BLUE16&       = (&h00&*REDP16)+(&h00&*GREENP16)+(&h15
                &*BLUEP16)
 0030   0006    Const UGL.GREEN16&      = (&h00&*REDP16)+(&h2A&*GREENP16)+(&h00
                &*BLUEP16)
 0030   0006    Const UGL.CYAN16&       = (&h00&*REDP16)+(&h2A&*GREENP16)+(&h15
                &*BLUEP16)
 0030   0006    Const UGL.RED16&        = (&h15&*REDP16)+(&h00&*GREENP16)+(&h00
                &*BLUEP16)
 0030   0006    Const UGL.MAGENTA16&    = (&h15&*REDP16)+(&h00&*GREENP16)+(&h15
                &*BLUEP16)
 0030   0006    Const UGL.BROWN16&      = (&h15&*REDP16)+(&h15&*GREENP16)+(&h00
                &*BLUEP16)
 0030   0006    Const UGL.WHITE16&      = (&h15&*REDP16)+(&h2A&*GREENP16)+(&h15
                &*BLUEP16)
 0030   0006    Const UGL.GREY16&       = (&h0A&*REDP16)+(&h15&*GREENP16)+(&h0A
                &*BLUEP16)
 0030   0006    Const UGL.LBLUE16&      = (&h0A&*REDP16)+(&h15&*GREENP16)+(&h1F
                &*BLUEP16)
 0030   0006    Const UGL.LGREEN16&     = (&h0A&*REDP16)+(&h3F&*GREENP16)+(&h0A
                &*BLUEP16)
 0030   0006    Const UGL.LCYAN16&      = (&h0A&*REDP16)+(&h3F&*GREENP16)+(&h1F
                &*BLUEP16)
 0030   0006    Const UGL.LRED16&       = (&h1F&*REDP16)+(&h15&*GREENP16)+(&h0A
                &*BLUEP16)
 0030   0006    Const UGL.LMAGENTA16&   = (&h1F&*REDP16)+(&h15&*GREENP16)+(&h1F
                &*BLUEP16)
 0030   0006    Const UGL.YELLOW16&     = (&h1F&*REDP16)+(&h3F&*GREENP16)+(&h0A
                &*BLUEP16)
 0030   0006    Const UGL.BWHITE16&     = (&h1F&*REDP16)+(&h3F&*GREENP16)+(&h1F
                &*BLUEP16)
 0030   0006    Const UGL.BPINK16&      = (&h1F&*REDP16)+(&h00&*GREENP16)+(&h1F
                &*BLUEP16)
 0030   0006    
 0030   0006    Const UGL.BLACK15&      = (&h00&*REDP15)+(&h00&*GREENP15)+(&h00
                &*BLUEP15)
 0030   0006    Const UGL.BLUE15&       = (&h00&*REDP15)+(&h00&*GREENP15)+(&h15
                &*BLUEP15)
 0030   0006    Const UGL.GREEN15&      = (&h00&*REDP15)+(&h15&*GREENP15)+(&h00
                &*BLUEP15)
 0030   0006    Const UGL.CYAN15&       = (&h00&*REDP15)+(&h15&*GREENP15)+(&h15
                &*BLUEP15)
 0030   0006    Const UGL.RED15&        = (&h15&*REDP15)+(&h00&*GREENP15)+(&h00
                &*BLUEP15)
 0030   0006    Const UGL.MAGENTA15&    = (&h15&*REDP15)+(&h00&*GREENP15)+(&h15
                &*BLUEP15)
 0030   0006    Const UGL.BROWN15&      = (&h15&*REDP15)+(&h0A&*GREENP15)+(&h00
                &*BLUEP15)
 0030   0006    Const UGL.WHITE15&      = (&h15&*REDP15)+(&h15&*GREENP15)+(&h15
                &*BLUEP15)
                                                                      PAGE  15
                                                                      16 Sep 26
                                                                      22:14:02
Offset  Data    Source Line      Microsoft (R) QuickBASIC Compiler Version 4.50

 0030   0006    Const UGL.GREY15&       = (&h0A&*REDP15)+(&h0A&*GREENP15)+(&h0A
                &*BLUEP15)
 0030   0006    Const UGL.LBLUE15&      = (&h0A&*REDP15)+(&h0A&*GREENP15)+(&h1F
                &*BLUEP15)
 0030   0006    Const UGL.LGREEN15&     = (&h0A&*REDP15)+(&h1F&*GREENP15)+(&h0A
                &*BLUEP15)
 0030   0006    Const UGL.LCYAN15&      = (&h0A&*REDP15)+(&h1F&*GREENP15)+(&h1F
                &*BLUEP15)
 0030   0006    Const UGL.LRED15&       = (&h1F&*REDP15)+(&h0A&*GREENP15)+(&h0A
                &*BLUEP15)
 0030   0006    Const UGL.LMAGENTA15&   = (&h1F&*REDP15)+(&h0A&*GREENP15)+(&h1F
                &*BLUEP15)
 0030   0006    Const UGL.YELLOW15&     = (&h1F&*REDP15)+(&h1F&*GREENP15)+(&h0A
                &*BLUEP15)
 0030   0006    Const UGL.BWHITE15&     = (&h1F&*REDP15)+(&h1F&*GREENP15)+(&h1F
                &*BLUEP15)
 0030   0006    Const UGL.BPINK15&      = (&h1F&*REDP15)+(&h00&*GREENP15)+(&h1F
                &*BLUEP15)
 0030   0006    
 0030   0006    Const UGL.BLACK8&       = (&h00&*REDP8)+(&h00&*GREENP8)+(&h00&*
                BLUEP8)
 0030   0006    Const UGL.BLUE8&        = (&h00&*REDP8)+(&h00&*GREENP8)+(&h02&*
                BLUEP8)
 0030   0006    Const UGL.GREEN8&       = (&h00&*REDP8)+(&h05&*GREENP8)+(&h00&*
                BLUEP8)
 0030   0006    Const UGL.CYAN8&        = (&h00&*REDP8)+(&h05&*GREENP8)+(&h02&*
                BLUEP8)
 0030   0006    Const UGL.RED8&         = (&h05&*REDP8)+(&h00&*GREENP8)+(&h00&*
                BLUEP8)
 0030   0006    Const UGL.MAGENTA8&     = (&h05&*REDP8)+(&h00&*GREENP8)+(&h02&*
                BLUEP8)
 0030   0006    Const UGL.BROWN8&       = (&h05&*REDP8)+(&h02&*GREENP8)+(&h00&*
                BLUEP8)
 0030   0006    Const UGL.WHITE8&       = (&h05&*REDP8)+(&h05&*GREENP8)+(&h02&*
                BLUEP8)
 0030   0006    Const UGL.GREY8&        = (&h02&*REDP8)+(&h02&*GREENP8)+(&h01&*
                BLUEP8)
 0030   0006    Const UGL.LBLUE8&       = (&h02&*REDP8)+(&h02&*GREENP8)+(&h03&*
                BLUEP8)
 0030   0006    Const UGL.LGREEN8&      = (&h02&*REDP8)+(&h07&*GREENP8)+(&h01&*
                BLUEP8)
 0030   0006    Const UGL.LCYAN8&       = (&h02&*REDP8)+(&h07&*GREENP8)+(&h03&*
                BLUEP8)
 0030   0006    Const UGL.LRED8&        = (&h07&*REDP8)+(&h02&*GREENP8)+(&h01&*
                BLUEP8)
 0030   0006    Const UGL.LMAGENTA8&    = (&h07&*REDP8)+(&h02&*GREENP8)+(&h03&*
                BLUEP8)
 0030   0006    Const UGL.YELLOW8&      = (&h07&*REDP8)+(&h07&*GREENP8)+(&h01&*
                BLUEP8)
 0030   0006    Const UGL.BWHITE8&      = (&h07&*REDP8)+(&h07&*GREENP8)+(&h03&*
                BLUEP8)
 0030   0006    Const UGL.BPINK8&       = (&h07&*REDP8)+(&h00&*GREENP8)+(&h03&*
                BLUEP8)
 0030   0006    
                                                                      PAGE  16
                                                                      16 Sep 26
                                                                      22:14:02
Offset  Data    Source Line      Microsoft (R) QuickBASIC Compiler Version 4.50

 0030   0006    CONST PI = 3.141593, D2R = PI / 180!
 0030   0006    
 0030   0006    DECLARE SUB Lg (s AS STRING)
 0030   0006    DECLARE SUB Frame (back AS LONG, video AS LONG, t1 AS TriType, 
                t2 AS TriType, tex AS LONG, ang AS SINGLE, cx AS INTEGER, cy AS
                 INTEGER, w2 AS SINGLE, h2 AS SINGLE, dist AS SINGLE)
 0030   0006    DECLARE SUB Hold (secs AS SINGLE)
 0030   0006    
 0030   0006    DIM SHARED lf AS INTEGER
 0030   0006    
 0030   0006    DIM video AS LONG, back AS LONG, tex AS LONG, inf AS TDC, rc AS
                 CLIPRECT
 0030   0006    DIM t1 AS TriType, t2 AS TriType
 0030   0006    DIM pal(0 TO 255) AS tRGB
 0030   0006    DIM ps AS STRING * 1024
 0030   0006    DIM ang AS SINGLE, dist AS SINGLE, w2 AS SINGLE, h2 AS SINGLE
 0030   0006    DIM cx AS INTEGER, cy AS INTEGER, i AS INTEGER, bf AS INTEGER, 
                rep AS INTEGER, big AS INTEGER
 0030   0006    DIM fr AS INTEGER, t0 AS SINGLE, t1t AS SINGLE
 0030   0006    
 0030   0006    lf = FREEFILE
 0030   081E    OPEN "pgflip.log" FOR OUTPUT AS #lf
 0030   081E    CALL Lg("PGFLIP persp-bb " + DATE$ + " " + TIME$)
 008E   0822    IF NOT uglInit THEN CALL Lg("uglInit FAILED"): CLOSE #lf: END
 00D3   0828    video = uglSetVideoDC(UGL.8BIT, 640, 480, 1)
 00D3   0828    IF video = 0 THEN CALL Lg("640x480x8 refused"): uglEnd: CLOSE #
                lf: END
 0149   0830    
 0149   0830    '----- MEM back-buffer for the perspective triangles (blitted t
                o video each frame)
 0149   0830    back = uglNew(UGL.MEM, UGL.8BIT, 640, 480)
 0149   0830    CALL Lg("back-buffer 640x480 MEM = " + STR$(back) + " (0 = allo
                c failed)")
 01AC   0838    IF back = 0 THEN CALL Lg("no back-buffer"): uglRestore: uglEnd:
                 CLOSE #lf: END
 01FE   083C    rc.xMin = 0: rc.yMin = 0: rc.xMax = 639: rc.yMax = 479
 01FE   083C    uglSetClipRect back, rc
 022A   083C    
 022A   083C    big = -1
 022A   083C    tex = uglNewBMPEx(UGL.MEM, UGL.8BIT, "mantex.bmp", BMPOPT.NO332
                )
 022A   083C    IF tex = 0 THEN big = 0: tex = uglNewBMPEx(UGL.MEM, UGL.8BIT, "
                mantx128.bmp", BMPOPT.NO332)
 02C5   084C    IF tex = 0 THEN CALL Lg("no texture DC"): uglRestore: uglEnd: C
                LOSE #lf: END
 0317   0850    uglDCGet tex, inf
 032B   0850    CALL Lg("texture" + STR$(inf.xRes) + "x" + STR$(inf.yRes) + " s
                ize" + STR$(inf.size) + " (256 ok:" + STR$(big) + ")")
 03B6   0854    
 03B6   0854    '----- the page's real palette (the texture holds MANP00's indi
                ces)
 03B6   0854    bf = FREEFILE
 03B6   0854    OPEN "manp00.bmp" FOR BINARY AS #bf
 03B6   0854    GET #bf, 55, ps
                                                                      PAGE  17
                                                                      16 Sep 26
                                                                      22:14:02
Offset  Data    Source Line      Microsoft (R) QuickBASIC Compiler Version 4.50

 03B6   0854    CLOSE #bf
 03B6   0854    FOR i = 0 TO 255
 0400   0854            pal(i).blue = MID$(ps, i * 4 + 1, 1)
 0400   0854            pal(i).green = MID$(ps, i * 4 + 2, 1)
 0400   0854            pal(i).red = MID$(ps, i * 4 + 3, 1)
 0400   0854    NEXT
 04C0   0854    uglPalSetBuff 0, 256, pal(0)
 04D3   0854    CALL Lg("palette set; about to draw frame 1")
 04F2   0858    
 04F2   0858    cx = 320: cy = 240: w2 = 256: h2 = 192
 04F2   0858    dist = 700
 04F2   0858    
 04F2   0858    CALL Frame(back, video, t1, t2, tex, 0, cx, cy, w2, h2, dist)
 055F   085C    CALL Lg("px in(320,240)=" + STR$(uglPGet(video, 320, 240)) + " 
                in(120,120)=" + STR$(uglPGet(video, 120, 120)) + " out(10,10)="
                 + STR$(uglPGet(video, 10, 10)))
 061C   086C    CALL Hold(3)
 0631   0870    '----- max-speed timing (unpaced) = the real 486 frame rate for
                 this flip
 0631   0870    fr = 0: t0 = TIMER
 0631   0870    FOR rep = 1 TO 3
 064E   0870            FOR ang = 0 TO 88 STEP 4
 0656   0870                    CALL Frame(back, video, t1, t2, tex, ang, cx, c
                y, w2, h2, dist): fr = fr + 1
 0687   0870            NEXT
 06AF   0870            FOR ang = 88 TO 0 STEP -4
 06B8   0870                    CALL Frame(back, video, t1, t2, tex, ang, cx, c
                y, w2, h2, dist): fr = fr + 1
 06E9   0870            NEXT
 0711   0870    NEXT
 0720   0870    t1t = TIMER - t0: IF t1t <= 0 THEN t1t = .001
 0758   0870    CALL Lg("max-speed flip:" + STR$(fr) + " frames in" + STR$(t1t)
                 + " s =" + STR$(fr / t1t) + " fps")
 07DC   0874    '----- now the slow, watchable version
 07DC   0874    FOR rep = 1 TO 3
 07E2   0874            FOR ang = 0 TO 88 STEP 4
 07EA   0874                    CALL Frame(back, video, t1, t2, tex, ang, cx, c
                y, w2, h2, dist)
 081B   0874                    CALL Hold(.05)
 0830   0878            NEXT
 0854   0878            FOR ang = 88 TO 0 STEP -4
 085C   0878                    CALL Frame(back, video, t1, t2, tex, ang, cx, c
                y, w2, h2, dist)
 088D   0878                    CALL Hold(.05)
 08A2   087C            NEXT
 08C6   087C    NEXT
 08D5   087C    CALL Frame(back, video, t1, t2, tex, 0, cx, cy, w2, h2, dist)
 0912   0880    CALL Lg("shown: full cover + 3 rock-flips + full cover")
 0931   0884    CALL Hold(3)
 0946   0888    CALL Lg("DONE")
 0965   088C    uglRestore
 096A   088C    uglEnd
 096F   088C    CLOSE #lf
 096F   088C    END
                                                                      PAGE  18
                                                                      16 Sep 26
                                                                      22:14:02
Offset  Data    Source Line      Microsoft (R) QuickBASIC Compiler Version 4.50

 096F   088C    
 096F   088C    '----- draw the page at angle ang as two perspective-correct te
                xtured triangles into
 096F   088C    '----- the MEM back-buffer, then blit the back-buffer to video.
                 Corners rotate about
 096F   088C    '----- the vertical centre; persp = dist/(dist+Z); vertex z = p
                ersp (=1/w), u/v =
 096F   088C    '----- texCoord*persp. texcoords TL(0,0) TR(1,0) BR(1,1) BL(0,1
                ).
 096F   088C    SUB Frame (back AS LONG, video AS LONG, t1 AS TriType, t2 AS Tr
                iType, tex AS LONG, ang AS SINGLE, cx AS INTEGER, cy AS INTEGER
                , w2 AS SINGLE, h2 AS SINGLE, dist AS SINGLE)
 098C   088C            DIM s AS SINGLE, c AS SINGLE, pl AS SINGLE, pr AS SINGL
                E
 098C   088C            DIM tlx AS SINGLE, tly AS SINGLE, trx AS SINGLE, tryy A
                S SINGLE
 098C   088C            DIM brx AS SINGLE, bry AS SINGLE, blx AS SINGLE, bly AS
                 SINGLE
 098C   088C            s = SIN(ang * D2R): c = COS(ang * D2R)
 098C   088C            pl = dist / (dist + (-w2 * s))
 098C   088C            pr = dist / (dist + (w2 * s))
 098C   088C            tlx = cx + (-w2 * c) * pl: tly = cy + (-h2) * pl
 098C   088C            trx = cx + (w2 * c) * pr: tryy = cy + (-h2) * pr
 098C   088C            brx = cx + (w2 * c) * pr: bry = cy + (h2) * pr
 098C   088C            blx = cx + (-w2 * c) * pl: bly = cy + (h2) * pl
 098C   088C            t1.v1.x = tlx: t1.v1.y = tly: t1.v1.z = pl: t1.v1.u = 0
                : t1.v1.v = 0
 098C   088C            t1.v2.x = trx: t1.v2.y = tryy: t1.v2.z = pr: t1.v2.u = 
                pr: t1.v2.v = 0
 098C   088C            t1.v3.x = brx: t1.v3.y = bry: t1.v3.z = pr: t1.v3.u = p
                r: t1.v3.v = pr
 098C   088C            t2.v1.x = tlx: t2.v1.y = tly: t2.v1.z = pl: t2.v1.u = 0
                : t2.v1.v = 0
 098C   088C            t2.v2.x = brx: t2.v2.y = bry: t2.v2.z = pr: t2.v2.u = p
                r: t2.v2.v = pr
 098C   088C            t2.v3.x = blx: t2.v3.y = bly: t2.v3.z = pl: t2.v3.u = 0
                : t2.v3.v = pl
 098C   088C            uglClear back, 248
 0CD4   088C            uglTriTP back, t1, UGL.MASK.FALSE, tex
 0CF3   088C            uglTriTP back, t2, UGL.MASK.FALSE, tex
 0D12   088C            uglPut video, 0, 0, back
 0D2B   088C    END SUB
 0D33   088C    
 0D33   088C    SUB Hold (secs AS SINGLE)
 0D3E   088C            DIM t9 AS SINGLE, d9 AS SINGLE
 0D3E   088C            t9 = TIMER
 0D3E   088C            DO
 0D4E   088C                    d9 = TIMER - t9: IF d9 < 0 THEN d9 = d9 + 86400
 0D86   088C            LOOP WHILE d9 < secs
 0D86   088C    END SUB
 0DA1   088C    
 0DA1   088C    SUB Lg (s AS STRING)
 0DAC   088C            PRINT #lf, s
 0DAC   088C    END SUB
                                                                      PAGE  19
                                                                      16 Sep 26
                                                                      22:14:02
Offset  Data    Source Line      Microsoft (R) QuickBASIC Compiler Version 4.50

 0DC5   088C    
 0DCA   088C    

43885 Bytes Available
15911 Bytes Free

    0 Warning Error(s)
    0 Severe  Error(s)
