                                                                      PAGE   1
                                                                      13 Sep 26
                                                                      16:54:41
Offset  Data    Source Line      Microsoft (R) QuickBASIC Compiler Version 4.50

 0030   0006    '----- UGLSCRL.BAS: does this card's display actually SCROLL / 
                page-flip?
 0030   0006    '----- Sets the same VESA 640x480x256 two-page mode the game us
                es, fills video
 0030   0006    '----- memory with 32-pixel colour bands (a rainbow on page 0, 
                shifted colours on
 0030   0006    '----- page 1) plus a white "ruler" bar on each band whose LENG
                TH = that band's
 0030   0006    '----- video-memory line / 2, so the bar at the very top of the
                 screen tells you
 0030   0006    '----- which memory line is being shown. Then it steps through 
                phases, each held a
 0030   0006    '----- few seconds after N beeps, changing ONLY how the display
                 start is set:
 0030   0006    '-----   P1  VESA 4F07h  -> line 0    (baseline: top band = RED
                , ruler bar tiny)
 0030   0006    '-----   P2  VESA 4F07h  -> line 32   (works? top band = GREEN)
 0030   0006    '-----   P3  VESA 4F07h  -> line 96   (works? top band = YELLOW
                )
 0030   0006    '-----   P4  uglSetVisPage 1          (page flip works? whole s
                creen shifts colours)
 0030   0006    '-----   P5  CRTC 0Ch/0Dh = 8192      (dword-unit card? top = G
                REEN, line 32)
 0030   0006    '-----   P6  CRTC 0Ch/0Dh = 32768     (byte-unit card? top = GR
                EEN, line 32)
 0030   0006    '----- If P2/P3 change the top colour, VESA scrolling works. If
                 only P5 or P6 do,
 0030   0006    '----- the card scrolls via the CRTC (we can use that). If noth
                ing but P1 ever
 0030   0006    '----- shows, the display cannot be moved on this card. Writes 
                UGLSCRL.LOG (the
 0030   0006    '----- 4F07h read-backs are logged too). Press any key to stop;
                 loops until then.
 0030   0006    DEFINT A-Z
 0030   0006    '$INCLUDE: 'UGL.BI'
 0030   0006    ''
 0030   0006    '' ugl.bi -- UGL routines
 0030   0006    ''
 0030   0006    
 0030   0006    Const UGL.TRUE%     = -1%
 0030   0006    Const UGL.FALSE%    = 0%
 0030   0006    
 0030   0006    Const DCTSIZE%      = 64%
 0030   0006    '' dc types:
 0030   0006    Const UGL.MEM%      = 0% * DCTSIZE%
 0030   0006    Const UGL.BNK%      = 1% * DCTSIZE%
 0030   0006    Const UGL.EMS%      = 2% * DCTSIZE%
 0030   0006    
 0030   0006    Const FMTSIZE%      = 128%
 0030   0006    '' color formats:
 0030   0006    Const UGL.8BIT%     = 0% * FMTSIZE%
 0030   0006    Const UGL.15BIT%    = 1% * FMTSIZE%
 0030   0006    Const UGL.16BIT%    = 2% * FMTSIZE%
 0030   0006    Const UGL.32BIT%    = 3% * FMTSIZE%
                                                                      PAGE   2
                                                                      13 Sep 26
                                                                      16:54:41
Offset  Data    Source Line      Microsoft (R) QuickBASIC Compiler Version 4.50

 0030   0006    
 0030   0006    '' buffer formats for uglRow Read/Write/SetPal routines
 0030   0006    Const UGL.BF.8BIT%  = 0% * 2%
 0030   0006    Const UGL.BF.15BIT% = 1% * 2%
 0030   0006    Const UGL.BF.16BIT% = 2% * 2%
 0030   0006    Const UGL.BF.32BIT% = 3% * 2%
 0030   0006    Const UGL.BF.24BIT% = 4% * 2%
 0030   0006    Const UGL.BF.IDX1%  = 5% * 2%
 0030   0006    Const UGL.BF.IDX4%  = 6% * 2%
 0030   0006    Const UGL.BF.IDX8%  = 7% * 2%
 0030   0006    
 0030   0006    '' flipping modes:
 0030   0006    Const UGL.VFLIP%    = 1%
 0030   0006    Const UGL.HFLIP%    = 2%
 0030   0006    Const UGL.VHFLIP%   = UGL.VFLIP% or UGL.HFLIP%
 0030   0006    
 0030   0006    '' Mask modes for uglTriT and uglQuadT
 0030   0006    const UGL.MASK.FALSE = 0
 0030   0006    const UGL.MASK.TRUE  = 2
 0030   0006    
 0030   0006    '' uglPalLoad's 'fmt' parameter:
 0030   0006    Const PALRGB% = 0%
 0030   0006    Const PALBGR% = 1%
 0030   0006    
 0030   0006    '' uglNew/PutBMPEx options:
 0030   0006    Const BMPOPT.NOOPT% = &h0000%
 0030   0006    Const BMPOPT.NO332% = &h0100%
 0030   0006    Const BMPOPT.MASK%  = &h0200%
 0030   0006        
 0030   0006    Type CLIPRECT
 0030   0006            xMin    As Integer
 0030   0006            yMin    As Integer
 0030   0006            xMax    As Integer
 0030   0006            yMax    As Integer
 0030   0006    End Type
 0030   0006    
 0030   0006    '' uglDCget's struct
 0030   0006    Type TDC
 0030   0006            fmt     As Integer                      '' color format
                 (8BIT..32BIT)
 0030   0006            typ     As Integer                      '' type (MEM, E
                MS, BNK)
 0030   0006            
 0030   0006            bpp     As String * 1                   '' bits per pix
                el
 0030   0006            p2b     As String * 1                   '' pixel to byt
                e conversion
 0030   0006            xRes    As Integer                      '' width
 0030   0006            yRes    As Integer                      '' height
 0030   0006            bps     As Integer                      '' bytes per sc
                anline
 0030   0006            pages   As Integer                      '' (only for BN
                K DCs)
 0030   0006            startSL As Integer                      '' / start scan
                                                                      PAGE   3
                                                                      13 Sep 26
                                                                      16:54:41
Offset  Data    Source Line      Microsoft (R) QuickBASIC Compiler Version 4.50

                line
 0030   0006            size    As Long                         '' yRes * bps
 0030   0006            
 0030   0006            cr      As CLIPRECT                     '' clipping rec
                tangle
 0030   0006    End Type
 0030   0006    
 0030   0006    '' uglPoly*'s struct
 0030   0006    type PNT2D
 0030   0006            x       As Integer
 0030   0006            y       As Integer
 0030   0006    End Type
 0030   0006    
 0030   0006    Type PNT3D
 0030   0006            x       As Single
 0030   0006            y       As Single
 0030   0006            z       As Single
 0030   0006    End Type
 0030   0006    
 0030   0006    '' uglFxPoly*'s struct
 0030   0006    type PNT2DF
 0030   0006            x       As Long
 0030   0006            y       As Long
 0030   0006    End Type
 0030   0006    
 0030   0006    '' uglQuadricBez's struct
 0030   0006    Type QUADBEZ
 0030   0006            a       As PNT2D
 0030   0006            b       As PNT2D
 0030   0006            c       As PNT2D
 0030   0006    End Type 
 0030   0006    
 0030   0006    '' uglCubicBez's struct
 0030   0006    Type CUBICBEZ
 0030   0006            a       As PNT2D
 0030   0006            b       As PNT2D
 0030   0006            c       As PNT2D
 0030   0006            d       As PNT2D
 0030   0006    End Type 
 0030   0006    
 0030   0006    Type RECT
 0030   0006            x1      As Integer
 0030   0006            y1      As Integer
 0030   0006            x2      As Integer
 0030   0006            y2      As Integer
 0030   0006    End Type
 0030   0006    
 0030   0006    '' uglTri#/Quad#'s structs 
 0030   0006    type vector2i
 0030   0006            x       as integer
 0030   0006            y       as integer
 0030   0006            u       as integer
 0030   0006            v       as integer
 0030   0006            r       as integer
                                                                      PAGE   4
                                                                      13 Sep 26
                                                                      16:54:41
Offset  Data    Source Line      Microsoft (R) QuickBASIC Compiler Version 4.50

 0030   0006            g       as integer
 0030   0006            b       as integer
 0030   0006    end type
 0030   0006    
 0030   0006    type vector3f
 0030   0006            x       as single
 0030   0006            y       as single
 0030   0006            z       as single
 0030   0006            u       as single
 0030   0006            v       as single
 0030   0006            r       as single
 0030   0006            g       as single
 0030   0006            b       as single
 0030   0006    end type
 0030   0006    
 0030   0006    type TriType
 0030   0006            v1 as vector3f
 0030   0006            v2 as vector3f
 0030   0006            v3 as vector3f
 0030   0006    end type
 0030   0006    
 0030   0006    type QuadType
 0030   0006            v1 as vector3f
 0030   0006            v2 as vector3f
 0030   0006            v3 as vector3f
 0030   0006            v4 as vector3f
 0030   0006    end type        
 0030   0006            
 0030   0006    type tRGB
 0030   0006            red    as string * 1
 0030   0006            green  as string * 1
 0030   0006            blue   as string * 1
 0030   0006    end type
 0030   0006    
 0030   0006    Declare Function uglInit%       ()
 0030   0006        
 0030   0006    Declare Sub      uglEnd         ()
 0030   0006    
 0030   0006    Declare Sub      uglRestore     ()
 0030   0006    
 0030   0006    Declare Sub      uglVersion     (major As Integer, _
 0030   0006                                     minor As Integer, _
 0030   0006                                     stable As Integer, _
 0030   0006                                     build As Integer)
 0030   0006    
 0030   0006    Declare Function uglSetVideoDC& (Byval fmt As Integer, _
 0030   0006                                     Byval xRes As Integer, _
 0030   0006                                     Byval yRes As Integer, _ 
 0030   0006                                     Byval vidPages As Integer)
 0030   0006    
 0030   0006    Declare Function uglGetVideoDC& ()
 0030   0006    
 0030   0006    Declare Sub      uglSetVisPage  (Byval visPage As Integer)
 0030   0006    
                                                                      PAGE   5
                                                                      13 Sep 26
                                                                      16:54:41
Offset  Data    Source Line      Microsoft (R) QuickBASIC Compiler Version 4.50

 0030   0006    Declare Sub      uglSetWrkPage  (Byval wrkPage As Integer)
 0030   0006            
 0030   0006        
 0030   0006    Declare Function uglNew&        (Byval typ As Integer, _
 0030   0006                                     Byval fmt As Integer, _
 0030   0006                                     Byval xRes As Integer, _ 
 0030   0006                                     Byval yRes As Integer)
 0030   0006    
 0030   0006    Declare Function uglNewMult%    (dcArray() As Long, _
 0030   0006                                     Byval dcs As Integer, _
 0030   0006                                     Byval typ As Integer, _
 0030   0006                                     Byval fmt As Integer, _
 0030   0006                                     Byval xRes As Integer, _ 
 0030   0006                                     Byval yRes As Integer)
 0030   0006    
 0030   0006    Declare Function uglNewBMP&     (Byval typ As Integer, _
 0030   0006                                     Byval fmt As Integer, _
 0030   0006                                     flname As string)
 0030   0006    
 0030   0006    Declare Function uglNewBMPEx&   (Byval typ As Integer, _
 0030   0006                                     Byval fmt As Integer, _
 0030   0006                                     flname As string, _
 0030   0006                                     Byval opt As Integer)
 0030   0006    
 0030   0006    Declare Sub      uglDel         (Seg dc As Long)
 0030   0006    
 0030   0006    Declare Sub      uglDelMult     (dcArray() As Long)
 0030   0006    
 0030   0006    
 0030   0006    Declare Sub      uglSetClipRect (Byval dc As Long, _
 0030   0006                                     Seg cr As CLIPRECT)
 0030   0006    
 0030   0006    Declare Sub      uglGetClipRect (Byval dc As Long, _
 0030   0006                                     Seg cr As CLIPRECT)
 0030   0006    
 0030   0006    Declare Sub      uglGetSetClipRect _
 0030   0006                                    (Byval dc As Long, _
 0030   0006                                     Seg inCr As CLIPRECT, _
 0030   0006                                     Seg outCr As CLIPRECT)
 0030   0006    
 0030   0006    Declare Sub      uglDCGet       (Byval dc As Long, _
 0030   0006                                     Seg dcInfo As TDC)
 0030   0006    
 0030   0006    Declare Function uglDCAccessRd& (Byval dc As Long, _
 0030   0006                                     Byval y As Integer)
 0030   0006    
 0030   0006    Declare Function uglDCAccessWr& (Byval dc As Long, _
 0030   0006                                     Byval y As Integer)
 0030   0006    
 0030   0006    Declare Function uglDCAccessRdWr& (Byval dc As Long, _
 0030   0006                                     Byval y As Integer, _
 0030   0006                                     rdPtr As Long)
 0030   0006    
 0030   0006    
                                                                      PAGE   6
                                                                      13 Sep 26
                                                                      16:54:41
Offset  Data    Source Line      Microsoft (R) QuickBASIC Compiler Version 4.50

 0030   0006    Declare Function uglColor32&    (Byval red As Integer, _
 0030   0006                                     Byval green As Integer, _
 0030   0006                                     Byval blue As Integer)
 0030   0006    
 0030   0006    Declare Function uglColor16&    (Byval red As Integer, _
 0030   0006                                     Byval green As Integer, _
 0030   0006                                     Byval blue As Integer)
 0030   0006    
 0030   0006    Declare Function uglColor15&    (Byval red As Integer, _
 0030   0006                                     Byval green As Integer, _
 0030   0006                                     Byval blue As Integer)
 0030   0006    
 0030   0006    Declare Function uglColor8&     (Byval red As Integer, _
 0030   0006                                     Byval green As Integer, _
 0030   0006                                     Byval blue As Integer)
 0030   0006    
 0030   0006    Declare Function uglColor&      (Byval fmt As Integer, _
 0030   0006                                     Byval red As Integer, _
 0030   0006                                     Byval green As Integer, _
 0030   0006                                     Byval blue As Integer)
 0030   0006    
 0030   0006    Declare Function uglColors&     (Byval fmt As Integer)
 0030   0006    
 0030   0006    Declare Function uglColorsEx&   (Byval dc As Long)
 0030   0006    
 0030   0006    
 0030   0006    Declare Sub      uglPSet        (Byval dc As Long, _
 0030   0006                                     Byval x As Integer, _
 0030   0006                                     Byval y As Integer, _ 
 0030   0006                                     Byval clr As long)
 0030   0006    
 0030   0006    Declare Function uglPGet&       (Byval dc As Long, _ 
 0030   0006                                     Byval x As Integer, _
 0030   0006                                     Byval y As Integer)
 0030   0006            
 0030   0006    
 0030   0006    Declare Sub      uglHLine       (Byval dc As Long, _
 0030   0006                                     Byval x1 As Integer, _ 
 0030   0006                                     Byval y As Integer, _
 0030   0006                                     Byval x2 As Integer, _
 0030   0006                                     Byval clr As long)
 0030   0006                    
 0030   0006    Declare Sub      uglVLine       (Byval dc As Long, _
 0030   0006                                     Byval x As Integer, _ 
 0030   0006                                     Byval y1 As Integer, _
 0030   0006                                     Byval y2 As Integer, _
 0030   0006                                     Byval clr As long)
 0030   0006    
 0030   0006    Declare Sub      uglLine        (Byval dc As Long, _
 0030   0006                                     Byval x1 As Integer, _ 
 0030   0006                                     Byval y1 As Integer, _
 0030   0006                                     Byval x2 As Integer, _
 0030   0006                                     Byval y2 As Integer, _
 0030   0006                                     Byval clr As long)
                                                                      PAGE   7
                                                                      13 Sep 26
                                                                      16:54:41
Offset  Data    Source Line      Microsoft (R) QuickBASIC Compiler Version 4.50

 0030   0006                    
 0030   0006    
 0030   0006    Declare Sub      uglRect        (Byval dc As Long, _
 0030   0006                                     Byval x1 As Integer, _
 0030   0006                                     Byval y1 As Integer, _
 0030   0006                                     Byval x2 As Integer, _
 0030   0006                                     Byval y2 As Integer, _
 0030   0006                                     Byval clr As Long)
 0030   0006    
 0030   0006    Declare Sub      uglRectF       (Byval dc As Long, _
 0030   0006                                     Byval x1 As Integer, _
 0030   0006                                     Byval y1 As Integer, _
 0030   0006                                     Byval x2 As Integer, _
 0030   0006                                     Byval y2 As Integer, _
 0030   0006                                     Byval clr As Long)
 0030   0006    
 0030   0006    
 0030   0006    Declare Sub      uglCircle      (Byval dc As Long, _
 0030   0006                                     Byval cx As Integer, _ 
 0030   0006                                     Byval cy As Integer, _
 0030   0006                                     Byval radius As Long, _
 0030   0006                                     Byval clr As long)
 0030   0006                    
 0030   0006    Declare Sub      uglCircleF     (Byval dc As Long, _
 0030   0006                                     Byval cx As Integer, _ 
 0030   0006                                     Byval cy As Integer, _
 0030   0006                                     Byval radius As Long, _
 0030   0006                                     Byval clr As long)
 0030   0006                    
 0030   0006    Declare Sub      uglEllipse     (Byval dc As Long, _
 0030   0006                                     Byval cx As Integer, _ 
 0030   0006                                     Byval cy As Integer, _
 0030   0006                                     Byval rx As Integer, _
 0030   0006                                     Byval ry As Integer, _
 0030   0006                                     Byval clr As long)
 0030   0006    
 0030   0006    Declare Sub      uglEllipseF    (Byval dc As Long, _
 0030   0006                                     Byval cx As Integer, _ 
 0030   0006                                     Byval cy As Integer, _
 0030   0006                                     Byval rx As Integer, _
 0030   0006                                     Byval ry As Integer, _
 0030   0006                                     Byval clr As long)
 0030   0006    
 0030   0006    
 0030   0006    Declare Sub      uglPoly        (Byval dc As Long, _
 0030   0006                                     Seg pntArray As PNT2D, _
 0030   0006                                     Byval points As Integer, _
 0030   0006                                     Byval clr As Long)
 0030   0006    
 0030   0006    Declare Sub      uglPolyF       (Byval dc As Long, _
 0030   0006                                     Seg pntArray As PNT2D, _
 0030   0006                                     Byval points As Integer, _
 0030   0006                                     Byval clr As Long)
 0030   0006    
                                                                      PAGE   8
                                                                      13 Sep 26
                                                                      16:54:41
Offset  Data    Source Line      Microsoft (R) QuickBASIC Compiler Version 4.50

 0030   0006    Declare Sub      uglPolyPoly    (Byval dc As Long, _
 0030   0006                                     Seg pntArray As PNT2D, _
 0030   0006                                     Seg cntArray As Integer, _
 0030   0006                                     Byval polygons As Integer, _
 0030   0006                                     Byval clr As Long)
 0030   0006    
 0030   0006    Declare Sub      uglPolyPolyF   (Byval dc As Long, _
 0030   0006                                     Seg pntArray As PNT2D, _
 0030   0006                                     Seg cntArray As Integer, _
 0030   0006                                     Byval points As Integer, _
 0030   0006                                     Byval polygons As Integer, _
 0030   0006                                     Byval clr As Long)
 0030   0006    
 0030   0006    Declare Sub      uglFxPoly      (Byval dc As Long, _
 0030   0006                                     Seg pntArray As PNT2DF, _
 0030   0006                                     Byval points As Integer, _
 0030   0006                                     Byval clr As Long)
 0030   0006    
 0030   0006    Declare Sub      uglFxPolyF     (Byval dc As Long, _
 0030   0006                                     Seg pntArray As PNT2DF, _
 0030   0006                                     Byval points As Integer, _
 0030   0006                                     Byval clr As Long)
 0030   0006    
 0030   0006    Declare Sub      uglFxPolyPoly  (Byval dc As Long, _
 0030   0006                                     Seg pntArray As PNT2DF, _
 0030   0006                                     Seg cntArray As Integer, _
 0030   0006                                     Byval polygons As Integer, _
 0030   0006                                     Byval clr As Long)
 0030   0006    
 0030   0006    Declare Sub      uglFxPolyPolyF (Byval dc As Long, _
 0030   0006                                     Seg pntArray As PNT2DF, _
 0030   0006                                     Seg cntArray As Integer, _
 0030   0006                                     Byval points As Integer, _
 0030   0006                                     Byval polygons As Integer, _
 0030   0006                                     Byval clr As Long)
 0030   0006    
 0030   0006    
 0030   0006    Declare Sub      uglQuadricBez  (Byval dc As Long, _
 0030   0006                                     Seg cbz As QUADBEZ, _ 
 0030   0006                                     Byval levels As Integer, _
 0030   0006                                     Byval clr As long)
 0030   0006    
 0030   0006    Declare Sub      uglCubicBez    (Byval dc As Long, _
 0030   0006                                     Seg cbz As CUBICBEZ, _ 
 0030   0006                                     Byval levels As Integer, _
 0030   0006                                     Byval clr As long)
 0030   0006                     
 0030   0006    
 0030   0006    Declare Sub      uglClear       (Byval dc As Long, _
 0030   0006                                     Byval clr As Long)
 0030   0006    
 0030   0006    
 0030   0006    Declare Sub      uglRowRead     (Byval dc As Long, _ 
 0030   0006                                     Byval x As Integer, _
                                                                      PAGE   9
                                                                      13 Sep 26
                                                                      16:54:41
Offset  Data    Source Line      Microsoft (R) QuickBASIC Compiler Version 4.50

 0030   0006                                     Byval y As Integer, _
 0030   0006                                     Byval pixels As Integer, _
 0030   0006                                     Byval bufferFmt As Integer, _
 0030   0006                                     Byval buffer As Long)
 0030   0006    
 0030   0006    Declare Sub      uglRowReadBuff         Alias "uglRowRead" (Byv
                al dc As Long, _ 
 0030   0006                                     Byval x As Integer, _
 0030   0006                                     Byval y As Integer, _
 0030   0006                                     Byval pixels As Integer, _
 0030   0006                                     Byval bufferFmt As Integer, _
 0030   0006                                     Byval buffer As Long)
 0030   0006    
 0030   0006    Declare Sub      uglRowWrite    (Byval dc As Long, _ 
 0030   0006                                     Byval x As Integer, _
 0030   0006                                     Byval y As Integer, _
 0030   0006                                     Byval pixels As Integer, _
 0030   0006                                     Byval bufferFmt As Integer, _
 0030   0006                                     Byval buffer As Long)
 0030   0006    
 0030   0006    Declare Sub      uglRowWriteBuff Alias "uglRowWrite" (Byval dc 
                As Long, _ 
 0030   0006                                     Byval x As Integer, _
 0030   0006                                     Byval y As Integer, _
 0030   0006                                     Byval pixels As Integer, _
 0030   0006                                     Byval bufferFmt As Integer, _ 
                                                
 0030   0006                                     Seg buffer As Any)
 0030   0006    
 0030   0006    Declare Sub      uglRowWriteEx  (Byval dc As Long, _ 
 0030   0006                                     Byval x As Integer, _
 0030   0006                                     Byval y As Integer, _
 0030   0006                                     Byval pixels As Integer, _
 0030   0006                                     Byval bufferFmt As Integer, _
 0030   0006                                     Byval buffer As Long, _
 0030   0006                                     Byval opt As Integer)
 0030   0006    
 0030   0006    Declare Sub      uglRowSetPal   (Byval dcFmt As Integer, _
 0030   0006                                     Byval bufferFmt As Integer, _
 0030   0006                                     Byval pallete As Long, _
 0030   0006                                     Byval entries As Integer)
 0030   0006    
 0030   0006    
 0030   0006    Declare Sub      uglGet         (Byval srcDc As Long, _
 0030   0006                                     Byval x As Integer, _
 0030   0006                                     Byval y As Integer, _
 0030   0006                                     Byval dstDc As Long)
 0030   0006    
 0030   0006    Declare Sub      uglGetConv     (Byval srcDc As Long, _
 0030   0006                                     Byval x As Integer, _
 0030   0006                                     Byval y As Integer, _
 0030   0006                                     Byval dstDc As Long)
 0030   0006    
 0030   0006    Declare Sub      uglPut         (Byval dstDc As Long, _
                                                                      PAGE  10
                                                                      13 Sep 26
                                                                      16:54:41
Offset  Data    Source Line      Microsoft (R) QuickBASIC Compiler Version 4.50

 0030   0006                                     Byval x As Integer, _
 0030   0006                                     Byval y As Integer, _
 0030   0006                                     Byval srcDc As Long)
 0030   0006    
 0030   0006    Declare Sub      uglPutFlip     (Byval dstDc As Long, _
 0030   0006                                     Byval x As Integer, _
 0030   0006                                     Byval y As Integer, _
 0030   0006                                     Byval mode As Integer, _
 0030   0006                                     Byval srcDc As Long)
 0030   0006    
 0030   0006    declare sub      uglPutRot      (Byval dstDC As Long, _
 0030   0006                                     Byval x As Integer, _
 0030   0006                                     Byval y As Integer, _
 0030   0006                                     Byval angle As Single, _
 0030   0006                                     Byval srcDC As Long )
 0030   0006    
 0030   0006    declare sub      uglPutScl      (Byval dstDC As Long, _
 0030   0006                                     Byval x As Integer, _
 0030   0006                                     Byval y As Integer, _
 0030   0006                                     Byval xScale As Single, _
 0030   0006                                     Byval yScale As Single, _
 0030   0006                                     Byval srcDC As Long )
 0030   0006                                     
 0030   0006    declare sub      uglPutRotScl   (Byval dstDC As Long, _
 0030   0006                                     Byval x As Integer, _
 0030   0006                                     Byval y As Integer, _
 0030   0006                                     Byval angle As Single, _
 0030   0006                                     Byval xScale As Single, _
 0030   0006                                     Byval yScale As Single, _
 0030   0006                                     Byval srcDC As Long )
 0030   0006    
 0030   0006    Declare Sub      uglPutAB       (Byval dstDc As Long, _
 0030   0006                                     Byval x As Integer, _
 0030   0006                                     Byval y As Integer, _
 0030   0006                                     Byval alpha As Integer, _
 0030   0006                                     Byval srcDc As Long)
 0030   0006    
 0030   0006    Declare Sub      uglPutABFlip   (Byval dstDc As Long, _
 0030   0006                                     Byval x As Integer, _
 0030   0006                                     Byval y As Integer, _
 0030   0006                                     Byval alpha As Integer, _
 0030   0006                                     Byval mode As Integer, _
 0030   0006                                     Byval srcDc As Long)
 0030   0006    
 0030   0006    Declare Sub      uglPutConv     (Byval dstDc As Long, _
 0030   0006                                     Byval x As Integer, _
 0030   0006                                     Byval y As Integer, _
 0030   0006                                     Byval srcDc As Long)
 0030   0006    
 0030   0006    Declare Sub      uglPutMsk      (Byval dstDc As Long, _
 0030   0006                                     Byval x As Integer, _
 0030   0006                                     Byval y As Integer, _
 0030   0006                                     Byval srcDc As Long)
 0030   0006    
                                                                      PAGE  11
                                                                      13 Sep 26
                                                                      16:54:41
Offset  Data    Source Line      Microsoft (R) QuickBASIC Compiler Version 4.50

 0030   0006    Declare Sub      uglPutMskFlip  (Byval dstDc As Long, _
 0030   0006                                     Byval x As Integer, _
 0030   0006                                     Byval y As Integer, _
 0030   0006                                     Byval mode As Integer, _
 0030   0006                                     Byval srcDc As Long)
 0030   0006                                     
 0030   0006    declare sub      uglPutMskRot   (Byval dstDC As Long, _
 0030   0006                                     Byval x As Integer, _
 0030   0006                                     Byval y As Integer, _
 0030   0006                                     Byval angle As Single, _
 0030   0006                                     Byval srcDC As Long )
 0030   0006                                     
 0030   0006    declare sub      uglPutMskScl   (Byval dstDC As Long, _
 0030   0006                                     Byval x As Integer, _
 0030   0006                                     Byval y As Integer, _
 0030   0006                                     Byval xScale As Single, _
 0030   0006                                     Byval yScale As Single, _
 0030   0006                                     Byval srcDC As Long )
 0030   0006    
 0030   0006    declare sub      uglPutMskRotScl(Byval dstDC As Long, _
 0030   0006                                     Byval x As Integer, _
 0030   0006                                     Byval y As Integer, _
 0030   0006                                     Byval angle As Single, _
 0030   0006                                     Byval xScale As Single, _
 0030   0006                                     Byval yScale As Single, _
 0030   0006                                     Byval srcDC As Long )
 0030   0006    
 0030   0006    Declare Sub      uglPutMskAB    (Byval dstDc As Long, _
 0030   0006                                     Byval x As Integer, _
 0030   0006                                     Byval y As Integer, _
 0030   0006                                     Byval alpha As Integer, _
 0030   0006                                     Byval srcDc As Long)
 0030   0006    
 0030   0006    Declare Sub      uglPutMskABFlip(Byval dstDc As Long, _
 0030   0006                                     Byval x As Integer, _
 0030   0006                                     Byval y As Integer, _
 0030   0006                                     Byval alpha As Integer, _
 0030   0006                                     Byval mode As Integer, _
 0030   0006                                     Byval srcDc As Long)
 0030   0006    
 0030   0006    Declare Sub      uglPutMskConv  (Byval dstDc As Long, _
 0030   0006                                     Byval x As Integer, _
 0030   0006                                     Byval y As Integer, _
 0030   0006                                     Byval srcDc As Long)
 0030   0006    
 0030   0006    Declare Function uglPutBMP%     (Byval dstDc As Long, _
 0030   0006                                     Byval x As Integer, _
 0030   0006                                     Byval y As Integer, _
 0030   0006                                     flname As string)
 0030   0006                                     
 0030   0006    Declare Function uglPutBMPEx%   (Byval dstDc As Long, _
 0030   0006                                     Byval x As Integer, _
 0030   0006                                     Byval y As Integer, _
 0030   0006                                     flname As string, _
                                                                      PAGE  12
                                                                      13 Sep 26
                                                                      16:54:41
Offset  Data    Source Line      Microsoft (R) QuickBASIC Compiler Version 4.50

 0030   0006                                     Byval opt As Integer)
 0030   0006    
 0030   0006    Declare sub      uglTriF        (Byval dc As Long, _
 0030   0006                                     seg vtx As TriType, _
 0030   0006                                     Byval col As Long)
 0030   0006                                     
 0030   0006    Declare Sub      uglTriG        (Byval dc As Long, _
 0030   0006                                     seg vtx As TriType)
 0030   0006                                     
 0030   0006    Declare Sub      uglTriT        (Byval dstDC As Long, _
 0030   0006                                     seg vtx As TriType, _
 0030   0006                                     Byval mask As Integer, _
 0030   0006                                     Byval srcDC As Long)
 0030   0006                                     
 0030   0006    Declare Sub      uglTriTP       (Byval dstDC As Long, _
 0030   0006                                     seg vtx As TriType, _
 0030   0006                                     Byval mask As Integer, _
 0030   0006                                     Byval srcDC As Long)
 0030   0006    
 0030   0006    Declare Sub      uglTriFM       (Byval dstDC As Long, _
 0030   0006                                     seg vtx As TriType, _
 0030   0006                                     byval col as long)
 0030   0006    
 0030   0006    Declare Sub      uglTriGM       (Byval dstDC As Long, _
 0030   0006                                     seg vtx As TriType, _
 0030   0006                                     byval cnt as integer)
 0030   0006    
 0030   0006    
 0030   0006    Declare Sub      uglTriTM       (Byval dstDC As Long, _
 0030   0006                                     seg vtx As TriType, _
 0030   0006                                     byval cnt as integer, _
 0030   0006                                     Byval mask As Integer, _
 0030   0006                                     Byval srcDC As Long)          
                                       
 0030   0006    
 0030   0006    Declare Sub      uglTriTPM      (Byval dstDC As Long, _
 0030   0006                                     seg vtx As TriType, _
 0030   0006                                     byval cnt as integer, _
 0030   0006                                     Byval mask As Integer, _
 0030   0006                                     Byval srcDC As Long)
 0030   0006    
 0030   0006    Declare Sub      uglQuadF       (Byval dc As Long, _
 0030   0006                                     seg vtx As QuadType, _
 0030   0006                                     Byval col As Long)
 0030   0006                                     
 0030   0006    Declare Sub      uglQuadT       (Byval dstDC As Long, _
 0030   0006                                     seg vtx As QuadType, _
 0030   0006                                     Byval mask As Integer, _
 0030   0006                                     Byval srcDC As Long)
 0030   0006    
 0030   0006    
 0030   0006    Declare Sub      uglPalSet      (Byval idx As Integer, _
 0030   0006                                     Byval entries As Integer, _
 0030   0006                                     Byval pal As Long)
                                                                      PAGE  13
                                                                      13 Sep 26
                                                                      16:54:41
Offset  Data    Source Line      Microsoft (R) QuickBASIC Compiler Version 4.50

 0030   0006    
 0030   0006    Declare Sub      uglPalSetBuff alias "uglPalSet" (Byval idx As 
                Integer, _
 0030   0006                                     Byval entries As Integer, _
 0030   0006                                     Seg pal As tRGB)
 0030   0006    
 0030   0006    Declare Sub      uglPalGet      (Byval idx As Integer, _
 0030   0006                                     Byval entries As Integer, _
 0030   0006                                     Byval pal As Long)
 0030   0006    
 0030   0006    Declare Sub      uglPalGetBuff  alias "uglPalGet" (Byval idx As
                 Integer, _
 0030   0006                                     Byval entries As Integer, _
 0030   0006                                     Seg pal As tRGB)
 0030   0006    
 0030   0006    Declare Function uglPalLoad&    (flname As String, _
 0030   0006                                     Byval fmt As Integer)
 0030   0006                                     
 0030   0006    Declare Sub      uglPalUsingLin (byval linpal as integer)
 0030   0006    
 0030   0006    
 0030   0006    
 0030   0006    
 0030   0006    '' some constants for commonly used colors
 0030   0006    Const REDP32&   = 65536&                        '' 2^16
 0030   0006    Const GREENP32& = 256&                          '' 2^8
 0030   0006    Const BLUEP32&  = 1&                            '' 2^0
 0030   0006    
 0030   0006    Const REDP16&   = 2048&                         '' 2^11
 0030   0006    Const GREENP16& = 32&                           '' 2^5
 0030   0006    Const BLUEP16&  = 1&                            '' 2^0
 0030   0006    
 0030   0006    Const REDP15&   = 1024&                         '' 2^10
 0030   0006    Const GREENP15& = 32&                           '' 2^5
 0030   0006    Const BLUEP15&  = 1&                            '' 2^0
 0030   0006    
 0030   0006    Const REDP8&    = 32&                           '' 2^5
 0030   0006    Const GREENP8&  = 4&                            '' 2^2
 0030   0006    Const BLUEP8&   = 1&                            '' 2^0
 0030   0006    
 0030   0006    Const UGL.BLACK32&      = (&h00&*REDP32)+(&h00&*GREENP32)+(&h00
                &*BLUEP32)
 0030   0006    Const UGL.BLUE32&       = (&h00&*REDP32)+(&h00&*GREENP32)+(&hA8
                &*BLUEP32)
 0030   0006    Const UGL.GREEN32&      = (&h00&*REDP32)+(&hA8&*GREENP32)+(&h00
                &*BLUEP32)
 0030   0006    Const UGL.CYAN32&       = (&h00&*REDP32)+(&hA8&*GREENP32)+(&hA8
                &*BLUEP32)
 0030   0006    Const UGL.RED32&        = (&hA8&*REDP32)+(&h00&*GREENP32)+(&h00
                &*BLUEP32)
 0030   0006    Const UGL.MAGENTA32&    = (&hA8&*REDP32)+(&h00&*GREENP32)+(&hA8
                &*BLUEP32)
 0030   0006    Const UGL.BROWN32&      = (&hA8&*REDP32)+(&h54&*GREENP32)+(&h00
                &*BLUEP32)
                                                                      PAGE  14
                                                                      13 Sep 26
                                                                      16:54:41
Offset  Data    Source Line      Microsoft (R) QuickBASIC Compiler Version 4.50

 0030   0006    Const UGL.WHITE32&      = (&hA8&*REDP32)+(&hA8&*GREENP32)+(&hA8
                &*BLUEP32)
 0030   0006    Const UGL.GREY32&       = (&h54&*REDP32)+(&h54&*GREENP32)+(&h54
                &*BLUEP32)
 0030   0006    Const UGL.LBLUE32&      = (&h54&*REDP32)+(&h54&*GREENP32)+(&hFF
                &*BLUEP32)
 0030   0006    Const UGL.LGREEN32&     = (&h54&*REDP32)+(&hFF&*GREENP32)+(&h54
                &*BLUEP32)
 0030   0006    Const UGL.LCYAN32&      = (&h54&*REDP32)+(&hFF&*GREENP32)+(&hFF
                &*BLUEP32)
 0030   0006    Const UGL.LRED32&       = (&hFF&*REDP32)+(&h54&*GREENP32)+(&h54
                &*BLUEP32)
 0030   0006    Const UGL.LMAGENTA32&   = (&hFF&*REDP32)+(&h54&*GREENP32)+(&hFF
                &*BLUEP32)
 0030   0006    Const UGL.YELLOW32&     = (&hFF&*REDP32)+(&hFF&*GREENP32)+(&h54
                &*BLUEP32)
 0030   0006    Const UGL.BWHITE32&     = (&hFF&*REDP32)+(&hFF&*GREENP32)+(&hFF
                &*BLUEP32)
 0030   0006    Const UGL.BPINK32&      = (&hFF&*REDP32)+(&h00&*GREENP32)+(&hFF
                &*BLUEP32)
 0030   0006    
 0030   0006    Const UGL.BLACK16&      = (&h00&*REDP16)+(&h00&*GREENP16)+(&h00
                &*BLUEP16)
 0030   0006    Const UGL.BLUE16&       = (&h00&*REDP16)+(&h00&*GREENP16)+(&h15
                &*BLUEP16)
 0030   0006    Const UGL.GREEN16&      = (&h00&*REDP16)+(&h2A&*GREENP16)+(&h00
                &*BLUEP16)
 0030   0006    Const UGL.CYAN16&       = (&h00&*REDP16)+(&h2A&*GREENP16)+(&h15
                &*BLUEP16)
 0030   0006    Const UGL.RED16&        = (&h15&*REDP16)+(&h00&*GREENP16)+(&h00
                &*BLUEP16)
 0030   0006    Const UGL.MAGENTA16&    = (&h15&*REDP16)+(&h00&*GREENP16)+(&h15
                &*BLUEP16)
 0030   0006    Const UGL.BROWN16&      = (&h15&*REDP16)+(&h15&*GREENP16)+(&h00
                &*BLUEP16)
 0030   0006    Const UGL.WHITE16&      = (&h15&*REDP16)+(&h2A&*GREENP16)+(&h15
                &*BLUEP16)
 0030   0006    Const UGL.GREY16&       = (&h0A&*REDP16)+(&h15&*GREENP16)+(&h0A
                &*BLUEP16)
 0030   0006    Const UGL.LBLUE16&      = (&h0A&*REDP16)+(&h15&*GREENP16)+(&h1F
                &*BLUEP16)
 0030   0006    Const UGL.LGREEN16&     = (&h0A&*REDP16)+(&h3F&*GREENP16)+(&h0A
                &*BLUEP16)
 0030   0006    Const UGL.LCYAN16&      = (&h0A&*REDP16)+(&h3F&*GREENP16)+(&h1F
                &*BLUEP16)
 0030   0006    Const UGL.LRED16&       = (&h1F&*REDP16)+(&h15&*GREENP16)+(&h0A
                &*BLUEP16)
 0030   0006    Const UGL.LMAGENTA16&   = (&h1F&*REDP16)+(&h15&*GREENP16)+(&h1F
                &*BLUEP16)
 0030   0006    Const UGL.YELLOW16&     = (&h1F&*REDP16)+(&h3F&*GREENP16)+(&h0A
                &*BLUEP16)
 0030   0006    Const UGL.BWHITE16&     = (&h1F&*REDP16)+(&h3F&*GREENP16)+(&h1F
                &*BLUEP16)
 0030   0006    Const UGL.BPINK16&      = (&h1F&*REDP16)+(&h00&*GREENP16)+(&h1F
                                                                      PAGE  15
                                                                      13 Sep 26
                                                                      16:54:41
Offset  Data    Source Line      Microsoft (R) QuickBASIC Compiler Version 4.50

                &*BLUEP16)
 0030   0006    
 0030   0006    Const UGL.BLACK15&      = (&h00&*REDP15)+(&h00&*GREENP15)+(&h00
                &*BLUEP15)
 0030   0006    Const UGL.BLUE15&       = (&h00&*REDP15)+(&h00&*GREENP15)+(&h15
                &*BLUEP15)
 0030   0006    Const UGL.GREEN15&      = (&h00&*REDP15)+(&h15&*GREENP15)+(&h00
                &*BLUEP15)
 0030   0006    Const UGL.CYAN15&       = (&h00&*REDP15)+(&h15&*GREENP15)+(&h15
                &*BLUEP15)
 0030   0006    Const UGL.RED15&        = (&h15&*REDP15)+(&h00&*GREENP15)+(&h00
                &*BLUEP15)
 0030   0006    Const UGL.MAGENTA15&    = (&h15&*REDP15)+(&h00&*GREENP15)+(&h15
                &*BLUEP15)
 0030   0006    Const UGL.BROWN15&      = (&h15&*REDP15)+(&h0A&*GREENP15)+(&h00
                &*BLUEP15)
 0030   0006    Const UGL.WHITE15&      = (&h15&*REDP15)+(&h15&*GREENP15)+(&h15
                &*BLUEP15)
 0030   0006    Const UGL.GREY15&       = (&h0A&*REDP15)+(&h0A&*GREENP15)+(&h0A
                &*BLUEP15)
 0030   0006    Const UGL.LBLUE15&      = (&h0A&*REDP15)+(&h0A&*GREENP15)+(&h1F
                &*BLUEP15)
 0030   0006    Const UGL.LGREEN15&     = (&h0A&*REDP15)+(&h1F&*GREENP15)+(&h0A
                &*BLUEP15)
 0030   0006    Const UGL.LCYAN15&      = (&h0A&*REDP15)+(&h1F&*GREENP15)+(&h1F
                &*BLUEP15)
 0030   0006    Const UGL.LRED15&       = (&h1F&*REDP15)+(&h0A&*GREENP15)+(&h0A
                &*BLUEP15)
 0030   0006    Const UGL.LMAGENTA15&   = (&h1F&*REDP15)+(&h0A&*GREENP15)+(&h1F
                &*BLUEP15)
 0030   0006    Const UGL.YELLOW15&     = (&h1F&*REDP15)+(&h1F&*GREENP15)+(&h0A
                &*BLUEP15)
 0030   0006    Const UGL.BWHITE15&     = (&h1F&*REDP15)+(&h1F&*GREENP15)+(&h1F
                &*BLUEP15)
 0030   0006    Const UGL.BPINK15&      = (&h1F&*REDP15)+(&h00&*GREENP15)+(&h1F
                &*BLUEP15)
 0030   0006    
 0030   0006    Const UGL.BLACK8&       = (&h00&*REDP8)+(&h00&*GREENP8)+(&h00&*
                BLUEP8)
 0030   0006    Const UGL.BLUE8&        = (&h00&*REDP8)+(&h00&*GREENP8)+(&h02&*
                BLUEP8)
 0030   0006    Const UGL.GREEN8&       = (&h00&*REDP8)+(&h05&*GREENP8)+(&h00&*
                BLUEP8)
 0030   0006    Const UGL.CYAN8&        = (&h00&*REDP8)+(&h05&*GREENP8)+(&h02&*
                BLUEP8)
 0030   0006    Const UGL.RED8&         = (&h05&*REDP8)+(&h00&*GREENP8)+(&h00&*
                BLUEP8)
 0030   0006    Const UGL.MAGENTA8&     = (&h05&*REDP8)+(&h00&*GREENP8)+(&h02&*
                BLUEP8)
 0030   0006    Const UGL.BROWN8&       = (&h05&*REDP8)+(&h02&*GREENP8)+(&h00&*
                BLUEP8)
 0030   0006    Const UGL.WHITE8&       = (&h05&*REDP8)+(&h05&*GREENP8)+(&h02&*
                BLUEP8)
 0030   0006    Const UGL.GREY8&        = (&h02&*REDP8)+(&h02&*GREENP8)+(&h01&*
                                                                      PAGE  16
                                                                      13 Sep 26
                                                                      16:54:41
Offset  Data    Source Line      Microsoft (R) QuickBASIC Compiler Version 4.50

                BLUEP8)
 0030   0006    Const UGL.LBLUE8&       = (&h02&*REDP8)+(&h02&*GREENP8)+(&h03&*
                BLUEP8)
 0030   0006    Const UGL.LGREEN8&      = (&h02&*REDP8)+(&h07&*GREENP8)+(&h01&*
                BLUEP8)
 0030   0006    Const UGL.LCYAN8&       = (&h02&*REDP8)+(&h07&*GREENP8)+(&h03&*
                BLUEP8)
 0030   0006    Const UGL.LRED8&        = (&h07&*REDP8)+(&h02&*GREENP8)+(&h01&*
                BLUEP8)
 0030   0006    Const UGL.LMAGENTA8&    = (&h07&*REDP8)+(&h02&*GREENP8)+(&h03&*
                BLUEP8)
 0030   0006    Const UGL.YELLOW8&      = (&h07&*REDP8)+(&h07&*GREENP8)+(&h01&*
                BLUEP8)
 0030   0006    Const UGL.BWHITE8&      = (&h07&*REDP8)+(&h07&*GREENP8)+(&h03&*
                BLUEP8)
 0030   0006    Const UGL.BPINK8&       = (&h07&*REDP8)+(&h00&*GREENP8)+(&h03&*
                BLUEP8)
 0030   0006    
 0030   0006    TYPE RegType
 0030   0006            ax AS INTEGER
 0030   0006            bx AS INTEGER
 0030   0006            cx AS INTEGER
 0030   0006            dx AS INTEGER
 0030   0006            bp AS INTEGER
 0030   0006            si AS INTEGER
 0030   0006            di AS INTEGER
 0030   0006            flags AS INTEGER
 0030   0006    END TYPE
 0030   0006    DECLARE SUB INTERRUPT (intnum AS INTEGER, inreg AS RegType, out
                reg AS RegType)
 0030   0006    DECLARE SUB Lg (s AS STRING)
 0030   0006    DECLARE FUNCTION Held% (secs AS SINGLE)
 0030   0006    DECLARE SUB Vbe07 (ln AS INTEGER)
 0030   0006    DECLARE FUNCTION Vbe07get$ ()
 0030   0006    DECLARE SUB Crtc (adr AS LONG)
 0030   0006    DECLARE SUB Bands (v AS LONG, pg AS INTEGER, cbas AS INTEGER)
 0030   0006    DECLARE SUB VSplit (ln AS INTEGER)
 0030   0006    DECLARE SUB Marker (v AS LONG, c AS LONG)
 0030   0006    
 0030   0006    DIM SHARED lf AS INTEGER
 0030   0006    DIM v AS LONG, inf AS TDC
 0030   0006    
 0030   0006    lf = FREEFILE
 0030   0028    OPEN "uglscrl.log" FOR OUTPUT AS #lf
 0030   0028    CLOSE #lf
 0030   0028    CALL Lg("UGLSCRL start " + DATE$ + " " + TIME$)
 009B   002C    IF NOT uglInit THEN CALL Lg("uglInit FAILED"): CLOSE #lf: SYSTE
                M
 00E0   0032    v = uglSetVideoDC(UGL.8BIT, 640, 480, 2)
 00E0   0032    IF v = 0 THEN CALL Lg("640x480x2 not available - test needs it"
                ): uglEnd: CLOSE #lf: SYSTEM
 0156   003A    uglDCGet v, inf
 016A   003A    CALL Lg("mode set: bps" + STR$(inf.bps) + " pages" + STR$(inf.p
                ages) + " size" + STR$(inf.size))
                                                                      PAGE  17
                                                                      13 Sep 26
                                                                      16:54:41
Offset  Data    Source Line      Microsoft (R) QuickBASIC Compiler Version 4.50

 01D1   003E    
 01D1   003E    '----- paint both pages once (page 0 rainbow, page 1 shifted so
                 a flip is obvious)
 01D1   003E    CALL Bands(v, 0, 0)
 01EE   0042    CALL Bands(v, 1, 3)
 020B   0046    uglSetWrkPage 0
 0213   0046    uglSetVisPage 0
 021B   0046    
 021B   0046    '----- each phase draws a full-width MARKER STRIPE at screen ro
                ws 464..479 in a
 021B   0046    '----- phase colour, using the split screen (VRAM lines 0..15 s
                hown at the bottom
 021B   0046    '----- always, unaffected by display start) so you can tell pha
                ses apart on film:
 021B   0046    '----- P1 red P2 green P3 yellow P4 magenta P5 cyan P6 white. T
                he TOP band colour
 021B   0046    '----- tells you whether the display actually moved.
 021B   0046    CALL VSplit(463)
 022A   0048    DO
 022A   0048            CALL Marker(v, uglColor(UGL.8BIT, 255, 0, 0))
 024E   004C            CALL Vbe07(0)
 025D   004E            CALL Lg("P1 red    4F07 line 0   want top RED         g
                etback:" + Vbe07get$)
 0295   0056            IF Held%(4) THEN EXIT DO
 02B7   005C    
 02B7   005C            CALL Marker(v, uglColor(UGL.8BIT, 0, 255, 0))
 02DB   0060            CALL Vbe07(32)
 02EA   0062            CALL Lg("P2 green  4F07 line 32  VESA scroll? top GREEN
                 getback:" + Vbe07get$)
 0322   006A            IF Held%(4) THEN EXIT DO
 0344   0070    
 0344   0070            CALL Marker(v, uglColor(UGL.8BIT, 255, 255, 0))
 0368   0074            CALL Vbe07(96)
 0377   0076            CALL Lg("P3 yellow 4F07 line 96  VESA scroll? top YELLO
                W getback:" + Vbe07get$)
 03AF   007E            IF Held%(4) THEN EXIT DO
 03D1   0084    
 03D1   0084            CALL Vbe07(0)
 03E0   0086            CALL Marker(v, uglColor(UGL.8BIT, 255, 0, 255))
 0407   008A            uglSetVisPage 1
 0410   008A            CALL Lg("P4 magenta uglSetVisPage 1 page flip? colours 
                shift")
 042F   008E            IF Held%(4) THEN EXIT DO
 0451   0094            uglSetVisPage 0
 0459   0094    
 0459   0094            CALL Marker(v, uglColor(UGL.8BIT, 0, 255, 255))
 047B   0098            CALL Crtc(8192)
 0490   009C            CALL Lg("P5 cyan   CRTC 0C/0D=8192  dword card? top GRE
                EN line32")
 04AF   00A0            IF Held%(4) THEN EXIT DO
 04D1   00A6    
 04D1   00A6            CALL Marker(v, uglColor(UGL.8BIT, 255, 255, 255))
 04F3   00AA            CALL Crtc(32768)
 0508   00AE            CALL Lg("P6 white  CRTC 0C/0D=32768 byte card? top GREE
                                                                      PAGE  18
                                                                      13 Sep 26
                                                                      16:54:41
Offset  Data    Source Line      Microsoft (R) QuickBASIC Compiler Version 4.50

                N line32")
 0527   00B2            IF Held%(4) THEN EXIT DO
 0549   00B8            CALL Crtc(0)
 055E   00BC    LOOP
 0562   00BC    
 0562   00BC    CALL Vbe07(0)
 0571   00BE    CALL Crtc(0)
 0586   00C2    uglRestore
 058B   00C2    uglEnd
 0590   00C2    SCREEN 0: WIDTH 80
 0590   00C2    CALL Lg("DONE")
 05CC   00C6    CLOSE #lf
 05CC   00C6    END
 05CC   00C6    
 05CC   00C6    '----- 32px colour bands with a white ruler bar (width = VRAM l
                ine / 2) on each
 05CC   00C6    SUB Bands (v AS LONG, pg AS INTEGER, cbas AS INTEGER)
 05E9   00C6            DIM py AS INTEGER, bi AS INTEGER, col AS LONG, w AS INT
                EGER, vln AS INTEGER
 05E9   00C6            uglSetWrkPage pg
 05F3   00C6            bi = 0
 05F3   00C6            FOR py = 0 TO 479 STEP 32
 05FE   00C6                    SELECT CASE (bi + cbas) MOD 6
 05FE   00C6                            CASE 0: col = uglColor(UGL.8BIT, 255, 0
                , 0)
 05FE   00C6                            CASE 1: col = uglColor(UGL.8BIT, 0, 255
                , 0)
 063F   00C6                            CASE 2: col = uglColor(UGL.8BIT, 0, 0, 
                255)
 066D   00C6                            CASE 3: col = uglColor(UGL.8BIT, 255, 2
                55, 0)
 0699   00C6                            CASE 4: col = uglColor(UGL.8BIT, 0, 255
                , 255)
 06C7   00C6                            CASE 5: col = uglColor(UGL.8BIT, 255, 2
                55, 255)
 06F3   00C6                    END SELECT
 071F   00C6                    uglRectF v, 0, py, 639, py + 31, col
 0743   00C6                    vln = pg * 480 + py
 0743   00C6                    w = vln \ 2
 0743   00C6                    IF w > 639 THEN w = 639
 0769   00C6                    uglRectF v, 0, py, w, py + 3, uglColor(UGL.8BIT
                , 255, 255, 255)
 07A0   00C6                    uglRectF v, 0, py + 4, w, py + 5, uglColor(UGL.
                8BIT, 0, 0, 0)
 07D8   00C6                    bi = bi + 1
 07D8   00C6            NEXT
 07EC   00C6    END SUB
 07F4   00C6    
 07F4   00C6    '----- direct CRTC start address: CR0Ch = bits 15..8, CR0Dh = b
                its 7..0
 07F4   00C6    SUB Crtc (adr AS LONG)
 07FF   00C6            OUT &H3D4, &HC: OUT &H3D5, (adr \ 256) AND 255
 07FF   00C6            OUT &H3D4, &HD: OUT &H3D5, adr AND 255
 07FF   00C6    END SUB
                                                                      PAGE  19
                                                                      13 Sep 26
                                                                      16:54:41
Offset  Data    Source Line      Microsoft (R) QuickBASIC Compiler Version 4.50

 0841   00C6    
 0841   00C6    '----- phase marker: full-width stripe at VRAM lines 0..15 (sho
                wn at the screen
 0841   00C6    '----- bottom by the split, always visible regardless of displa
                y start)
 0841   00C6    SUB Marker (v AS LONG, c AS LONG)
 084C   00C6            uglSetWrkPage 0
 0854   00C6            uglRectF v, 0, 0, 639, 15, c
 0875   00C6            uglSetWrkPage 0
 087D   00C6    END SUB
 0885   00C6    
 0885   00C6    '----- VGA split screen: line compare (18h low 8, 07h bit4 = bi
                t8, 09h bit6 = bit9);
 0885   00C6    '----- screen lines after ln show VRAM from address 0
 0885   00C6    SUB VSplit (ln AS INTEGER)
 0890   00C6            DIM vv AS INTEGER
 0890   00C6            OUT &H3D4, &H18: OUT &H3D5, ln AND 255
 0890   00C6            OUT &H3D4, 7: vv = INP(&H3D5)
 0890   00C6            IF ln AND 256 THEN vv = vv OR 16 ELSE vv = vv AND &HEF
 08D2   00C6            OUT &H3D5, vv
 08D2   00C6            OUT &H3D4, 9: vv = INP(&H3D5)
 08D2   00C6            IF ln AND 512 THEN vv = vv OR 64 ELSE vv = vv AND &HBF
 090B   00C6            OUT &H3D5, vv
 090B   00C6    END SUB
 091A   00C6    
 091A   00C6    FUNCTION Held% (secs AS SINGLE)
 0925   00C6            DIM t9 AS SINGLE, d9 AS SINGLE
 0925   00C6            Held% = 0
 0925   00C6            t9 = TIMER
 0925   00C6            DO
 093A   00C6                    IF INKEY$ <> "" THEN Held% = -1: EXIT FUNCTION
 0956   00C6                    d9 = TIMER - t9: IF d9 < 0 THEN d9 = d9 + 86400
 098E   00C6            LOOP WHILE d9 < secs
 098E   00C6    END FUNCTION
 09AC   00C6    
 09AC   00C6    SUB Lg (s AS STRING)
 09B7   00C6            DIM f AS INTEGER
 09B7   00C6            f = FREEFILE
 09B7   00C6            OPEN "uglscrl.log" FOR APPEND AS #f
 09B7   00C6            PRINT #f, s
 09B7   00C6            CLOSE #f
 09B7   00C6    END SUB
 09F7   00C6    
 09F7   00C6    '----- VESA set display start (4F07h BL=0): x pixel 0, scanline
                 ln
 09F7   00C6    SUB Vbe07 (ln AS INTEGER)
 0A02   00C6            DIM r AS RegType, r2 AS RegType, vi AS INTEGER
 0A02   00C6            vi = &H10
 0A02   00C6            r.ax = &H4F07: r.bx = 0: r.cx = 0: r.dx = ln
 0A02   00C6            r.bp = 0: r.si = 0: r.di = 0: r.flags = 0
 0A02   00C6            CALL INTERRUPT(vi, r, r2)
 0A43   00C6    END SUB
 0A4B   00C6    
 0A4B   00C6    '----- VESA get display start (4F07h BL=1): returns "cx=.. dx=.
                                                                      PAGE  20
                                                                      13 Sep 26
                                                                      16:54:41
Offset  Data    Source Line      Microsoft (R) QuickBASIC Compiler Version 4.50

                ." (dx should echo the line)
 0A4B   00C6    FUNCTION Vbe07get$
 0A56   00C6            DIM r AS RegType, r2 AS RegType, vi AS INTEGER
 0A56   00C6            vi = &H10
 0A56   00C6            r.ax = &H4F07: r.bx = 1: r.cx = 0: r.dx = 0
 0A56   00C6            r.bp = 0: r.si = 0: r.di = 0: r.flags = 0
 0A56   00C6            CALL INTERRUPT(vi, r, r2)
 0A94   00C6            Vbe07get$ = "ax " + HEX$(r2.ax) + " cx " + HEX$(r2.cx) 
                + " dx " + HEX$(r2.dx)
 0A94   00C6    END FUNCTION
 0B0E   00C6    
 0B13   00C6    

43885 Bytes Available
15687 Bytes Free

    0 Warning Error(s)
    0 Severe  Error(s)
