
 Start  Stop   Length Name                   Class
 00000H 0063DH 0063EH UGLTEST8_CODE          BC_CODE
 0063EH 0582FH 051F2H CODE                   CODE
 05830H 05928H 000F9H INIT_CODE              CODE
 05930H 05F52H 00623H _TEXT                  CODE
 05F60H 0838FH 02430H EMULATOR_TEXT          CODE
 08390H 08496H 00107H INTRPT_TEXT            CODE
 08498H 08498H 00000H DOSFILE_TEXT           CODE
 08498H 0A08BH 01BF4H dos_text               CODE
 0A08CH 0A08CH 00000H DOSMEM_TEXT            CODE
 0A08CH 0A08CH 00000H DOSBFILE_TEXT          CODE
 0A08CH 0A08CH 00000H EMSALLOC_TEXT          CODE
 0A08CH 0A6F4H 00669H ems_text               CODE
 0A6F6H 0A6F6H 00000H EMSBLOCK_TEXT          CODE
 0A6F6H 0A6F6H 00000H EMSFILL_TEXT           CODE
 0A6F6H 0A6F6H 00000H EMSFREE_TEXT           CODE
 0A6F6H 0A6F6H 00000H EMSHEAP_TEXT           CODE
 0A6F6H 0A6F6H 00000H EMSMAP_TEXT            CODE
 0A6F6H 0AA11H 0031CH MDVBE_TEXT             CODE
 0AA12H 0AA12H 00000H MDARCH_TEXT            CODE
 0AA12H 0AB71H 00160H MSCMISC_TEXT           CODE
 0AB72H 0AD8FH 0021EH MSCCPU_TEXT            CODE
 0AD90H 0AF4AH 001BBH MSCEXITQ_TEXT          CODE
 0AF4CH 0AFBBH 00070H DCTBNK_TEXT            CODE
 0AFC0H 0F7A2H 047E3H ugl_text               CODE
 0F7A4H 0F8B4H 00111H DCTEMS_TEXT            CODE
 0F8B6H 0F9ACH 000F7H DCTMEM_TEXT            CODE
 0F9AEH 0FBC2H 00215H 8MAIN_TEXT             CODE
 0FBC4H 0FC11H 0004EH 8CONV_TEXT             CODE
 0FC12H 0FC12H 00000H 8PIXEL_TEXT            CODE
 0FC12H 0FC12H 00000H 8LINE_TEXT             CODE
 0FC12H 0FC12H 00000H 8VLINE_TEXT            CODE
 0FC12H 0FC12H 00000H 8PUTM_TEXT             CODE
 0FC12H 0FC12H 00000H 8PUTB_TEXT             CODE
 0FC12H 0FC12H 00000H 8HFLIP_TEXT            CODE
 0FC12H 0FC12H 00000H 8PLXF_TEXT             CODE
 0FC12H 0FC12H 00000H 8PLXG_TEXT             CODE
 0FC12H 0FC12H 00000H 8PLXT_TEXT             CODE
 0FC12H 0FC12H 00000H 8PLXTP_TEXT            CODE
 0FC12H 0FC12H 00000H 8CONV_M_TEXT           CODE
 0FC12H 0FCF6H 000E5H 15MAIN_TEXT            CODE
 0FCF8H 0FD4BH 00054H 15CONV_TEXT            CODE
 0FD4CH 0FD4CH 00000H 15PUTM_TEXT            CODE
 0FD4CH 0FD4CH 00000H 15HFLIP_TEXT           CODE
 0FD4CH 0FD4CH 00000H 15PLXG_TEXT            CODE
 0FD4CH 0FD4CH 00000H 15PLXT_TEXT            CODE
 0FD4CH 0FD4CH 00000H 15CONV_M_TEXT          CODE
 0FD4CH 0FE2FH 000E4H 16MAIN_TEXT            CODE
 0FE30H 0FE83H 00054H 16CONV_TEXT            CODE
 0FE84H 0FE84H 00000H 16PIXEL_TEXT           CODE
 0FE84H 0FE84H 00000H 16LINE_TEXT            CODE
 0FE84H 0FE84H 00000H 16VLINE_TEXT           CODE
 0FE84H 0FE84H 00000H 16PUTM_TEXT            CODE
 0FE84H 0FE84H 00000H 16HFLIP_TEXT           CODE
 0FE84H 0FE84H 00000H 16PLXF_TEXT            CODE
 0FE84H 0FE84H 00000H 16PLXG_TEXT            CODE
 0FE84H 0FE84H 00000H 16PLXT_TEXT            CODE
 0FE84H 0FE84H 00000H 16CONV_M_TEXT          CODE
 0FE84H 0FF6AH 000E7H 32MAIN_TEXT            CODE
 0FF6CH 0FFA9H 0003EH 32CONV_TEXT            CODE
 0FFAAH 0FFAAH 00000H 32PIXEL_TEXT           CODE
 0FFAAH 0FFAAH 00000H 32LINE_TEXT            CODE
 0FFAAH 0FFAAH 00000H 32VLINE_TEXT           CODE
 0FFAAH 0FFAAH 00000H 32PUTM_TEXT            CODE
 0FFAAH 0FFAAH 00000H 32HFLIP_TEXT           CODE
 0FFAAH 0FFAAH 00000H 32PLXF_TEXT            CODE
 0FFAAH 0FFAAH 00000H 32PLXG_TEXT            CODE
 0FFAAH 0FFAAH 00000H 32PLXT_TEXT            CODE
 0FFAAH 0FFAAH 00000H 32CONV_M_TEXT          CODE
 0FFAAH 106CAH 00721H UGLBMP_TEXT            CODE
 106CCH 107BEH 000F3H UGLDC_TEXT             CODE
 107C0H 10831H 00072H UGLDEL_TEXT            CODE
 10832H 10832H 00000H UGLMAIN_TEXT           CODE
 10832H 10832H 00000H UGLMODE_TEXT           CODE
 10832H 10B65H 00334H UGLNEW_TEXT            CODE
 10B66H 10B84H 0001FH UGLROW_TEXT            CODE
 10B86H 10B86H 00000H C_ETEXT                ENDCODE
 10B86H 10B8DH 00008H FAR_HDR                FAR_MSG
 10B8EH 111DAH 0064DH FAR_MSG                FAR_MSG
 111DBH 111DCH 00002H FAR_PAD                FAR_MSG
 111DDH 111DDH 00001H FAR_EPAD               FAR_MSG
 111E0H 1134FH 00170H EMULATOR_DATA          FAR_DATA
 11350H 11350H 00000H BR_DATA                BLANK
 11350H 1137FH 00030H BR_SKYS                BLANK
 11380H 11380H 00000H COMMON                 BLANK
 11380H 11401H 00082H BC_DATA                BC_VARS
 11402H 11407H 00006H NMALLOC                BC_VARS
 11408H 11408H 00000H ENMALLOC               BC_VARS
 11408H 11408H 00000H BC_FT                  BC_SEGS
 11410H 1152BH 0011CH BC_CN                  BC_SEGS
 11530H 11532H 00003H BC_DS                  BC_SEGS
 11534H 11534H 00000H BC_SAB                 BC_SEGS
 11534H 11537H 00004H BC_SA                  BC_SEGS
 11538H 1153BH 00004H BC_SAE                 BC_SEGS
 1153CH 1186BH 00330H _BSS                   DATA
 1186CH 127A3H 00F38H _DATA                  DATA
 127A4H 127FFH 0005CH CONST                  DATA
 12800H 12800H 00000H XIB                    DATA
 12800H 1282FH 00030H XI                     DATA
 12830H 12830H 00000H XIE                    DATA
 12830H 1292CH 000FDH BR_DATA                DATA
 1292EH 12939H 0000CH DBDATA                 DATA
 1293AH 12947H 0000EH CDATA                  DATA
 12948H 12948H 00000H XIFB                   DATA
 12948H 12948H 00000H XIF                    DATA
 12948H 12948H 00000H XIFE                   DATA
 12948H 12948H 00000H XPB                    DATA
 12948H 12948H 00000H XP                     DATA
 12948H 12948H 00000H XPE                    DATA
 12948H 12948H 00000H XCB                    DATA
 12948H 1294BH 00004H XC                     DATA
 1294CH 1294CH 00000H XCE                    DATA
 1294CH 1294CH 00000H XCFB                   DATA
 1294CH 1294CH 00000H XCF                    DATA
 1294CH 1294CH 00000H XCFE                   DATA
 1294CH 1294CH 00000H BC_DATA                BC_DATA
 1294CH 129FFH 000B4H CONST                  CONST
 12A00H 12A00H 00000H XOB                    BSS
 12A00H 12A7FH 00080H XO                     BSS
 12A80H 12A80H 00000H XOE                    BSS
 12A80H 12AEFH 00070H _BSS                   BSS
 12AF0H 132EFH 00800H STACK                  STACK

 Origin   Group
 1135:0   DGROUP
 10B8:0   FMGROUP

Program entry point at 0593:00C8
